Component: Arm Compiler for Embedded 6.21 Tool: armlink [5ec1fa00]

==============================================================================

Section Cross References

    startup_stm32f407xx.o(STACK) refers (Special) to heapauxi.o(.text) for __use_two_region_memory
    startup_stm32f407xx.o(HEAP) refers (Special) to heapauxi.o(.text) for __use_two_region_memory
    startup_stm32f407xx.o(RESET) refers (Special) to heapauxi.o(.text) for __use_two_region_memory
    startup_stm32f407xx.o(RESET) refers to startup_stm32f407xx.o(STACK) for __initial_sp
    startup_stm32f407xx.o(RESET) refers to startup_stm32f407xx.o(.text) for Reset_Handler
    startup_stm32f407xx.o(RESET) refers to stm32f4xx_it.o(.text.NMI_Handler) for NMI_Handler
    startup_stm32f407xx.o(RESET) refers to stm32f4xx_it.o(.text.HardFault_Handler) for HardFault_Handler
    startup_stm32f407xx.o(RESET) refers to stm32f4xx_it.o(.text.MemManage_Handler) for MemManage_Handler
    startup_stm32f407xx.o(RESET) refers to stm32f4xx_it.o(.text.BusFault_Handler) for BusFault_Handler
    startup_stm32f407xx.o(RESET) refers to stm32f4xx_it.o(.text.UsageFault_Handler) for UsageFault_Handler
    startup_stm32f407xx.o(RESET) refers to port.o(.text.SVC_Handler) for SVC_Handler
    startup_stm32f407xx.o(RESET) refers to stm32f4xx_it.o(.text.DebugMon_Handler) for DebugMon_Handler
    startup_stm32f407xx.o(RESET) refers to port.o(.text.PendSV_Handler) for PendSV_Handler
    startup_stm32f407xx.o(RESET) refers to port.o(.text.SysTick_Handler) for SysTick_Handler
    startup_stm32f407xx.o(RESET) refers to stm32f4xx_it.o(.text.DMA1_Stream2_IRQHandler) for DMA1_Stream2_IRQHandler
    startup_stm32f407xx.o(RESET) refers to stm32f4xx_it.o(.text.DMA1_Stream4_IRQHandler) for DMA1_Stream4_IRQHandler
    startup_stm32f407xx.o(RESET) refers to stm32f4xx_it.o(.text.CAN1_RX0_IRQHandler) for CAN1_RX0_IRQHandler
    startup_stm32f407xx.o(RESET) refers to stm32f4xx_it.o(.text.TIM3_IRQHandler) for TIM3_IRQHandler
    startup_stm32f407xx.o(RESET) refers to stm32f4xx_it.o(.text.USART1_IRQHandler) for USART1_IRQHandler
    startup_stm32f407xx.o(RESET) refers to stm32f4xx_it.o(.text.DMA2_Stream1_IRQHandler) for DMA2_Stream1_IRQHandler
    startup_stm32f407xx.o(RESET) refers to stm32f4xx_it.o(.text.DMA2_Stream2_IRQHandler) for DMA2_Stream2_IRQHandler
    startup_stm32f407xx.o(RESET) refers to stm32f4xx_it.o(.text.CAN2_RX0_IRQHandler) for CAN2_RX0_IRQHandler
    startup_stm32f407xx.o(RESET) refers to stm32f4xx_it.o(.text.DMA2_Stream7_IRQHandler) for DMA2_Stream7_IRQHandler
    startup_stm32f407xx.o(RESET) refers to stm32f4xx_it.o(.text.USART6_IRQHandler) for USART6_IRQHandler
    startup_stm32f407xx.o(.text) refers (Special) to heapauxi.o(.text) for __use_two_region_memory
    startup_stm32f407xx.o(.text) refers to system_stm32f4xx.o(.text.SystemInit) for SystemInit
    startup_stm32f407xx.o(.text) refers to __main.o(!!!main) for __main
    startup_stm32f407xx.o(.text) refers to startup_stm32f407xx.o(HEAP) for Heap_Mem
    startup_stm32f407xx.o(.text) refers to startup_stm32f407xx.o(STACK) for Stack_Mem
    main.o(.text.main) refers to stm32f4xx_hal.o(.text.HAL_Init) for HAL_Init
    main.o(.text.main) refers to main.o(.text.SystemClock_Config) for SystemClock_Config
    main.o(.text.main) refers to gpio.o(.text.MX_GPIO_Init) for MX_GPIO_Init
    main.o(.text.main) refers to dma.o(.text.MX_DMA_Init) for MX_DMA_Init
    main.o(.text.main) refers to can.o(.text.MX_CAN1_Init) for MX_CAN1_Init
    main.o(.text.main) refers to can.o(.text.MX_CAN2_Init) for MX_CAN2_Init
    main.o(.text.main) refers to usart.o(.text.MX_UART4_Init) for MX_UART4_Init
    main.o(.text.main) refers to usart.o(.text.MX_UART5_Init) for MX_UART5_Init
    main.o(.text.main) refers to usart.o(.text.MX_USART1_UART_Init) for MX_USART1_UART_Init
    main.o(.text.main) refers to usart.o(.text.MX_USART2_UART_Init) for MX_USART2_UART_Init
    main.o(.text.main) refers to usart.o(.text.MX_USART6_UART_Init) for MX_USART6_UART_Init
    main.o(.text.main) refers to spi.o(.text.MX_SPI2_Init) for MX_SPI2_Init
    main.o(.text.main) refers to tim.o(.text.MX_TIM2_Init) for MX_TIM2_Init
    main.o(.text.main) refers to can_receive.o(.text.CAN_Init) for CAN_Init
    main.o(.text.main) refers to usart_rc_dbus.o(.text.RC_init) for RC_init
    main.o(.text.main) refers to gimbal.o(.text.gimbal_init) for gimbal_init
    main.o(.text.main) refers to usart_task.o(.text.USART_485_init) for USART_485_init
    main.o(.text.main) refers to bsp_dwt.o(.text.DWT_Init) for DWT_Init
    main.o(.text.main) refers to spi.o(.bss.hspi2) for hspi2
    main.o(.text.main) refers to bmi088driver.o(.text.BMI088_init) for BMI088_init
    main.o(.text.main) refers to stm32f4xx_hal_gpio.o(.text.HAL_GPIO_TogglePin) for HAL_GPIO_TogglePin
    main.o(.text.main) refers to freertos.o(.text.MX_FREERTOS_Init) for MX_FREERTOS_Init
    main.o(.text.main) refers to cmsis_os.o(.text.osKernelStart) for osKernelStart
[...]
    __rt_lib_init_exceptions_1               0x0800022f   Thumb Code     0  libinit2.o(.ARM.Collect$$libinit$$00000032)
    __rt_lib_init_fp_trap_1                  0x0800022f   Thumb Code     0  libinit2.o(.ARM.Collect$$libinit$$00000021)
    __rt_lib_init_getenv_1                   0x0800022f   Thumb Code     0  libinit2.o(.ARM.Collect$$libinit$$00000025)
    __rt_lib_init_heap_1                     0x0800022f   Thumb Code     0  libinit2.o(.ARM.Collect$$libinit$$0000000C)
    __rt_lib_init_lc_collate_1               0x0800022f   Thumb Code     0  libinit2.o(.ARM.Collect$$libinit$$00000013)
    __rt_lib_init_lc_ctype_1                 0x0800022f   Thumb Code     0  libinit2.o(.ARM.Collect$$libinit$$00000015)
    __rt_lib_init_lc_monetary_1              0x0800022f   Thumb Code     0  libinit2.o(.ARM.Collect$$libinit$$00000017)
    __rt_lib_init_lc_numeric_1               0x0800022f   Thumb Code     0  libinit2.o(.ARM.Collect$$libinit$$00000019)
    __rt_lib_init_lc_time_1                  0x0800022f   Thumb Code     0  libinit2.o(.ARM.Collect$$libinit$$0000001B)
    __rt_lib_init_preinit_1                  0x0800022f   Thumb Code     0  libinit2.o(.ARM.Collect$$libinit$$00000006)
    __rt_lib_init_rand_1                     0x0800022f   Thumb Code     0  libinit2.o(.ARM.Collect$$libinit$$00000010)
    __rt_lib_init_relocate_pie_1             0x0800022f   Thumb Code     0  libinit2.o(.ARM.Collect$$libinit$$00000004)
    __rt_lib_init_return                     0x0800022f   Thumb Code     0  libinit2.o(.ARM.Collect$$libinit$$00000035)
    __rt_lib_init_signal_1                   0x0800022f   Thumb Code     0  libinit2.o(.ARM.Collect$$libinit$$0000001F)
    __rt_lib_init_stdio_1                    0x0800022f   Thumb Code     0  libinit2.o(.ARM.Collect$$libinit$$00000027)
    __rt_lib_init_user_alloc_1               0x0800022f   Thumb Code     0  libinit2.o(.ARM.Collect$$libinit$$0000000E)
    __rt_lib_shutdown                        0x08000231   Thumb Code     0  libshutdown.o(.ARM.Collect$$libshutdown$$00000000)
    __rt_lib_shutdown_cpp_1                  0x08000233   Thumb Code     0  libshutdown2.o(.ARM.Collect$$libshutdown$$00000002)
    __rt_lib_shutdown_fp_trap_1              0x08000233   Thumb Code     0  libshutdown2.o(.ARM.Collect$$libshutdown$$00000007)
    __rt_lib_shutdown_heap_1                 0x08000233   Thumb Code     0  libshutdown2.o(.ARM.Collect$$libshutdown$$0000000F)
    __rt_lib_shutdown_return                 0x08000233   Thumb Code     0  libshutdown2.o(.ARM.Collect$$libshutdown$$00000010)
    __rt_lib_shutdown_signal_1               0x08000233   Thumb Code     0  libshutdown2.o(.ARM.Collect$$libshutdown$$0000000A)
    __rt_lib_shutdown_stdio_1                0x08000233   Thumb Code     0  libshutdown2.o(.ARM.Collect$$libshutdown$$00000004)
    __rt_lib_shutdown_user_alloc_1           0x08000233   Thumb Code     0  libshutdown2.o(.ARM.Collect$$libshutdown$$0000000C)
    __rt_entry                               0x08000235   Thumb Code     0  __rtentry.o(.ARM.Collect$$rtentry$$00000000)
    __rt_entry_presh_1                       0x08000235   Thumb Code     0  __rtentry2.o(.ARM.Collect$$rtentry$$00000002)
    __rt_entry_sh                            0x08000235   Thumb Code     0  __rtentry4.o(.ARM.Collect$$rtentry$$00000004)
    __rt_entry_li                            0x0800023b   Thumb Code     0  __rtentry2.o(.ARM.Collect$$rtentry$$0000000A)
    __rt_entry_postsh_1                      0x0800023b   Thumb Code     0  __rtentry2.o(.ARM.Collect$$rtentry$$00000009)
    __rt_entry_main                          0x0800023f   Thumb Code     0  __rtentry2.o(.ARM.Collect$$rtentry$$0000000D)
    __rt_entry_postli_1                      0x0800023f   Thumb Code     0  __rtentry2.o(.ARM.Collect$$rtentry$$0000000C)
    __rt_exit                                0x08000247   Thumb Code     0  rtexit.o(.ARM.Collect$$rtexit$$00000000)
    __rt_exit_ls                             0x08000249   Thumb Code     0  rtexit2.o(.ARM.Collect$$rtexit$$00000003)
    __rt_exit_prels_1                        0x08000249   Thumb Code     0  rtexit2.o(.ARM.Collect$$rtexit$$00000002)
    __rt_exit_exit                           0x0800024d   Thumb Code     0  rtexit2.o(.ARM.Collect$$rtexit$$00000004)
    Reset_Handler                            0x08000255   Thumb Code     8  startup_stm32f407xx.o(.text)
    ADC_IRQHandler                           0x0800026f   Thumb Code     0  startup_stm32f407xx.o(.text)
    CAN1_RX1_IRQHandler                      0x0800026f   Thumb Code     0  startup_stm32f407xx.o(.text)
    CAN1_SCE_IRQHandler                      0x0800026f   Thumb Code     0  startup_stm32f407xx.o(.text)
    CAN1_TX_IRQHandler                       0x0800026f   Thumb Code     0  startup_stm32f407xx.o(.text)
    CAN2_RX1_IRQHandler                      0x0800026f   Thumb Code     0  startup_stm32f407xx.o(.text)
    CAN2_SCE_IRQHandler                      0x0800026f   Thumb Code     0  startup_stm32f407xx.o(.text)
    CAN2_TX_IRQHandler                       0x0800026f   Thumb Code     0  startup_stm32f407xx.o(.text)
    DCMI_IRQHandler                          0x0800026f   Thumb Code     0  startup_stm32f407xx.o(.text)
    DMA1_Stream0_IRQHandler                  0x0800026f   Thumb Code     0  startup_stm32f407xx.o(.text)
    DMA1_Stream1_IRQHandler                  0x0800026f   Thumb Code     0  startup_stm32f407xx.o(.text)
    DMA1_Stream3_IRQHandler                  0x0800026f   Thumb Code     0  startup_stm32f407xx.o(.text)
    DMA1_Stream5_IRQHandler                  0x0800026f   Thumb Code     0  startup_stm32f407xx.o(.text)
    DMA1_Stream6_IRQHandler                  0x0800026f   Thumb Code     0  startup_stm32f407xx.o(.text)
    DMA1_Stream7_IRQHandler                  0x0800026f   Thumb Code     0  startup_stm32f407xx.o(.text)
    DMA2_Stream0_IRQHandler                  0x0800026f   Thumb Code     0  startup_stm32f407xx.o(.text)
    DMA2_Stream3_IRQHandler                  0x0800026f   Thumb Code     0  startup_stm32f407xx.o(.text)
    DMA2_Stream4_IRQHandler                  0x0800026f   Thumb Code     0  startup_stm32f407xx.o(.text)
    DMA2_Stream5_IRQHandler                  0x0800026f   Thumb Code     0  startup_stm32f407xx.o(.text)
    DMA2_Stream6_IRQHandler                  0x0800026f   Thumb Code     0  startup_stm32f407xx.o(.text)
    ETH_IRQHandler                           0x0800026f   Thumb Code     0  startup_stm32f407xx.o(.text)
    ETH_WKUP_IRQHandler                      0x0800026f   Thumb Code     0  startup_stm32f407xx.o(.text)
    EXTI0_IRQHandler                         0x0800026f   Thumb Code     0  startup_stm32f407xx.o(.text)
    EXTI15_10_IRQHandler                     0x0800026f   Thumb Code     0  startup_stm32f407xx.o(.text)
    EXTI1_IRQHandler                         0x0800026f   Thumb Code     0  startup_stm32f407xx.o(.text)
    EXTI2_IRQHandler                         0x0800026f   Thumb Code     0  startup_stm32f407xx.o(.text)
    EXTI3_IRQHandler                         0x0800026f   Thumb Code     0  startup_stm32f407xx.o(.text)
    EXTI4_IRQHandler                         0x0800026f   Thumb Code     0  startup_stm32f407xx.o(.text)
    EXTI9_5_IRQHandler                       0x0800026f   Thumb Code     0  startup_stm32f407xx.o(.text)
    FLASH_IRQHandler                         0x0800026f   Thumb Code     0  startup_stm32f407xx.o(.text)
    FMC_IRQHandler                           0x0800026f   Thumb Code     0  startup_stm32f407xx.o(.text)
    FPU_IRQHandler                           0x0800026f   Thumb Code     0  startup_stm32f407xx.o(.text)
    HASH_RNG_IRQHandler                      0x0800026f   Thumb Code     0  startup_stm32f407xx.o(.text)
    I2C1_ER_IRQHandler                       0x0800026f   Thumb Code     0  startup_stm32f407xx.o(.text)
    I2C1_EV_IRQHandler                       0x0800026f   Thumb Code     0  startup_stm32f407xx.o(.text)
    I2C2_ER_IRQHandler                       0x0800026f   Thumb Code     0  startup_stm32f407xx.o(.text)
    I2C2_EV_IRQHandler                       0x0800026f   Thumb Code     0  startup_stm32f407xx.o(.text)
    I2C3_ER_IRQHandler                       0x0800026f   Thumb Code     0  startup_stm32f407xx.o(.text)
    I2C3_EV_IRQHandler                       0x0800026f   Thumb Code     0  startup_stm32f407xx.o(.text)
    OTG_FS_IRQHandler                        0x0800026f   Thumb Code     0  startup_stm32f407xx.o(.text)
    OTG_FS_WKUP_IRQHandler                   0x0800026f   Thumb Code     0  startup_stm32f407xx.o(.text)
    OTG_HS_EP1_IN_IRQHandler                 0x0800026f   Thumb Code     0  startup_stm32f407xx.o(.text)
    OTG_HS_EP1_OUT_IRQHandler                0x0800026f   Thumb Code     0  startup_stm32f407xx.o(.text)
    OTG_HS_IRQHandler                        0x0800026f   Thumb Code     0  startup_stm32f407xx.o(.text)
    OTG_HS_WKUP_IRQHandler                   0x0800026f   Thumb Code     0  startup_stm32f407xx.o(.text)
    PVD_IRQHandler                           0x0800026f   Thumb Code     0  startup_stm32f407xx.o(.text)
    RCC_IRQHandler                           0x0800026f   Thumb Code     0  startup_stm32f407xx.o(.text)
    RTC_Alarm_IRQHandler                     0x0800026f   Thumb Code     0  startup_stm32f407xx.o(.text)
    RTC_WKUP_IRQHandler                      0x0800026f   Thumb Code     0  startup_stm32f407xx.o(.text)
    SDIO_IRQHandler                          0x0800026f   Thumb Code     0  startup_stm32f407xx.o(.text)
    SPI1_IRQHandler                          0x0800026f   Thumb Code     0  startup_stm32f407xx.o(.text)
    SPI2_IRQHandler                          0x0800026f   Thumb Code     0  startup_stm32f407xx.o(.text)
    SPI3_IRQHandler                          0x0800026f   Thumb Code     0  startup_stm32f407xx.o(.text)
    TAMP_STAMP_IRQHandler                    0x0800026f   Thumb Code     0  startup_stm32f407xx.o(.text)
    TIM1_BRK_TIM9_IRQHandler                 0x0800026f   Thumb Code     0  startup_stm32f407xx.o(.text)
    TIM1_CC_IRQHandler                       0x0800026f   Thumb Code     0  startup_stm32f407xx.o(.text)
    TIM1_TRG_COM_TIM11_IRQHandler            0x0800026f   Thumb Code     0  startup_stm32f407xx.o(.text)
    TIM1_UP_TIM10_IRQHandler                 0x0800026f   Thumb Code     0  startup_stm32f407xx.o(.text)
    TIM2_IRQHandler                          0x0800026f   Thumb Code     0  startup_stm32f407xx.o(.text)
    TIM4_IRQHandler                          0x0800026f   Thumb Code     0  startup_stm32f407xx.o(.text)
    TIM5_IRQHandler                          0x0800026f   Thumb Code     0  startup_stm32f407xx.o(.text)
    TIM6_DAC_IRQHandler                      0x0800026f   Thumb Code     0  startup_stm32f407xx.o(.text)
    TIM7_IRQHandler                          0x0800026f   Thumb Code     0  startup_stm32f407xx.o(.text)
    TIM8_BRK_TIM12_IRQHandler                0x0800026f   Thumb Code     0  startup_stm32f407xx.o(.text)
    TIM8_CC_IRQHandler                       0x0800026f   Thumb Code     0  startup_stm32f407xx.o(.text)
    TIM8_TRG_COM_TIM14_IRQHandler            0x0800026f   Thumb Code     0  startup_stm32f407xx.o(.text)
    TIM8_UP_TIM13_IRQHandler                 0x0800026f   Thumb Code     0  startup_stm32f407xx.o(.text)
    UART4_IRQHandler                         0x0800026f   Thumb Code     0  startup_stm32f407xx.o(.text)
    UART5_IRQHandler                         0x0800026f   Thumb Code     0  startup_stm32f407xx.o(.text)
    USART2_IRQHandler                        0x0800026f   Thumb Code     0  startup_stm32f407xx.o(.text)
    USART3_IRQHandler                        0x0800026f   Thumb Code     0  startup_stm32f407xx.o(.text)
    WWDG_IRQHandler                          0x0800026f   Thumb Code     0  startup_stm32f407xx.o(.text)
    __user_initial_stackheap                 0x08000271   Thumb Code     0  startup_stm32f407xx.o(.text)
    __aeabi_uldivmod                         0x08000295   Thumb Code     0  lludivv7m.o(.text)
    _ll_udiv                                 0x08000295   Thumb Code   240  lludivv7m.o(.text)
    __use_two_region_memory                  0x08000385   Thumb Code     2  heapauxi.o(.text)
    __rt_heap_escrow$2region                 0x08000387   Thumb Code     2  heapauxi.o(.text)
    __rt_heap_expand$2region                 0x08000389   Thumb Code     2  heapauxi.o(.text)
    __read_errno                             0x0800038b   Thumb Code    10  _rserrno.o(.text)
    __set_errno                              0x08000395   Thumb Code    12  _rserrno.o(.text)
    __aeabi_errno_addr                       0x080003a1   Thumb Code     8  rt_errno_addr_intlibspace.o(.text)
    __errno$intlibspace                      0x080003a1   Thumb Code     0  rt_errno_addr_intlibspace.o(.text)
    __rt_errno_addr$intlibspace              0x080003a1   Thumb Code     0  rt_errno_addr_intlibspace.o(.text)
    __user_libspace                          0x080003a9   Thumb Code     8  libspace.o(.text)
    __user_perproc_libspace                  0x080003a9   Thumb Code     0  libspace.o(.text)
    __user_perthread_libspace                0x080003a9   Thumb Code     0  libspace.o(.text)
    __user_setup_stackheap                   0x080003b1   Thumb Code    74  sys_stackheap_outer.o(.text)
    exit                                     0x080003fb   Thumb Code    18  exit.o(.text)
    _sys_exit                                0x0800040d   Thumb Code     8  sys_exit.o(.text)
    __I$use$semihosting                      0x08000419   Thumb Code     0  use_no_semi.o(.text)
    __use_no_semihosting_swi                 0x08000419   Thumb Code     2  use_no_semi.o(.text)
    __semihosting_library_function           0x0800041b   Thumb Code     0  indicate_semi.o(.text)
    BMI088_ACCEL_NS_H                        0x0800041d   Thumb Code    18  bmi088middleware.o(.text.BMI088_ACCEL_NS_H)
    BMI088_ACCEL_NS_L                        0x08000431   Thumb Code    18  bmi088middleware.o(.text.BMI088_ACCEL_NS_L)
    BMI088_GYRO_NS_H                         0x08000445   Thumb Code    18  bmi088middleware.o(.text.BMI088_GYRO_NS_H)
    BMI088_GYRO_NS_L                         0x08000459   Thumb Code    18  bmi088middleware.o(.text.BMI088_GYRO_NS_L)
    BMI088_Read                              0x0800046d   Thumb Code   546  bmi088driver.o(.text.BMI088_Read)
    BMI088_init                              0x08000691   Thumb Code  1648  bmi088driver.o(.text.BMI088_init)
    BMI088_read_write_byte                   0x08000d0d   Thumb Code    50  bmi088middleware.o(.text.BMI088_read_write_byte)
    BusFault_Handler                         0x08000d41   Thumb Code     2  stm32f4xx_it.o(.text.BusFault_Handler)
    CAN1_RX0_IRQHandler                      0x08000d45   Thumb Code    12  stm32f4xx_it.o(.text.CAN1_RX0_IRQHandler)
    CAN2_RX0_IRQHandler                      0x08000d51   Thumb Code    12  stm32f4xx_it.o(.text.CAN2_RX0_IRQHandler)
    CAN_Init                                 0x08000d5d   Thumb Code    62  can_receive.o(.text.CAN_Init)
    CAN_gimbal_send                          0x08000d9d   Thumb Code    90  can_receive.o(.text.CAN_gimbal_send)
    DMA1_Stream2_IRQHandler                  0x08000df9   Thumb Code    12  stm32f4xx_it.o(.text.DMA1_Stream2_IRQHandler)
    DMA1_Stream4_IRQHandler                  0x08000e05   Thumb Code    12  stm32f4xx_it.o(.text.DMA1_Stream4_IRQHandler)
    DMA2_Stream1_IRQHandler                  0x08000e11   Thumb Code    12  stm32f4xx_it.o(.text.DMA2_Stream1_IRQHandler)
    DMA2_Stream2_IRQHandler                  0x08000e1d   Thumb Code    12  stm32f4xx_it.o(.text.DMA2_Stream2_IRQHandler)
    DMA2_Stream7_IRQHandler                  0x08000e29   Thumb Code    12  stm32f4xx_it.o(.text.DMA2_Stream7_IRQHandler)
    DWT_Delay                                0x08000e35   Thumb Code   124  bsp_dwt.o(.text.DWT_Delay)
    DWT_GetDeltaT                            0x08000eb1   Thumb Code    90  bsp_dwt.o(.text.DWT_GetDeltaT)
    DWT_GetTimeline_s                        0x08000f0d   Thumb Code   204  bsp_dwt.o(.text.DWT_GetTimeline_s)
    DWT_Init                                 0x08000fe1   Thumb Code   100  bsp_dwt.o(.text.DWT_Init)
    DebugMon_Handler                         0x08001045   Thumb Code     2  stm32f4xx_it.o(.text.DebugMon_Handler)
    Error_Handler                            0x08001049   Thumb Code     6  main.o(.text.Error_Handler)
    GIMBAL_Task                              0x08001051   Thumb Code     6  freertos.o(.text.GIMBAL_Task)
    HAL_CAN_ActivateNotification             0x08001059   Thumb Code    46  stm32f4xx_hal_can.o(.text.HAL_CAN_ActivateNotification)
    HAL_CAN_AddTxMessage                     0x08001089   Thumb Code   168  stm32f4xx_hal_can.o(.text.HAL_CAN_AddTxMessage)
    HAL_CAN_ConfigFilter                     0x08001131   Thumb Code   222  stm32f4xx_hal_can.o(.text.HAL_CAN_ConfigFilter)
    HAL_CAN_ErrorCallback                    0x08001211   Thumb Code     2  stm32f4xx_hal_can.o(.text.HAL_CAN_ErrorCallback)
    HAL_CAN_GetRxMessage                     0x08001215   Thumb Code   298  stm32f4xx_hal_can.o(.text.HAL_CAN_GetRxMessage)
    HAL_CAN_IRQHandler                       0x08001341   Thumb Code   606  stm32f4xx_hal_can.o(.text.HAL_CAN_IRQHandler)
    HAL_CAN_Init                             0x080015a1   Thumb Code   244  stm32f4xx_hal_can.o(.text.HAL_CAN_Init)
    HAL_CAN_MspInit                          0x08001695   Thumb Code   286  can.o(.text.HAL_CAN_MspInit)
    HAL_CAN_RxFifo0FullCallback              0x080017b5   Thumb Code     2  stm32f4xx_hal_can.o(.text.HAL_CAN_RxFifo0FullCallback)
    HAL_CAN_RxFifo0MsgPendingCallback        0x080017b9   Thumb Code   168  can_receive.o(.text.HAL_CAN_RxFifo0MsgPendingCallback)
    HAL_CAN_RxFifo1FullCallback              0x08001881   Thumb Code     2  stm32f4xx_hal_can.o(.text.HAL_CAN_RxFifo1FullCallback)
    HAL_CAN_RxFifo1MsgPendingCallback        0x08001885   Thumb Code     2  stm32f4xx_hal_can.o(.text.HAL_CAN_RxFifo1MsgPendingCallback)
    HAL_CAN_SleepCallback                    0x08001889   Thumb Code     2  stm32f4xx_hal_can.o(.text.HAL_CAN_SleepCallback)
    HAL_CAN_Start                            0x0800188d   Thumb Code    90  stm32f4xx_hal_can.o(.text.HAL_CAN_Start)
    HAL_CAN_TxMailbox0AbortCallback          0x080018e9   Thumb Code     2  stm32f4xx_hal_can.o(.text.HAL_CAN_TxMailbox0AbortCallback)
    HAL_CAN_TxMailbox0CompleteCallback       0x080018ed   Thumb Code     2  stm32f4xx_hal_can.o(.text.HAL_CAN_TxMailbox0CompleteCallback)
    HAL_CAN_TxMailbox1AbortCallback          0x080018f1   Thumb Code     2  stm32f4xx_hal_can.o(.text.HAL_CAN_TxMailbox1AbortCallback)
    HAL_CAN_TxMailbox1CompleteCallback       0x080018f5   Thumb Code     2  stm32f4xx_hal_can.o(.text.HAL_CAN_TxMailbox1CompleteCallback)
    HAL_CAN_TxMailbox2AbortCallback          0x080018f9   Thumb Code     2  stm32f4xx_hal_can.o(.text.HAL_CAN_TxMailbox2AbortCallback)
    HAL_CAN_TxMailbox2CompleteCallback       0x080018fd   Thumb Code     2  stm32f4xx_hal_can.o(.text.HAL_CAN_TxMailbox2CompleteCallback)
    HAL_CAN_WakeUpFromRxMsgCallback          0x08001901   Thumb Code     2  stm32f4xx_hal_can.o(.text.HAL_CAN_WakeUpFromRxMsgCallback)
    HAL_DMAEx_MultiBufferStart               0x08001905   Thumb Code   114  stm32f4xx_hal_dma_ex.o(.text.HAL_DMAEx_MultiBufferStart)
    HAL_DMA_Abort                            0x08001979   Thumb Code   142  stm32f4xx_hal_dma.o(.text.HAL_DMA_Abort)
    HAL_DMA_Abort_IT                         0x08001a09   Thumb Code    36  stm32f4xx_hal_dma.o(.text.HAL_DMA_Abort_IT)
    HAL_DMA_IRQHandler                       0x08001a2d   Thumb Code   448  stm32f4xx_hal_dma.o(.text.HAL_DMA_IRQHandler)
    HAL_DMA_Init                             0x08001bed   Thumb Code   354  stm32f4xx_hal_dma.o(.text.HAL_DMA_Init)
    HAL_DMA_Start_IT                         0x08001d51   Thumb Code   162  stm32f4xx_hal_dma.o(.text.HAL_DMA_Start_IT)
    HAL_Delay                                0x08001df5   Thumb Code    40  stm32f4xx_hal.o(.text.HAL_Delay)
    HAL_GPIO_Init                            0x08001e1d   Thumb Code   414  stm32f4xx_hal_gpio.o(.text.HAL_GPIO_Init)
    HAL_GPIO_TogglePin                       0x08001fbd   Thumb Code    16  stm32f4xx_hal_gpio.o(.text.HAL_GPIO_TogglePin)
    HAL_GPIO_WritePin                        0x08001fcd   Thumb Code    10  stm32f4xx_hal_gpio.o(.text.HAL_GPIO_WritePin)
    HAL_GetTick                              0x08001fd9   Thumb Code    12  stm32f4xx_hal.o(.text.HAL_GetTick)
    HAL_IncTick                              0x08001fe5   Thumb Code    26  stm32f4xx_hal.o(.text.HAL_IncTick)
    HAL_Init                                 0x08002001   Thumb Code    54  stm32f4xx_hal.o(.text.HAL_Init)
    HAL_InitTick                             0x08002039   Thumb Code   188  stm32f4xx_hal_timebase_tim.o(.text.HAL_InitTick)
    HAL_MspInit                              0x080020f5   Thumb Code    66  stm32f4xx_hal_msp.o(.text.HAL_MspInit)
    HAL_NVIC_EnableIRQ                       0x08002139   Thumb Code    34  stm32f4xx_hal_cortex.o(.text.HAL_NVIC_EnableIRQ)
    HAL_NVIC_SetPriority                     0x0800215d   Thumb Code    86  stm32f4xx_hal_cortex.o(.text.HAL_NVIC_SetPriority)
    HAL_NVIC_SetPriorityGrouping             0x080021b5   Thumb Code    32  stm32f4xx_hal_cortex.o(.text.HAL_NVIC_SetPriorityGrouping)
    HAL_RCC_ClockConfig                      0x080021d5   Thumb Code   356  stm32f4xx_hal_rcc.o(.text.HAL_RCC_ClockConfig)
    HAL_RCC_GetClockConfig                   0x08002339   Thumb Code    62  stm32f4xx_hal_rcc.o(.text.HAL_RCC_GetClockConfig)
    HAL_RCC_GetPCLK1Freq                     0x08002379   Thumb Code    38  stm32f4xx_hal_rcc.o(.text.HAL_RCC_GetPCLK1Freq)
    HAL_RCC_GetPCLK2Freq                     0x080023a1   Thumb Code    38  stm32f4xx_hal_rcc.o(.text.HAL_RCC_GetPCLK2Freq)
    HAL_RCC_GetSysClockFreq                  0x080023c9   Thumb Code   106  stm32f4xx_hal_rcc.o(.text.HAL_RCC_GetSysClockFreq)
    HAL_RCC_OscConfig                        0x08002435   Thumb Code   944  stm32f4xx_hal_rcc.o(.text.HAL_RCC_OscConfig)
    HAL_SPI_Init                             0x080027e5   Thumb Code   180  stm32f4xx_hal_spi.o(.text.HAL_SPI_Init)
    HAL_SPI_MspInit                          0x08002899   Thumb Code   108  spi.o(.text.HAL_SPI_MspInit)
    HAL_SPI_TransmitReceive                  0x08002905   Thumb Code   846  stm32f4xx_hal_spi.o(.text.HAL_SPI_TransmitReceive)
    HAL_TIMEx_BreakCallback                  0x08002c55   Thumb Code     2  stm32f4xx_hal_tim_ex.o(.text.HAL_TIMEx_BreakCallback)
    HAL_TIMEx_CommutCallback                 0x08002c59   Thumb Code     2  stm32f4xx_hal_tim_ex.o(.text.HAL_TIMEx_CommutCallback)
    HAL_TIMEx_MasterConfigSynchronization    0x08002c5d   Thumb Code   186  stm32f4xx_hal_tim_ex.o(.text.HAL_TIMEx_MasterConfigSynchronization)
    HAL_TIM_Base_Init                        0x08002d19   Thumb Code    90  stm32f4xx_hal_tim.o(.text.HAL_TIM_Base_Init)
    HAL_TIM_Base_MspInit                     0x08002d75   Thumb Code     2  stm32f4xx_hal_tim.o(.text.HAL_TIM_Base_MspInit)
    HAL_TIM_Base_Start_IT                    0x08002d79   Thumb Code   170  stm32f4xx_hal_tim.o(.text.HAL_TIM_Base_Start_IT)
    HAL_TIM_IC_CaptureCallback               0x08002e25   Thumb Code     2  stm32f4xx_hal_tim.o(.text.HAL_TIM_IC_CaptureCallback)
    HAL_TIM_IRQHandler                       0x08002e29   Thumb Code   334  stm32f4xx_hal_tim.o(.text.HAL_TIM_IRQHandler)
    HAL_TIM_OC_DelayElapsedCallback          0x08002f79   Thumb Code     2  stm32f4xx_hal_tim.o(.text.HAL_TIM_OC_DelayElapsedCallback)
    HAL_TIM_PWM_ConfigChannel                0x08002f7d   Thumb Code   548  stm32f4xx_hal_tim.o(.text.HAL_TIM_PWM_ConfigChannel)
    HAL_TIM_PWM_Init                         0x080031a1   Thumb Code    90  stm32f4xx_hal_tim.o(.text.HAL_TIM_PWM_Init)
    HAL_TIM_PWM_MspInit                      0x080031fd   Thumb Code    46  tim.o(.text.HAL_TIM_PWM_MspInit)
    HAL_TIM_PWM_PulseFinishedCallback        0x0800322d   Thumb Code     2  stm32f4xx_hal_tim.o(.text.HAL_TIM_PWM_PulseFinishedCallback)
    HAL_TIM_PeriodElapsedCallback            0x08003231   Thumb Code    20  main.o(.text.HAL_TIM_PeriodElapsedCallback)
    HAL_TIM_TriggerCallback                  0x08003245   Thumb Code     2  stm32f4xx_hal_tim.o(.text.HAL_TIM_TriggerCallback)
    HAL_UARTEx_RxEventCallback               0x08003249   Thumb Code   408  usart_rc_dbus.o(.text.HAL_UARTEx_RxEventCallback)
    HAL_UART_ErrorCallback                   0x080033e1   Thumb Code     2  stm32f4xx_hal_uart.o(.text.HAL_UART_ErrorCallback)
    HAL_UART_IRQHandler                      0x080033e5   Thumb Code  1392  stm32f4xx_hal_uart.o(.text.HAL_UART_IRQHandler)
    HAL_UART_Init                            0x08003955   Thumb Code    96  stm32f4xx_hal_uart.o(.text.HAL_UART_Init)
    HAL_UART_MspInit                         0x080039b5   Thumb Code   984  usart.o(.text.HAL_UART_MspInit)
    HAL_UART_Receive_DMA                     0x08003d8d   Thumb Code   352  stm32f4xx_hal_uart.o(.text.HAL_UART_Receive_DMA)
    HAL_UART_RxCpltCallback                  0x08003eed   Thumb Code    38  usart_task.o(.text.HAL_UART_RxCpltCallback)
    HAL_UART_RxHalfCpltCallback              0x08003f15   Thumb Code     2  stm32f4xx_hal_uart.o(.text.HAL_UART_RxHalfCpltCallback)
    HAL_UART_Transmit_DMA                    0x08003f19   Thumb Code   182  stm32f4xx_hal_uart.o(.text.HAL_UART_Transmit_DMA)
    HAL_UART_TxCpltCallback                  0x08003fd1   Thumb Code     2  stm32f4xx_hal_uart.o(.text.HAL_UART_TxCpltCallback)
    HAL_UART_TxHalfCpltCallback              0x08003fd5   Thumb Code     2  stm32f4xx_hal_uart.o(.text.HAL_UART_TxHalfCpltCallback)
    HardFault_Handler                        0x08003fd9   Thumb Code     2  stm32f4xx_it.o(.text.HardFault_Handler)
    INS_Task                                 0x08003fdd   Thumb Code     6  freertos.o(.text.INS_Task)
    INS_task                                 0x08003fe5   Thumb Code   768  ins_task.o(.text.INS_task)
    Imu_temp_task                            0x08004305   Thumb Code     2  freertos.o(.text.Imu_temp_task)
    LimitMax                                 0x08004309   Thumb Code    40  function.o(.text.LimitMax)
    MX_CAN1_Init                             0x08004331   Thumb Code    64  can.o(.text.MX_CAN1_Init)
    MX_CAN2_Init                             0x08004371   Thumb Code    64  can.o(.text.MX_CAN2_Init)
    MX_DMA_Init                              0x080043b1   Thumb Code   140  dma.o(.text.MX_DMA_Init)
    MX_FREERTOS_Init                         0x0800443d   Thumb Code   192  freertos.o(.text.MX_FREERTOS_Init)
    MX_GPIO_Init                             0x08004589   Thumb Code   254  gpio.o(.text.MX_GPIO_Init)
    MX_SPI2_Init                             0x08004689   Thumb Code    82  spi.o(.text.MX_SPI2_Init)
    MX_TIM2_Init                             0x080046dd   Thumb Code   196  tim.o(.text.MX_TIM2_Init)
    MX_UART4_Init                            0x080047a1   Thumb Code    60  usart.o(.text.MX_UART4_Init)
    MX_UART5_Init                            0x080047dd   Thumb Code    60  usart.o(.text.MX_UART5_Init)
    MX_USART1_UART_Init                      0x08004819   Thumb Code    60  usart.o(.text.MX_USART1_UART_Init)
    MX_USART2_UART_Init                      0x08004855   Thumb Code    60  usart.o(.text.MX_USART2_UART_Init)
    MX_USART6_UART_Init                      0x08004891   Thumb Code    70  usart.o(.text.MX_USART6_UART_Init)
    MemManage_Handler                        0x080048d9   Thumb Code     2  stm32f4xx_it.o(.text.MemManage_Handler)
    NMI_Handler                              0x080048dd   Thumb Code     2  stm32f4xx_it.o(.text.NMI_Handler)
    PID_calc                                 0x080048e1   Thumb Code   130  pid.o(.text.PID_calc)
    PID_calc_rad_format                      0x08004965   Thumb Code   288  pid.o(.text.PID_calc_rad_format)
    PID_init                                 0x08004a95   Thumb Code    44  pid.o(.text.PID_init)
    PendSV_Handler                           0x08004ac1   Thumb Code   100  port.o(.text.PendSV_Handler)
    RC_init                                  0x08004b25   Thumb Code    76  usart_rc_dbus.o(.text.RC_init)
    RotationMatrix_update                    0x08004b71   Thumb Code   178  mahony_filter.o(.text.RotationMatrix_update)
    SVC_Handler                              0x08004d51   Thumb Code    36  port.o(.text.SVC_Handler)
    StartDefaultTask                         0x08004d75   Thumb Code     8  freertos.o(.text.StartDefaultTask)
    SysTick_Handler                          0x08004d7d   Thumb Code    46  port.o(.text.SysTick_Handler)
    SystemClock_Config                       0x08004dad   Thumb Code   168  main.o(.text.SystemClock_Config)
    SystemInit                               0x08004e55   Thumb Code    18  system_stm32f4xx.o(.text.SystemInit)
    TIM3_IRQHandler                          0x08004e69   Thumb Code    12  stm32f4xx_it.o(.text.TIM3_IRQHandler)
    TIM_Base_SetConfig                       0x08004e75   Thumb Code   332  stm32f4xx_hal_tim.o(.text.TIM_Base_SetConfig)
    USART1_IRQHandler                        0x08005569   Thumb Code    12  stm32f4xx_it.o(.text.USART1_IRQHandler)
    USART6_IRQHandler                        0x08005575   Thumb Code    12  stm32f4xx_it.o(.text.USART6_IRQHandler)
    USART_485_init                           0x08005581   Thumb Code    22  usart_task.o(.text.USART_485_init)
    USART_Task                               0x08005599   Thumb Code     6  freertos.o(.text.USART_Task)
    USART_task                               0x080055a1   Thumb Code   118  usart_task.o(.text.USART_task)
    UsageFault_Handler                       0x08005619   Thumb Code     2  stm32f4xx_it.o(.text.UsageFault_Handler)
    bmi088_accel_init                        0x0800561d   Thumb Code   316  bmi088driver.o(.text.bmi088_accel_init)
    bmi088_gyro_init                         0x08005759   Thumb Code   318  bmi088driver.o(.text.bmi088_gyro_init)
    gimbal_init                              0x08005899   Thumb Code   352  gimbal.o(.text.gimbal_init)
    gimbal_task                              0x08005a31   Thumb Code   792  gimbal.o(.text.gimbal_task)
    mahony_init                              0x08005d71   Thumb Code    50  mahony_filter.o(.text.mahony_init)
    mahony_input                             0x08005da5   Thumb Code     8  mahony_filter.o(.text.mahony_input)
    mahony_output                            0x08005dad   Thumb Code    58  mahony_filter.o(.text.mahony_output)
    mahony_update                            0x08005de9   Thumb Code   454  mahony_filter.o(.text.mahony_update)
    main                                     0x08005fb1   Thumb Code   138  main.o(.text.main)
    msp                                      0x0800603d   Thumb Code   132  function.o(.text.msp)
    osDelay                                  0x080060c1   Thumb Code    16  cmsis_os.o(.text.osDelay)
    osKernelStart                            0x080060d1   Thumb Code    10  cmsis_os.o(.text.osKernelStart)
    osThreadCreate                           0x080060dd   Thumb Code    92  cmsis_os.o(.text.osThreadCreate)
    pvPortMalloc                             0x0800643d   Thumb Code   500  heap_4.o(.text.pvPortMalloc)
    pxPortInitialiseStack                    0x08006631   Thumb Code    36  port.o(.text.pxPortInitialiseStack)
    uxListRemove                             0x08006655   Thumb Code    36  list.o(.text.uxListRemove)
    vApplicationGetIdleTaskMemory            0x08006679   Thumb Code    26  freertos.o(.text.vApplicationGetIdleTaskMemory)
    vListInitialise                          0x08006695   Thumb Code    22  list.o(.text.vListInitialise)
    vListInitialiseItem                      0x080066ad   Thumb Code     6  list.o(.text.vListInitialiseItem)
    vListInsert                              0x080066b5   Thumb Code    98  list.o(.text.vListInsert)
    vListInsertEnd                           0x08006719   Thumb Code    28  list.o(.text.vListInsertEnd)
    vPortEnterCritical                       0x08006749   Thumb Code    70  port.o(.text.vPortEnterCritical)
    vPortExitCritical                        0x08006791   Thumb Code    46  port.o(.text.vPortExitCritical)
    vPortFree                                0x080067c1   Thumb Code   212  heap_4.o(.text.vPortFree)
    vPortSetupTimerInterrupt                 0x08006895   Thumb Code    52  port.o(.text.vPortSetupTimerInterrupt)
    vTaskDelay                               0x080068c9   Thumb Code   158  tasks.o(.text.vTaskDelay)
    vTaskStartScheduler                      0x08006969   Thumb Code   196  tasks.o(.text.vTaskStartScheduler)
    vTaskSuspendAll                          0x08006a35   Thumb Code    16  tasks.o(.text.vTaskSuspendAll)
    vTaskSwitchContext                       0x08006a45   Thumb Code   110  tasks.o(.text.vTaskSwitchContext)
    xPortStartScheduler                      0x08006ab5   Thumb Code   392  port.o(.text.xPortStartScheduler)
    xTaskCreate                              0x08006c3d   Thumb Code    96  tasks.o(.text.xTaskCreate)
    xTaskCreateStatic                        0x08006c9d   Thumb Code   118  tasks.o(.text.xTaskCreateStatic)
    xTaskIncrementTick                       0x08006d15   Thumb Code   262  tasks.o(.text.xTaskIncrementTick)
    xTaskResumeAll                           0x08006e1d   Thumb Code   234  tasks.o(.text.xTaskResumeAll)
    __ARM_fpclassifyf                        0x08006f07   Thumb Code    38  fpclassifyf.o(i.__ARM_fpclassifyf)
    __hardfp_asinf                           0x08006f2d   Thumb Code   258  asinf.o(i.__hardfp_asinf)
    __hardfp_atan2f                          0x08007059   Thumb Code   594  atan2f.o(i.__hardfp_atan2f)
    __hardfp_cosf                            0x08007305   Thumb Code   280  cosf.o(i.__hardfp_cosf)
    __hardfp_sinf                            0x08007455   Thumb Code   344  sinf.o(i.__hardfp_sinf)
    __mathlib_flt_infnan                     0x080075e5   Thumb Code     6  funder.o(i.__mathlib_flt_infnan)
    __mathlib_flt_infnan2                    0x080075eb   Thumb Code     6  funder.o(i.__mathlib_flt_infnan2)
    __mathlib_flt_invalid                    0x080075f1   Thumb Code    10  funder.o(i.__mathlib_flt_invalid)
    __mathlib_flt_underflow                  0x08007601   Thumb Code    10  funder.o(i.__mathlib_flt_underflow)
    __mathlib_rredf2                         0x08007611   Thumb Code   316  rredf.o(i.__mathlib_rredf2)
    sqrtf                                    0x08007765   Thumb Code    62  sqrtf.o(i.sqrtf)
    __aeabi_d2f                              0x080077a5   Thumb Code     0  d2f.o(x$fpl$d2f)
    _d2f                                     0x080077a5   Thumb Code    98  d2f.o(x$fpl$d2f)
    __aeabi_dadd                             0x08007809   Thumb Code     0  daddsub_clz.o(x$fpl$dadd)
    _dadd                                    0x08007809   Thumb Code   332  daddsub_clz.o(x$fpl$dadd)
    __aeabi_ddiv                             0x08007959   Thumb Code     0  ddiv.o(x$fpl$ddiv)
    _ddiv                                    0x08007959   Thumb Code   556  ddiv.o(x$fpl$ddiv)
    __aeabi_ui2d                             0x08007c0d   Thumb Code     0  dflt_clz.o(x$fpl$dfltu)
    _dfltu                                   0x08007c0d   Thumb Code    38  dflt_clz.o(x$fpl$dfltu)
    __aeabi_dmul                             0x08007c35   Thumb Code     0  dmul.o(x$fpl$dmul)
    _dmul                                    0x08007c35   Thumb Code   332  dmul.o(x$fpl$dmul)
    __fpl_dnaninf                            0x08007d89   Thumb Code   156  dnaninf.o(x$fpl$dnaninf)
    __fpl_dretinf                            0x08007e25   Thumb Code    12  dretinf.o(x$fpl$dretinf)
    __aeabi_dsub                             0x08007e31   Thumb Code     0  daddsub_clz.o(x$fpl$dsub)
    _dsub                                    0x08007e31   Thumb Code   472  daddsub_clz.o(x$fpl$dsub)
    __aeabi_f2d                              0x0800800d   Thumb Code     0  f2d.o(x$fpl$f2d)
    _f2d                                     0x0800800d   Thumb Code    86  f2d.o(x$fpl$f2d)
    __fpl_fnaninf                            0x08008063   Thumb Code   140  fnaninf.o(x$fpl$fnaninf)
    _fp_init                                 0x080080ef   Thumb Code    26  fpinit.o(x$fpl$fpinit)
    __fplib_config_fpu_vfp                   0x08008107   Thumb Code     0  fpinit.o(x$fpl$fpinit)
    __fplib_config_pureend_doubles           0x08008107   Thumb Code     0  fpinit.o(x$fpl$fpinit)
    __fpl_fretinf                            0x08008109   Thumb Code    10  fretinf.o(x$fpl$fretinf)
    __I$use$fp                               0x08008112   Number         0  usenofp.o(x$fpl$usenofp)
    AHBPrescTable                            0x0800814c   Data          16  system_stm32f4xx.o(.rodata.AHBPrescTable)
    APBPrescTable                            0x0800815c   Data           8  system_stm32f4xx.o(.rodata.APBPrescTable)
    Region$$Table$$Base                      0x080081cc   Number         0  anon$$obj.o(Region$$Table)
    Region$$Table$$Limit                     0x080081ec   Number         0  anon$$obj.o(Region$$Table)
    uwTickFreq                               0x20000000   Data           1  stm32f4xx_hal.o(.data..L_MergedGlobals)
    uwTickPrio                               0x20000004   Data           4  stm32f4xx_hal.o(.data..L_MergedGlobals)
    yaw_k                                    0x20000008   Data           4  gimbal.o(.data..L_MergedGlobals)
    yaw_b                                    0x2000000c   Data           4  gimbal.o(.data..L_MergedGlobals)
    target_angle                             0x20000010   Data           8  gimbal.o(.data..L_MergedGlobals)
    caliOffset                               0x20000018   Data           1  bmi088driver.o(.data..L_MergedGlobals)
    BMI088_ACCEL_SEN                         0x2000001c   Data           4  bmi088driver.o(.data..L_MergedGlobals)
    BMI088_GYRO_SEN                          0x20000020   Data           4  bmi088driver.o(.data..L_MergedGlobals)
    SystemCoreClock                          0x20000024   Data           4  system_stm32f4xx.o(.data.SystemCoreClock)
    gravity                                  0x20000028   Data          12  ins_task.o(.data.gravity)
    __libspace_start                         0x20000038   Data          96  libspace.o(.bss)
    __temporary_stack_top$libspace           0x20000098   Data           0  libspace.o(.bss)
    defaultTaskHandle                        0x20000098   Data           4  freertos.o(.bss..L_MergedGlobals)
    INS_TASKHandle                           0x2000009c   Data           4  freertos.o(.bss..L_MergedGlobals)
    GIMBAL_TASKHandle                        0x200000a0   Data           4  freertos.o(.bss..L_MergedGlobals)
    USART_TASKHandle                         0x200000a4   Data           4  freertos.o(.bss..L_MergedGlobals)
    Imu_Temp_TaskHandle                      0x200000a8   Data           4  freertos.o(.bss..L_MergedGlobals)
    pxCurrentTCB                             0x200000ac   Data           4  tasks.o(.bss..L_MergedGlobals)
    CYCCNT64                                 0x20000168   Data           8  bsp_dwt.o(.bss..L_MergedGlobals)
    SysTime                                  0x20000170   Data           8  bsp_dwt.o(.bss..L_MergedGlobals)
    rc_ctrl                                  0x20000178   Data          22  usart_rc_dbus.o(.bss..L_MergedGlobals)
    SBUS_MultiRx_Buf                         0x2000018e   Data          36  usart_rc_dbus.o(.bss..L_MergedGlobals)
    INS_DWT_Count                            0x200001b4   Data           4  ins_task.o(.bss..L_MergedGlobals)
    ins_dt                                   0x200001b8   Data           4  ins_task.o(.bss..L_MergedGlobals)
    ins_time                                 0x200001bc   Data           4  ins_task.o(.bss..L_MergedGlobals)
    Accel                                    0x200001c0   Data          12  ins_task.o(.bss..L_MergedGlobals)
    Gyro                                     0x200001cc   Data          12  ins_task.o(.bss..L_MergedGlobals)
    uart4_tx_data                            0x200001d8   Data          10  usart_task.o(.bss..L_MergedGlobals)
    Send_data                                0x200001e2   Data          12  usart_task.o(.bss..L_MergedGlobals)
    angle                                    0x200001f0   Data           4  gimbal.o(.bss..L_MergedGlobals.1)
    target_mcu_angle                         0x200001f4   Data           8  gimbal.o(.bss..L_MergedGlobals.1)
    mechanical_data                          0x200001fc   Data          16  gimbal.o(.bss..L_MergedGlobals.1)
    caliCount                                0x20000240   Data           2  bmi088driver.o(.bss..L_MergedGlobals.3)
    gNormDiff                                0x20000244   Data           4  bmi088driver.o(.bss..L_MergedGlobals.3)
    gyroDiff                                 0x2000024c   Data          12  bmi088driver.o(.bss..L_MergedGlobals.3)
    BMI088                                   0x20000258   Data          64  bmi088driver.o(.bss..L_MergedGlobals.3)
    BMI088_SPI                               0x20000298   Data           4  bmi088middleware.o(.bss.BMI088_SPI)
    INS                                      0x200002a0   Data         148  ins_task.o(.bss.INS)
    hcan1                                    0x20000334   Data          40  can.o(.bss.hcan1)
    hcan2                                    0x2000035c   Data          40  can.o(.bss.hcan2)
    hcanRxFrame                              0x20000384   Data          36  can_receive.o(.bss.hcanRxFrame)
    hdma_uart4_rx                            0x200003a8   Data          96  usart.o(.bss.hdma_uart4_rx)
    hdma_uart4_tx                            0x20000408   Data          96  usart.o(.bss.hdma_uart4_tx)
    hdma_usart1_rx                           0x20000468   Data          96  usart.o(.bss.hdma_usart1_rx)
    hdma_usart1_tx                           0x200004c8   Data          96  usart.o(.bss.hdma_usart1_tx)
    hdma_usart6_rx                           0x20000528   Data          96  usart.o(.bss.hdma_usart6_rx)
    hspi2                                    0x20000588   Data          88  spi.o(.bss.hspi2)
    htim2                                    0x200005e0   Data          72  tim.o(.bss.htim2)
    htim3                                    0x20000628   Data          72  stm32f4xx_hal_timebase_tim.o(.bss.htim3)
    huart1                                   0x20000670   Data          72  usart.o(.bss.huart1)
    huart2                                   0x200006b8   Data          72  usart.o(.bss.huart2)
    huart4                                   0x20000700   Data          72  usart.o(.bss.huart4)
    huart5                                   0x20000748   Data          72  usart.o(.bss.huart5)
    huart6                                   0x20000790   Data          72  usart.o(.bss.huart6)
    mahony                                   0x200007d8   Data         132  ins_task.o(.bss.mahony)
    motor_chassis                            0x2000085c   Data        1536  can_receive.o(.bss.motor_chassis)
    motor_gimbal                             0x20000e5c   Data         768  can_receive.o(.bss.motor_gimbal)
    uart4_rx_data                            0x200011e8   Data          18  usart_task.o(.bss.uart4_rx_data)
    uwTick                                   0x20004dfc   Data           4  stm32f4xx_hal.o(.bss.uwTick)



==============================================================================

Memory Map of the image

  Image Entry point : 0x08000189

  Load Region LR_IROM1 (Base: 0x08000000, Size: 0x00008228, Max: 0x00080000, ABSOLUTE)

    Execution Region ER_IROM1 (Exec base: 0x08000000, Load base: 0x08000000, Size: 0x000081ec, Max: 0x00080000, ABSOLUTE)

    Exec Addr    Load Addr    Size         Type   Attr      Idx    E Section Name        Object

    0x08000000   0x08000000   0x00000188   Data   RO            3    RESET               startup_stm32f407xx.o
    0x08000188   0x08000188   0x00000008   Code   RO         1925  * !!!main             c_w.l(__main.o)
    0x08000190   0x08000190   0x0000005c   Code   RO         2362    !!!scatter          c_w.l(__scatter.o)
    0x080001ec   0x080001ec   0x0000001a   Code   RO         2366    !!handler_copy      c_w.l(__scatter_copy.o)
    0x08000206   0x08000206   0x00000002   PAD
    0x08000208   0x08000208   0x00000002   Code   RO         2363    !!handler_null      c_w.l(__scatter.o)
    0x0800020a   0x0800020a   0x00000002   PAD
    0x0800020c   0x0800020c   0x0000001c   Code   RO         2368    !!handler_zi        c_w.l(__scatter_zi.o)
    0x08000228   0x08000228   0x00000002   Code   RO         2214    .ARM.Collect$$libinit$$00000000  c_w.l(libinit.o)
    0x0800022a   0x0800022a   0x00000004   Code   RO         2234    .ARM.Collect$$libinit$$00000001  c_w.l(libinit2.o)
    0x0800022e   0x0800022e   0x00000000   Code   RO         2237    .ARM.Collect$$libinit$$00000004  c_w.l(libinit2.o)
    0x0800022e   0x0800022e   0x00000000   Code   RO         2239    .ARM.Collect$$libinit$$00000006  c_w.l(libinit2.o)
    0x0800022e   0x0800022e   0x00000000   Code   RO         2242    .ARM.Collect$$libinit$$0000000C  c_w.l(libinit2.o)
    0x0800022e   0x0800022e   0x00000000   Code   RO         2244    .ARM.Collect$$libinit$$0000000E  c_w.l(libinit2.o)
    0x0800022e   0x0800022e   0x00000000   Code   RO         2246    .ARM.Collect$$libinit$$00000010  c_w.l(libinit2.o)
    0x0800022e   0x0800022e   0x00000000   Code   RO         2249    .ARM.Collect$$libinit$$00000013  c_w.l(libinit2.o)
    0x0800022e   0x0800022e   0x00000000   Code   RO         2251    .ARM.Collect$$libinit$$00000015  c_w.l(libinit2.o)
    0x0800022e   0x0800022e   0x00000000   Code   RO         2253    .ARM.Collect$$libinit$$00000017  c_w.l(libinit2.o)
    0x0800022e   0x0800022e   0x00000000   Code   RO         2255    .ARM.Collect$$libinit$$00000019  c_w.l(libinit2.o)
    0x0800022e   0x0800022e   0x00000000   Code   RO         2257    .ARM.Collect$$libinit$$0000001B  c_w.l(libinit2.o)
    0x0800022e   0x0800022e   0x00000000   Code   RO         2259    .ARM.Collect$$libinit$$0000001D  c_w.l(libinit2.o)
    0x0800022e   0x0800022e   0x00000000   Code   RO         2261    .ARM.Collect$$libinit$$0000001F  c_w.l(libinit2.o)
    0x0800022e   0x0800022e   0x00000000   Code   RO         2263    .ARM.Collect$$libinit$$00000021  c_w.l(libinit2.o)
    0x0800022e   0x0800022e   0x00000000   Code   RO         2265    .ARM.Collect$$libinit$$00000023  c_w.l(libinit2.o)
    0x0800022e   0x0800022e   0x00000000   Code   RO         2267    .ARM.Collect$$libinit$$00000025  c_w.l(libinit2.o)
    0x0800022e   0x0800022e   0x00000000   Code   RO         2269    .ARM.Collect$$libinit$$00000027  c_w.l(libinit2.o)
    0x0800022e   0x0800022e   0x00000000   Code   RO         2273    .ARM.Collect$$libinit$$0000002E  c_w.l(libinit2.o)
    0x0800022e   0x0800022e   0x00000000   Code   RO         2275    .ARM.Collect$$libinit$$00000030  c_w.l(libinit2.o)
    0x0800022e   0x0800022e   0x00000000   Code   RO         2277    .ARM.Collect$$libinit$$00000032  c_w.l(libinit2.o)
    0x0800022e   0x0800022e   0x00000000   Code   RO         2279    .ARM.Collect$$libinit$$00000034  c_w.l(libinit2.o)
    0x0800022e   0x0800022e   0x00000002   Code   RO         2280    .ARM.Collect$$libinit$$00000035  c_w.l(libinit2.o)
    0x08000230   0x08000230   0x00000002   Code   RO         2317    .ARM.Collect$$libshutdown$$00000000  c_w.l(libshutdown.o)
    0x08000232   0x08000232   0x00000000   Code   RO         2345    .ARM.Collect$$libshutdown$$00000002  c_w.l(libshutdown2.o)
    0x08000232   0x08000232   0x00000000   Code   RO         2347    .ARM.Collect$$libshutdown$$00000004  c_w.l(libshutdown2.o)
    0x08000232   0x08000232   0x00000000   Code   RO         2350    .ARM.Collect$$libshutdown$$00000007  c_w.l(libshutdown2.o)
    0x08000232   0x08000232   0x00000000   Code   RO         2353    .ARM.Collect$$libshutdown$$0000000A  c_w.l(libshutdown2.o)
    0x08000232   0x08000232   0x00000000   Code   RO         2355    .ARM.Collect$$libshutdown$$0000000C  c_w.l(libshutdown2.o)
    0x08000232   0x08000232   0x00000000   Code   RO         2358    .ARM.Collect$$libshutdown$$0000000F  c_w.l(libshutdown2.o)
    0x08000232   0x08000232   0x00000002   Code   RO         2359    .ARM.Collect$$libshutdown$$00000010  c_w.l(libshutdown2.o)
    0x08000234   0x08000234   0x00000000   Code   RO         1973    .ARM.Collect$$rtentry$$00000000  c_w.l(__rtentry.o)
    0x08000234   0x08000234   0x00000000   Code   RO         2118    .ARM.Collect$$rtentry$$00000002  c_w.l(__rtentry2.o)
    0x08000234   0x08000234   0x00000006   Code   RO         2130    .ARM.Collect$$rtentry$$00000004  c_w.l(__rtentry4.o)
    0x0800023a   0x0800023a   0x00000000   Code   RO         2120    .ARM.Collect$$rtentry$$00000009  c_w.l(__rtentry2.o)
    0x0800023a   0x0800023a   0x00000004   Code   RO         2121    .ARM.Collect$$rtentry$$0000000A  c_w.l(__rtentry2.o)
    0x0800023e   0x0800023e   0x00000000   Code   RO         2123    .ARM.Collect$$rtentry$$0000000C  c_w.l(__rtentry2.o)
    0x0800023e   0x0800023e   0x00000008   Code   RO         2124    .ARM.Collect$$rtentry$$0000000D  c_w.l(__rtentry2.o)
    0x08000246   0x08000246   0x00000002   Code   RO         2219    .ARM.Collect$$rtexit$$00000000  c_w.l(rtexit.o)
    0x08000248   0x08000248   0x00000000   Code   RO         2286    .ARM.Collect$$rtexit$$00000002  c_w.l(rtexit2.o)
    0x08000248   0x08000248   0x00000004   Code   RO         2287    .ARM.Collect$$rtexit$$00000003  c_w.l(rtexit2.o)
    0x0800024c   0x0800024c   0x00000006   Code   RO         2288    .ARM.Collect$$rtexit$$00000004  c_w.l(rtexit2.o)
    0x08000252   0x08000252   0x00000002   PAD
    0x08000254   0x08000254   0x00000040   Code   RO            4    .text               startup_stm32f407xx.o
    0x08000294   0x08000294   0x000000f0   Code   RO         1911    .text               c_w.l(lludivv7m.o)
    0x08000384   0x08000384   0x00000006   Code   RO         1923    .text               c_w.l(heapauxi.o)
    0x0800038a   0x0800038a   0x00000016   Code   RO         1978    .text               c_w.l(_rserrno.o)
    0x080003a0   0x080003a0   0x00000008   Code   RO         2137    .text               c_w.l(rt_errno_addr_intlibspace.o)
    0x080003a8   0x080003a8   0x00000008   Code   RO         2159    .text               c_w.l(libspace.o)
    0x080003b0   0x080003b0   0x0000004a   Code   RO         2162    .text               c_w.l(sys_stackheap_outer.o)
    0x080003fa   0x080003fa   0x00000012   Code   RO         2203    .text               c_w.l(exit.o)
    0x0800040c   0x0800040c   0x0000000c   Code   RO         2281    .text               c_w.l(sys_exit.o)
    0x08000418   0x08000418   0x00000002   Code   RO         2306    .text               c_w.l(use_no_semi.o)
    0x0800041a   0x0800041a   0x00000000   Code   RO         2308    .text               c_w.l(indicate_semi.o)
    0x0800041a   0x0800041a   0x00000002   PAD
    0x0800041c   0x0800041c   0x00000012   Code   RO         1894    .text.BMI088_ACCEL_NS_H  bmi088middleware.o
    0x0800042e   0x0800042e   0x00000002   PAD
    0x08000430   0x08000430   0x00000012   Code   RO         1892    .text.BMI088_ACCEL_NS_L  bmi088middleware.o
    0x08000442   0x08000442   0x00000002   PAD
    0x08000444   0x08000444   0x00000012   Code   RO         1898    .text.BMI088_GYRO_NS_H  bmi088middleware.o
    0x08000456   0x08000456   0x00000002   PAD
    0x08000458   0x08000458   0x00000012   Code   RO         1896    .text.BMI088_GYRO_NS_L  bmi088middleware.o
    0x0800046a   0x0800046a   0x00000002   PAD
    0x0800046c   0x0800046c   0x00000222   Code   RO         1878    .text.BMI088_Read   bmi088driver.o
    0x0800068e   0x0800068e   0x00000002   PAD
    0x08000690   0x08000690   0x0000067c   Code   RO         1872    .text.BMI088_init   bmi088driver.o
    0x08000d0c   0x08000d0c   0x00000032   Code   RO         1900    .text.BMI088_read_write_byte  bmi088middleware.o
    0x08000d3e   0x08000d3e   0x00000002   PAD
    0x08000d40   0x08000d40   0x00000002   Code   RO          162    .text.BusFault_Handler  stm32f4xx_it.o
    0x08000d42   0x08000d42   0x00000002   PAD
    0x08000d44   0x08000d44   0x0000000c   Code   RO          172    .text.CAN1_RX0_IRQHandler  stm32f4xx_it.o
    0x08000d50   0x08000d50   0x0000000c   Code   RO          182    .text.CAN2_RX0_IRQHandler  stm32f4xx_it.o
    0x08000d5c   0x08000d5c   0x0000003e   Code   RO         1703    .text.CAN_Init      can_receive.o
    0x08000d9a   0x08000d9a   0x00000002   PAD
    0x08000d9c   0x08000d9c   0x0000005a   Code   RO         1709    .text.CAN_gimbal_send  can_receive.o
    0x08000df6   0x08000df6   0x00000002   PAD
    0x08000df8   0x08000df8   0x0000000c   Code   RO          168    .text.DMA1_Stream2_IRQHandler  stm32f4xx_it.o
    0x08000e04   0x08000e04   0x0000000c   Code   RO          170    .text.DMA1_Stream4_IRQHandler  stm32f4xx_it.o
    0x08000e10   0x08000e10   0x0000000c   Code   RO          178    .text.DMA2_Stream1_IRQHandler  stm32f4xx_it.o
    0x08000e1c   0x08000e1c   0x0000000c   Code   RO          180    .text.DMA2_Stream2_IRQHandler  stm32f4xx_it.o
    0x08000e28   0x08000e28   0x0000000c   Code   RO          184    .text.DMA2_Stream7_IRQHandler  stm32f4xx_it.o
    0x08000e34   0x08000e34   0x0000007c   Code   RO         1690    .text.DWT_Delay     bsp_dwt.o
    0x08000eb0   0x08000eb0   0x0000005a   Code   RO         1678    .text.DWT_GetDeltaT  bsp_dwt.o
    0x08000f0a   0x08000f0a   0x00000002   PAD
    0x08000f0c   0x08000f0c   0x000000d4   Code   RO         1684    .text.DWT_GetTimeline_s  bsp_dwt.o
    0x08000fe0   0x08000fe0   0x00000064   Code   RO         1676    .text.DWT_Init      bsp_dwt.o
    0x08001044   0x08001044   0x00000002   Code   RO          166    .text.DebugMon_Handler  stm32f4xx_it.o
    0x08001046   0x08001046   0x00000002   PAD
    0x08001048   0x08001048   0x00000006   Code   RO           15    .text.Error_Handler  main.o
    0x0800104e   0x0800104e   0x00000002   PAD
    0x08001050   0x08001050   0x00000006   Code   RO           46    .text.GIMBAL_Task   freertos.o
    0x08001056   0x08001056   0x00000002   PAD
    0x08001058   0x08001058   0x0000002e   Code   RO          253    .text.HAL_CAN_ActivateNotification  stm32f4xx_hal_can.o
    0x08001086   0x08001086   0x00000002   PAD
    0x08001088   0x08001088   0x000000a8   Code   RO          239    .text.HAL_CAN_AddTxMessage  stm32f4xx_hal_can.o
    0x08001130   0x08001130   0x000000de   Code   RO          229    .text.HAL_CAN_ConfigFilter  stm32f4xx_hal_can.o
    0x0800120e   0x0800120e   0x00000002   PAD
    0x08001210   0x08001210   0x00000002   Code   RO          283    .text.HAL_CAN_ErrorCallback  stm32f4xx_hal_can.o
    0x08001212   0x08001212   0x00000002   PAD
    0x08001214   0x08001214   0x0000012a   Code   RO          249    .text.HAL_CAN_GetRxMessage  stm32f4xx_hal_can.o
    0x0800133e   0x0800133e   0x00000002   PAD
    0x08001340   0x08001340   0x0000025e   Code   RO          257    .text.HAL_CAN_IRQHandler  stm32f4xx_hal_can.o
    0x0800159e   0x0800159e   0x00000002   PAD
    0x080015a0   0x080015a0   0x000000f4   Code   RO          219    .text.HAL_CAN_Init  stm32f4xx_hal_can.o
    0x08001694   0x08001694   0x0000011e   Code   RO           68    .text.HAL_CAN_MspInit  can.o
    0x080017b2   0x080017b2   0x00000002   PAD
    0x080017b4   0x080017b4   0x00000002   Code   RO          271    .text.HAL_CAN_RxFifo0FullCallback  stm32f4xx_hal_can.o
    0x080017b6   0x080017b6   0x00000002   PAD
    0x080017b8   0x080017b8   0x000000c8   Code   RO         1713    .text.HAL_CAN_RxFifo0MsgPendingCallback  can_receive.o
    0x08001880   0x08001880   0x00000002   Code   RO          275    .text.HAL_CAN_RxFifo1FullCallback  stm32f4xx_hal_can.o
    0x08001882   0x08001882   0x00000002   PAD
    0x08001884   0x08001884   0x00000002   Code   RO          277    .text.HAL_CAN_RxFifo1MsgPendingCallback  stm32f4xx_hal_can.o
    0x08001886   0x08001886   0x00000002   PAD
    0x08001888   0x08001888   0x00000002   Code   RO          279    .text.HAL_CAN_SleepCallback  stm32f4xx_hal_can.o
    0x0800188a   0x0800188a   0x00000002   PAD
    0x0800188c   0x0800188c   0x0000005a   Code   RO          231    .text.HAL_CAN_Start  stm32f4xx_hal_can.o
    0x080018e6   0x080018e6   0x00000002   PAD
    0x080018e8   0x080018e8   0x00000002   Code   RO          261    .text.HAL_CAN_TxMailbox0AbortCallback  stm32f4xx_hal_can.o
    0x080018ea   0x080018ea   0x00000002   PAD
    0x080018ec   0x080018ec   0x00000002   Code   RO          259    .text.HAL_CAN_TxMailbox0CompleteCallback  stm32f4xx_hal_can.o
    0x080018ee   0x080018ee   0x00000002   PAD
    0x080018f0   0x080018f0   0x00000002   Code   RO          265    .text.HAL_CAN_TxMailbox1AbortCallback  stm32f4xx_hal_can.o
    0x080018f2   0x080018f2   0x00000002   PAD
    0x080018f4   0x080018f4   0x00000002   Code   RO          263    .text.HAL_CAN_TxMailbox1CompleteCallback  stm32f4xx_hal_can.o
    0x080018f6   0x080018f6   0x00000002   PAD
    0x080018f8   0x080018f8   0x00000002   Code   RO          269    .text.HAL_CAN_TxMailbox2AbortCallback  stm32f4xx_hal_can.o
    0x080018fa   0x080018fa   0x00000002   PAD
    0x080018fc   0x080018fc   0x00000002   Code   RO          267    .text.HAL_CAN_TxMailbox2CompleteCallback  stm32f4xx_hal_can.o
    0x080018fe   0x080018fe   0x00000002   PAD
    0x08001900   0x08001900   0x00000002   Code   RO          281    .text.HAL_CAN_WakeUpFromRxMsgCallback  stm32f4xx_hal_can.o
    0x08001902   0x08001902   0x00000002   PAD
    0x08001904   0x08001904   0x00000072   Code   RO          433    .text.HAL_DMAEx_MultiBufferStart  stm32f4xx_hal_dma_ex.o
    0x08001976   0x08001976   0x00000002   PAD
    0x08001978   0x08001978   0x0000008e   Code   RO          455    .text.HAL_DMA_Abort  stm32f4xx_hal_dma.o
    0x08001a06   0x08001a06   0x00000002   PAD
    0x08001a08   0x08001a08   0x00000024   Code   RO          457    .text.HAL_DMA_Abort_IT  stm32f4xx_hal_dma.o
    0x08001a2c   0x08001a2c   0x000001c0   Code   RO          461    .text.HAL_DMA_IRQHandler  stm32f4xx_hal_dma.o
    0x08001bec   0x08001bec   0x00000162   Code   RO          447    .text.HAL_DMA_Init  stm32f4xx_hal_dma.o
    0x08001d4e   0x08001d4e   0x00000002   PAD
    0x08001d50   0x08001d50   0x000000a2   Code   RO          453    .text.HAL_DMA_Start_IT  stm32f4xx_hal_dma.o
    0x08001df2   0x08001df2   0x00000002   PAD
    0x08001df4   0x08001df4   0x00000028   Code   RO          614    .text.HAL_Delay     stm32f4xx_hal.o
    0x08001e1c   0x08001e1c   0x0000019e   Code   RO          409    .text.HAL_GPIO_Init  stm32f4xx_hal_gpio.o
    0x08001fba   0x08001fba   0x00000002   PAD
    0x08001fbc   0x08001fbc   0x00000010   Code   RO          417    .text.HAL_GPIO_TogglePin  stm32f4xx_hal_gpio.o
    0x08001fcc   0x08001fcc   0x0000000a   Code   RO          415    .text.HAL_GPIO_WritePin  stm32f4xx_hal_gpio.o
    0x08001fd6   0x08001fd6   0x00000002   PAD
    0x08001fd8   0x08001fd8   0x0000000c   Code   RO          606    .text.HAL_GetTick   stm32f4xx_hal.o
    0x08001fe4   0x08001fe4   0x0000001a   Code   RO          604    .text.HAL_IncTick   stm32f4xx_hal.o
    0x08001ffe   0x08001ffe   0x00000002   PAD
    0x08002000   0x08002000   0x00000036   Code   RO          594    .text.HAL_Init      stm32f4xx_hal.o
    0x08002036   0x08002036   0x00000002   PAD
    0x08002038   0x08002038   0x000000bc   Code   RO          204    .text.HAL_InitTick  stm32f4xx_hal_timebase_tim.o
    0x080020f4   0x080020f4   0x00000042   Code   RO          195    .text.HAL_MspInit   stm32f4xx_hal_msp.o
    0x08002136   0x08002136   0x00000002   PAD
    0x08002138   0x08002138   0x00000022   Code   RO          546    .text.HAL_NVIC_EnableIRQ  stm32f4xx_hal_cortex.o
    0x0800215a   0x0800215a   0x00000002   PAD
    0x0800215c   0x0800215c   0x00000056   Code   RO          544    .text.HAL_NVIC_SetPriority  stm32f4xx_hal_cortex.o
    0x080021b2   0x080021b2   0x00000002   PAD
    0x080021b4   0x080021b4   0x00000020   Code   RO          542    .text.HAL_NVIC_SetPriorityGrouping  stm32f4xx_hal_cortex.o
    0x080021d4   0x080021d4   0x00000164   Code   RO          303    .text.HAL_RCC_ClockConfig  stm32f4xx_hal_rcc.o
    0x08002338   0x08002338   0x0000003e   Code   RO          321    .text.HAL_RCC_GetClockConfig  stm32f4xx_hal_rcc.o
    0x08002376   0x08002376   0x00000002   PAD
    0x08002378   0x08002378   0x00000026   Code   RO          315    .text.HAL_RCC_GetPCLK1Freq  stm32f4xx_hal_rcc.o
    0x0800239e   0x0800239e   0x00000002   PAD
    0x080023a0   0x080023a0   0x00000026   Code   RO          317    .text.HAL_RCC_GetPCLK2Freq  stm32f4xx_hal_rcc.o
    0x080023c6   0x080023c6   0x00000002   PAD
    0x080023c8   0x080023c8   0x0000006a   Code   RO          305    .text.HAL_RCC_GetSysClockFreq  stm32f4xx_hal_rcc.o
    0x08002432   0x08002432   0x00000002   PAD
    0x08002434   0x08002434   0x000003b0   Code   RO          301    .text.HAL_RCC_OscConfig  stm32f4xx_hal_rcc.o
    0x080027e4   0x080027e4   0x000000b4   Code   RO          684    .text.HAL_SPI_Init  stm32f4xx_hal_spi.o
    0x08002898   0x08002898   0x0000006c   Code   RO           94    .text.HAL_SPI_MspInit  spi.o
    0x08002904   0x08002904   0x0000034e   Code   RO          696    .text.HAL_SPI_TransmitReceive  stm32f4xx_hal_spi.o
    0x08002c52   0x08002c52   0x00000002   PAD
    0x08002c54   0x08002c54   0x00000002   Code   RO         1103    .text.HAL_TIMEx_BreakCallback  stm32f4xx_hal_tim_ex.o
    0x08002c56   0x08002c56   0x00000002   PAD
    0x08002c58   0x08002c58   0x00000002   Code   RO         1099    .text.HAL_TIMEx_CommutCallback  stm32f4xx_hal_tim_ex.o
    0x08002c5a   0x08002c5a   0x00000002   PAD
    0x08002c5c   0x08002c5c   0x000000ba   Code   RO         1093    .text.HAL_TIMEx_MasterConfigSynchronization  stm32f4xx_hal_tim_ex.o
    0x08002d16   0x08002d16   0x00000002   PAD
    0x08002d18   0x08002d18   0x0000005a   Code   RO          798    .text.HAL_TIM_Base_Init  stm32f4xx_hal_tim.o
    0x08002d72   0x08002d72   0x00000002   PAD
    0x08002d74   0x08002d74   0x00000002   Code   RO          800    .text.HAL_TIM_Base_MspInit  stm32f4xx_hal_tim.o
    0x08002d76   0x08002d76   0x00000002   PAD
    0x08002d78   0x08002d78   0x000000aa   Code   RO          812    .text.HAL_TIM_Base_Start_IT  stm32f4xx_hal_tim.o
    0x08002e22   0x08002e22   0x00000002   PAD
    0x08002e24   0x08002e24   0x00000002   Code   RO          934    .text.HAL_TIM_IC_CaptureCallback  stm32f4xx_hal_tim.o
    0x08002e26   0x08002e26   0x00000002   PAD
    0x08002e28   0x08002e28   0x0000014e   Code   RO          932    .text.HAL_TIM_IRQHandler  stm32f4xx_hal_tim.o
    0x08002f76   0x08002f76   0x00000002   PAD
    0x08002f78   0x08002f78   0x00000002   Code   RO          936    .text.HAL_TIM_OC_DelayElapsedCallback  stm32f4xx_hal_tim.o
    0x08002f7a   0x08002f7a   0x00000002   PAD
    0x08002f7c   0x08002f7c   0x00000224   Code   RO          952    .text.HAL_TIM_PWM_ConfigChannel  stm32f4xx_hal_tim.o
    0x080031a0   0x080031a0   0x0000005a   Code   RO          852    .text.HAL_TIM_PWM_Init  stm32f4xx_hal_tim.o
    0x080031fa   0x080031fa   0x00000002   PAD
    0x080031fc   0x080031fc   0x0000002e   Code   RO          111    .text.HAL_TIM_PWM_MspInit  tim.o
    0x0800322a   0x0800322a   0x00000002   PAD
    0x0800322c   0x0800322c   0x00000002   Code   RO          938    .text.HAL_TIM_PWM_PulseFinishedCallback  stm32f4xx_hal_tim.o
    0x0800322e   0x0800322e   0x00000002   PAD
    0x08003230   0x08003230   0x00000014   Code   RO           17    .text.HAL_TIM_PeriodElapsedCallback  main.o
    0x08003244   0x08003244   0x00000002   Code   RO          942    .text.HAL_TIM_TriggerCallback  stm32f4xx_hal_tim.o
    0x08003246   0x08003246   0x00000002   PAD
    0x08003248   0x08003248   0x00000198   Code   RO         1733    .text.HAL_UARTEx_RxEventCallback  usart_rc_dbus.o
    0x080033e0   0x080033e0   0x00000002   Code   RO         1201    .text.HAL_UART_ErrorCallback  stm32f4xx_hal_uart.o
    0x080033e2   0x080033e2   0x00000002   PAD
    0x080033e4   0x080033e4   0x00000570   Code   RO         1195    .text.HAL_UART_IRQHandler  stm32f4xx_hal_uart.o
    0x08003954   0x08003954   0x00000060   Code   RO         1117    .text.HAL_UART_Init  stm32f4xx_hal_uart.o
    0x080039b4   0x080039b4   0x000003d8   Code   RO          134    .text.HAL_UART_MspInit  usart.o
    0x08003d8c   0x08003d8c   0x00000160   Code   RO         1151    .text.HAL_UART_Receive_DMA  stm32f4xx_hal_uart.o
    0x08003eec   0x08003eec   0x00000026   Code   RO         1826    .text.HAL_UART_RxCpltCallback  usart_task.o
    0x08003f12   0x08003f12   0x00000002   PAD
    0x08003f14   0x08003f14   0x00000002   Code   RO         1211    .text.HAL_UART_RxHalfCpltCallback  stm32f4xx_hal_uart.o
    0x08003f16   0x08003f16   0x00000002   PAD
    0x08003f18   0x08003f18   0x000000b6   Code   RO         1143    .text.HAL_UART_Transmit_DMA  stm32f4xx_hal_uart.o
    0x08003fce   0x08003fce   0x00000002   PAD
    0x08003fd0   0x08003fd0   0x00000002   Code   RO         1205    .text.HAL_UART_TxCpltCallback  stm32f4xx_hal_uart.o
    0x08003fd2   0x08003fd2   0x00000002   PAD
    0x08003fd4   0x08003fd4   0x00000002   Code   RO         1207    .text.HAL_UART_TxHalfCpltCallback  stm32f4xx_hal_uart.o
    0x08003fd6   0x08003fd6   0x00000002   PAD
    0x08003fd8   0x08003fd8   0x00000002   Code   RO          158    .text.HardFault_Handler  stm32f4xx_it.o
    0x08003fda   0x08003fda   0x00000002   PAD
    0x08003fdc   0x08003fdc   0x00000006   Code   RO           44    .text.INS_Task      freertos.o
    0x08003fe2   0x08003fe2   0x00000002   PAD
    0x08003fe4   0x08003fe4   0x00000320   Code   RO         1801    .text.INS_task      ins_task.o
    0x08004304   0x08004304   0x00000002   Code   RO           50    .text.Imu_temp_task  freertos.o
    0x08004306   0x08004306   0x00000002   PAD
    0x08004308   0x08004308   0x00000028   Code   RO         1785    .text.LimitMax      function.o
    0x08004330   0x08004330   0x00000040   Code   RO           64    .text.MX_CAN1_Init  can.o
    0x08004370   0x08004370   0x00000040   Code   RO           66    .text.MX_CAN2_Init  can.o
    0x080043b0   0x080043b0   0x0000008c   Code   RO           83    .text.MX_DMA_Init   dma.o
    0x0800443c   0x0800443c   0x0000014c   Code   RO           40    .text.MX_FREERTOS_Init  freertos.o
    0x08004588   0x08004588   0x000000fe   Code   RO           28    .text.MX_GPIO_Init  gpio.o
    0x08004686   0x08004686   0x00000002   PAD
    0x08004688   0x08004688   0x00000052   Code   RO           92    .text.MX_SPI2_Init  spi.o
    0x080046da   0x080046da   0x00000002   PAD
    0x080046dc   0x080046dc   0x000000c4   Code   RO          107    .text.MX_TIM2_Init  tim.o
    0x080047a0   0x080047a0   0x0000003c   Code   RO          124    .text.MX_UART4_Init  usart.o
    0x080047dc   0x080047dc   0x0000003c   Code   RO          126    .text.MX_UART5_Init  usart.o
    0x08004818   0x08004818   0x0000003c   Code   RO          128    .text.MX_USART1_UART_Init  usart.o
    0x08004854   0x08004854   0x0000003c   Code   RO          130    .text.MX_USART2_UART_Init  usart.o
    0x08004890   0x08004890   0x00000046   Code   RO          132    .text.MX_USART6_UART_Init  usart.o
    0x080048d6   0x080048d6   0x00000002   PAD
    0x080048d8   0x080048d8   0x00000002   Code   RO          160    .text.MemManage_Handler  stm32f4xx_it.o
    0x080048da   0x080048da   0x00000002   PAD
    0x080048dc   0x080048dc   0x00000002   Code   RO          156    .text.NMI_Handler   stm32f4xx_it.o
    0x080048de   0x080048de   0x00000002   PAD
    0x080048e0   0x080048e0   0x00000082   Code   RO         1767    .text.PID_calc      pid.o
    0x08004962   0x08004962   0x00000002   PAD
    0x08004964   0x08004964   0x00000130   Code   RO         1769    .text.PID_calc_rad_format  pid.o
    0x08004a94   0x08004a94   0x0000002c   Code   RO         1765    .text.PID_init      pid.o
    0x08004ac0   0x08004ac0   0x00000064   Code   RO         1660    .text.PendSV_Handler  port.o
    0x08004b24   0x08004b24   0x0000004c   Code   RO         1729    .text.RC_init       usart_rc_dbus.o
    0x08004b70   0x08004b70   0x000000b2   Code   RO         1744    .text.RotationMatrix_update  mahony_filter.o
    0x08004c22   0x08004c22   0x00000002   PAD
    0x08004c24   0x08004c24   0x00000120   Code   RO          788    .text.SPI_WaitFlagStateUntilTimeout  stm32f4xx_hal_spi.o
    0x08004d44   0x08004d44   0x0000000c   PAD
    0x08004d50   0x08004d50   0x00000024   Code   RO         1644    .text.SVC_Handler   port.o
    0x08004d74   0x08004d74   0x00000008   Code   RO           42    .text.StartDefaultTask  freertos.o
    0x08004d7c   0x08004d7c   0x0000002e   Code   RO         1662    .text.SysTick_Handler  port.o
    0x08004daa   0x08004daa   0x00000002   PAD
    0x08004dac   0x08004dac   0x000000a8   Code   RO           13    .text.SystemClock_Config  main.o
    0x08004e54   0x08004e54   0x00000012   Code   RO         1239    .text.SystemInit    system_stm32f4xx.o
    0x08004e66   0x08004e66   0x00000002   PAD
    0x08004e68   0x08004e68   0x0000000c   Code   RO          174    .text.TIM3_IRQHandler  stm32f4xx_it.o
    0x08004e74   0x08004e74   0x0000014c   Code   RO          802    .text.TIM_Base_SetConfig  stm32f4xx_hal_tim.o
    0x08004fc0   0x08004fc0   0x0000000c   Code   RO         1199    .text.UART_DMAAbortOnError  stm32f4xx_hal_uart.o
    0x08004fcc   0x08004fcc   0x0000017c   Code   RO         1149    .text.UART_DMAError  stm32f4xx_hal_uart.o
    0x08005148   0x08005148   0x0000015e   Code   RO         1227    .text.UART_DMAReceiveCplt  stm32f4xx_hal_uart.o
    0x080052a6   0x080052a6   0x00000002   PAD
    0x080052a8   0x080052a8   0x00000018   Code   RO         1229    .text.UART_DMARxHalfCplt  stm32f4xx_hal_uart.o
    0x080052c0   0x080052c0   0x000000b0   Code   RO         1145    .text.UART_DMATransmitCplt  stm32f4xx_hal_uart.o
    0x08005370   0x08005370   0x00000006   Code   RO         1147    .text.UART_DMATxHalfCplt  stm32f4xx_hal_uart.o
    0x08005376   0x08005376   0x00000002   PAD
    0x08005378   0x08005378   0x000000fe   Code   RO         1197    .text.UART_Receive_IT  stm32f4xx_hal_uart.o
    0x08005476   0x08005476   0x00000002   PAD
    0x08005478   0x08005478   0x000000ee   Code   RO         1121    .text.UART_SetConfig  stm32f4xx_hal_uart.o
    0x08005566   0x08005566   0x00000002   PAD
    0x08005568   0x08005568   0x0000000c   Code   RO          176    .text.USART1_IRQHandler  stm32f4xx_it.o
    0x08005574   0x08005574   0x0000000c   Code   RO          186    .text.USART6_IRQHandler  stm32f4xx_it.o
    0x08005580   0x08005580   0x00000016   Code   RO         1820    .text.USART_485_init  usart_task.o
    0x08005596   0x08005596   0x00000002   PAD
    0x08005598   0x08005598   0x00000006   Code   RO           48    .text.USART_Task    freertos.o
    0x0800559e   0x0800559e   0x00000002   PAD
    0x080055a0   0x080055a0   0x00000076   Code   RO         1822    .text.USART_task    usart_task.o
    0x08005616   0x08005616   0x00000002   PAD
    0x08005618   0x08005618   0x00000002   Code   RO          164    .text.UsageFault_Handler  stm32f4xx_it.o
    0x0800561a   0x0800561a   0x00000002   PAD
    0x0800561c   0x0800561c   0x0000013c   Code   RO         1874    .text.bmi088_accel_init  bmi088driver.o
    0x08005758   0x08005758   0x0000013e   Code   RO         1876    .text.bmi088_gyro_init  bmi088driver.o
    0x08005896   0x08005896   0x00000002   PAD
    0x08005898   0x08005898   0x00000198   Code   RO         1838    .text.gimbal_init   gimbal.o
    0x08005a30   0x08005a30   0x00000340   Code   RO         1840    .text.gimbal_task   gimbal.o
    0x08005d70   0x08005d70   0x00000032   Code   RO         1752    .text.mahony_init   mahony_filter.o
    0x08005da2   0x08005da2   0x00000002   PAD
    0x08005da4   0x08005da4   0x00000008   Code   RO         1746    .text.mahony_input  mahony_filter.o
    0x08005dac   0x08005dac   0x0000003a   Code   RO         1750    .text.mahony_output  mahony_filter.o
    0x08005de6   0x08005de6   0x00000002   PAD
    0x08005de8   0x08005de8   0x000001c6   Code   RO         1748    .text.mahony_update  mahony_filter.o
    0x08005fae   0x08005fae   0x00000002   PAD
    0x08005fb0   0x08005fb0   0x0000008a   Code   RO           11    .text.main          main.o
    0x0800603a   0x0800603a   0x00000002   PAD
    0x0800603c   0x0800603c   0x00000084   Code   RO         1783    .text.msp           function.o
    0x080060c0   0x080060c0   0x00000010   Code   RO         1522    .text.osDelay       cmsis_os.o
    0x080060d0   0x080060d0   0x0000000a   Code   RO         1504    .text.osKernelStart  cmsis_os.o
    0x080060da   0x080060da   0x00000002   PAD
    0x080060dc   0x080060dc   0x0000005c   Code   RO         1510    .text.osThreadCreate  cmsis_os.o
    0x08006138   0x08006138   0x000000fc   Code   RO         1402    .text.prvAddNewTaskToReadyList  tasks.o
    0x08006234   0x08006234   0x00000086   Code   RO         1432    .text.prvIdleTask   tasks.o
    0x080062ba   0x080062ba   0x00000002   PAD
    0x080062bc   0x080062bc   0x00000118   Code   RO         1400    .text.prvInitialiseNewTask  tasks.o
    0x080063d4   0x080063d4   0x00000028   Code   RO         1652    .text.prvPortStartFirstTask  port.o
    0x080063fc   0x080063fc   0x0000003e   Code   RO         1642    .text.prvTaskExitError  port.o
    0x0800643a   0x0800643a   0x00000002   PAD
    0x0800643c   0x0800643c   0x000001f4   Code   RO         1618    .text.pvPortMalloc  heap_4.o
    0x08006630   0x08006630   0x00000024   Code   RO         1640    .text.pxPortInitialiseStack  port.o
    0x08006654   0x08006654   0x00000024   Code   RO         1291    .text.uxListRemove  list.o
    0x08006678   0x08006678   0x0000001a   Code   RO           38    .text.vApplicationGetIdleTaskMemory  freertos.o
    0x08006692   0x08006692   0x00000002   PAD
    0x08006694   0x08006694   0x00000016   Code   RO         1283    .text.vListInitialise  list.o
    0x080066aa   0x080066aa   0x00000002   PAD
    0x080066ac   0x080066ac   0x00000006   Code   RO         1285    .text.vListInitialiseItem  list.o
    0x080066b2   0x080066b2   0x00000002   PAD
    0x080066b4   0x080066b4   0x00000062   Code   RO         1289    .text.vListInsert   list.o
    0x08006716   0x08006716   0x00000002   PAD
    0x08006718   0x08006718   0x0000001c   Code   RO         1287    .text.vListInsertEnd  list.o
    0x08006734   0x08006734   0x00000014   Code   RO         1650    .text.vPortEnableVFP  port.o
    0x08006748   0x08006748   0x00000046   Code   RO         1656    .text.vPortEnterCritical  port.o
    0x0800678e   0x0800678e   0x00000002   PAD
    0x08006790   0x08006790   0x0000002e   Code   RO         1658    .text.vPortExitCritical  port.o
    0x080067be   0x080067be   0x00000002   PAD
    0x080067c0   0x080067c0   0x000000d4   Code   RO         1620    .text.vPortFree     heap_4.o
    0x08006894   0x08006894   0x00000034   Code   RO         1648    .text.vPortSetupTimerInterrupt  port.o
    0x080068c8   0x080068c8   0x0000009e   Code   RO         1408    .text.vTaskDelay    tasks.o
    0x08006966   0x08006966   0x00000002   PAD
    0x08006968   0x08006968   0x000000cc   Code   RO         1430    .text.vTaskStartScheduler  tasks.o
    0x08006a34   0x08006a34   0x00000010   Code   RO         1410    .text.vTaskSuspendAll  tasks.o
    0x08006a44   0x08006a44   0x0000006e   Code   RO         1424    .text.vTaskSwitchContext  tasks.o
    0x08006ab2   0x08006ab2   0x00000002   PAD
    0x08006ab4   0x08006ab4   0x00000188   Code   RO         1646    .text.xPortStartScheduler  port.o
    0x08006c3c   0x08006c3c   0x00000060   Code   RO         1404    .text.xTaskCreate   tasks.o
    0x08006c9c   0x08006c9c   0x00000076   Code   RO         1398    .text.xTaskCreateStatic  tasks.o
    0x08006d12   0x08006d12   0x00000002   PAD
    0x08006d14   0x08006d14   0x00000106   Code   RO         1436    .text.xTaskIncrementTick  tasks.o
    0x08006e1a   0x08006e1a   0x00000002   PAD
    0x08006e1c   0x08006e1c   0x000000ea   Code   RO         1414    .text.xTaskResumeAll  tasks.o
    0x08006f06   0x08006f06   0x00000026   Code   RO         2092    i.__ARM_fpclassifyf  m_wm.l(fpclassifyf.o)
    0x08006f2c   0x08006f2c   0x0000012c   Code   RO         1949    i.__hardfp_asinf    m_wm.l(asinf.o)
    0x08007058   0x08007058   0x000002ac   Code   RO         1955    i.__hardfp_atan2f   m_wm.l(atan2f.o)
    0x08007304   0x08007304   0x00000150   Code   RO         1961    i.__hardfp_cosf     m_wm.l(cosf.o)
    0x08007454   0x08007454   0x00000190   Code   RO         1967    i.__hardfp_sinf     m_wm.l(sinf.o)
    0x080075e4   0x080075e4   0x00000006   Code   RO         2095    i.__mathlib_flt_infnan  m_wm.l(funder.o)
    0x080075ea   0x080075ea   0x00000006   Code   RO         2096    i.__mathlib_flt_infnan2  m_wm.l(funder.o)
    0x080075f0   0x080075f0   0x00000010   Code   RO         2097    i.__mathlib_flt_invalid  m_wm.l(funder.o)
    0x08007600   0x08007600   0x00000010   Code   RO         2100    i.__mathlib_flt_underflow  m_wm.l(funder.o)
    0x08007610   0x08007610   0x00000154   Code   RO         2108    i.__mathlib_rredf2  m_wm.l(rredf.o)
    0x08007764   0x08007764   0x0000003e   Code   RO         2113    i.sqrtf             m_wm.l(sqrtf.o)
    0x080077a2   0x080077a2   0x00000002   PAD
    0x080077a4   0x080077a4   0x00000062   Code   RO         1927    x$fpl$d2f           fz_wm.l(d2f.o)
    0x08007806   0x08007806   0x00000002   PAD
    0x08007808   0x08007808   0x00000150   Code   RO         1929    x$fpl$dadd          fz_wm.l(daddsub_clz.o)
    0x08007958   0x08007958   0x000002b4   Code   RO         1936    x$fpl$ddiv          fz_wm.l(ddiv.o)
    0x08007c0c   0x08007c0c   0x00000026   Code   RO         1939    x$fpl$dfltu         fz_wm.l(dflt_clz.o)
    0x08007c32   0x08007c32   0x00000002   PAD
    0x08007c34   0x08007c34   0x00000154   Code   RO         1945    x$fpl$dmul          fz_wm.l(dmul.o)
    0x08007d88   0x08007d88   0x0000009c   Code   RO         2075    x$fpl$dnaninf       fz_wm.l(dnaninf.o)
    0x08007e24   0x08007e24   0x0000000c   Code   RO         2077    x$fpl$dretinf       fz_wm.l(dretinf.o)
    0x08007e30   0x08007e30   0x000001dc   Code   RO         1931    x$fpl$dsub          fz_wm.l(daddsub_clz.o)
    0x0800800c   0x0800800c   0x00000056   Code   RO         1947    x$fpl$f2d           fz_wm.l(f2d.o)
    0x08008062   0x08008062   0x0000008c   Code   RO         2079    x$fpl$fnaninf       fz_wm.l(fnaninf.o)
    0x080080ee   0x080080ee   0x0000001a   Code   RO         2300    x$fpl$fpinit        fz_wm.l(fpinit.o)
    0x08008108   0x08008108   0x0000000a   Code   RO         2081    x$fpl$fretinf       fz_wm.l(fretinf.o)
    0x08008112   0x08008112   0x00000000   Code   RO         2091    x$fpl$usenofp       fz_wm.l(usenofp.o)
    0x08008112   0x08008112   0x00000002   PAD
    0x08008114   0x08008114   0x00000020   Data   RO         2109    .constdata          m_wm.l(rredf.o)
    0x08008134   0x08008134   0x00000018   Data   RO         1842    .rodata..L__const.gimbal_init.gimbal_mcu_current_PID  gimbal.o
    0x0800814c   0x0800814c   0x00000010   Data   RO         1244    .rodata.AHBPrescTable  system_stm32f4xx.o
    0x0800815c   0x0800815c   0x00000008   Data   RO         1245    .rodata.APBPrescTable  system_stm32f4xx.o
    0x08008164   0x08008164   0x00000008   Data   RO          471    .rodata.cst8        stm32f4xx_hal_dma.o
    0x0800816c   0x0800816c   0x0000003a   Data   RO           54    .rodata.str1.1      freertos.o
    0x080081a6   0x080081a6   0x00000012   Data   RO         1880    .rodata.write_BMI088_accel_reg_data_error  bmi088driver.o
    0x080081b8   0x080081b8   0x00000012   Data   RO         1881    .rodata.write_BMI088_gyro_reg_data_error  bmi088driver.o
    0x080081ca   0x080081ca   0x00000002   PAD
    0x080081cc   0x080081cc   0x00000020   Data   RO         2361    Region$$Table       anon$$obj.o


    Execution Region RW_IRAM1 (Exec base: 0x20000000, Load base: 0x080081f0, Size: 0x00005658, Max: 0x0001c000, ABSOLUTE)

    Exec Addr    Load Addr    Size         Type   Attr      Idx    E Section Name        Object

    0x20000000   0x080081f0   0x00000008   Data   RW          649    .data..L_MergedGlobals  stm32f4xx_hal.o
    0x20000008   0x080081f8   0x00000010   Data   RW         1843    .data..L_MergedGlobals  gimbal.o
    0x20000018   0x08008208   0x0000000c   Data   RW         1882    .data..L_MergedGlobals  bmi088driver.o
    0x20000024   0x08008214   0x00000004   Data   RW         1243    .data.SystemCoreClock  system_stm32f4xx.o
    0x20000028   0x08008218   0x0000000c   Data   RW         1807    .data.gravity       ins_task.o
    0x20000034   0x08008224   0x00000004   Data   RW         1666    .data.uxCriticalNesting  port.o
    0x20000038        -       0x00000060   Zero   RW         2160    .bss                c_w.l(libspace.o)
    0x20000098        -       0x00000014   Zero   RW           55    .bss..L_MergedGlobals  freertos.o
    0x200000ac        -       0x00000078   Zero   RW         1493    .bss..L_MergedGlobals  tasks.o
    0x20000124        -       0x00000020   Zero   RW         1631    .bss..L_MergedGlobals  heap_4.o
    0x20000144        -       0x00000008   Zero   RW         1667    .bss..L_MergedGlobals  port.o
    0x2000014c   0x08008228   0x00000004   PAD
    0x20000150        -       0x00000028   Zero   RW         1692    .bss..L_MergedGlobals  bsp_dwt.o
    0x20000178        -       0x0000003a   Zero   RW         1735    .bss..L_MergedGlobals  usart_rc_dbus.o
    0x200001b2   0x08008228   0x00000002   PAD
    0x200001b4        -       0x00000024   Zero   RW         1811    .bss..L_MergedGlobals  ins_task.o
    0x200001d8        -       0x00000016   Zero   RW         1829    .bss..L_MergedGlobals  usart_task.o
    0x200001ee   0x08008228   0x00000002   PAD
    0x200001f0        -       0x0000001c   Zero   RW         1844    .bss..L_MergedGlobals.1  gimbal.o
    0x2000020c        -       0x00000028   Zero   RW         1494    .bss..L_MergedGlobals.2  tasks.o
    0x20000234        -       0x00000064   Zero   RW         1883    .bss..L_MergedGlobals.3  bmi088driver.o
    0x20000298        -       0x00000004   Zero   RW         1902    .bss.BMI088_SPI     bmi088middleware.o
    0x2000029c        -       0x00000004   Zero   RW           74    .bss.HAL_RCC_CAN1_CLK_ENABLED  can.o
    0x200002a0        -       0x00000094   Zero   RW         1809    .bss.INS            ins_task.o
    0x20000334        -       0x00000028   Zero   RW           72    .bss.hcan1          can.o
    0x2000035c        -       0x00000028   Zero   RW           73    .bss.hcan2          can.o
    0x20000384        -       0x00000024   Zero   RW         1715    .bss.hcanRxFrame    can_receive.o
    0x200003a8        -       0x00000060   Zero   RW          143    .bss.hdma_uart4_rx  usart.o
    0x20000408        -       0x00000060   Zero   RW          144    .bss.hdma_uart4_tx  usart.o
    0x20000468        -       0x00000060   Zero   RW          145    .bss.hdma_usart1_rx  usart.o
    0x200004c8        -       0x00000060   Zero   RW          146    .bss.hdma_usart1_tx  usart.o
    0x20000528        -       0x00000060   Zero   RW          147    .bss.hdma_usart6_rx  usart.o
    0x20000588        -       0x00000058   Zero   RW           98    .bss.hspi2          spi.o
    0x200005e0        -       0x00000048   Zero   RW          115    .bss.htim2          tim.o
    0x20000628        -       0x00000048   Zero   RW          210    .bss.htim3          stm32f4xx_hal_timebase_tim.o
    0x20000670        -       0x00000048   Zero   RW          140    .bss.huart1         usart.o
    0x200006b8        -       0x00000048   Zero   RW          141    .bss.huart2         usart.o
    0x20000700        -       0x00000048   Zero   RW          138    .bss.huart4         usart.o
    0x20000748        -       0x00000048   Zero   RW          139    .bss.huart5         usart.o
    0x20000790        -       0x00000048   Zero   RW          142    .bss.huart6         usart.o
    0x200007d8        -       0x00000084   Zero   RW         1808    .bss.mahony         ins_task.o
    0x2000085c        -       0x00000600   Zero   RW         1716    .bss.motor_chassis  can_receive.o
    0x20000e5c        -       0x00000300   Zero   RW         1717    .bss.motor_gimbal   can_receive.o
    0x2000115c        -       0x0000008c   Zero   RW         1492    .bss.pxReadyTasksLists  tasks.o
    0x200011e8        -       0x00000012   Zero   RW         1828    .bss.uart4_rx_data  usart_task.o
    0x200011fa        -       0x00003c00   Zero   RW         1630    .bss.ucHeap         heap_4.o
    0x20004dfa   0x08008228   0x00000002   PAD
    0x20004dfc        -       0x00000004   Zero   RW          648    .bss.uwTick         stm32f4xx_hal.o
    0x20004e00        -       0x00000200   Zero   RW           53    .bss.xIdleStack     freertos.o
    0x20005000        -       0x00000054   Zero   RW           52    .bss.xIdleTaskTCBBuffer  freertos.o
    0x20005054   0x08008228   0x00000004   PAD
    0x20005058        -       0x00000200   Zero   RW            2    HEAP                startup_stm32f407xx.o
    0x20005258        -       0x00000400   Zero   RW            1    STACK               startup_stm32f407xx.o


    Execution Region RW_IRAM2 (Exec base: 0x2001c000, Load base: 0x08008228, Size: 0x00000000, Max: 0x00004000, ABSOLUTE)

    **** No section assigned to this execution region ****


==============================================================================

Image component sizes


      Code (inc. data)   RO Data    RW Data    ZI Data      Debug   Object Name

      2840         40         36         12        100      10062   bmi088driver.o
       122          0          0          0          4       4257   bmi088middleware.o
       526          8          0          0         40       4899   bsp_dwt.o
       414          0          0          0         84       6863   can.o
       352         32          0          0       2340       7210   can_receive.o
       118          0          0          0          0      24949   cmsis_os.o
       140          0          0          0          0       3507   dma.o
       386        140         58          0        616       3944   freertos.o
       172          0          0          0          0       5415   function.o
      1240         96         24         16         28       2891   gimbal.o
       254          0          0          0          0       2463   gpio.o
       712          0          0          0      15392       5747   heap_4.o
       800         32          0         12        316       4399   ins_task.o
       190          0          0          0          0       2319   list.o
       748          0          0          0          0       3273   mahony_filter.o
       332          0          0          0          0       7877   main.o
       478         16          0          0          0       2550   pid.o
       900         16          0          4          8       4342   port.o
       190          0          0          0         88       5251   spi.o
        64         26        392          0       1536        836   startup_stm32f407xx.o
       132          0          0          8          4       7299   stm32f4xx_hal.o
      1698          6          0          0          0      13822   stm32f4xx_hal_can.o
       152          0          0          0          0      10753   stm32f4xx_hal_cortex.o
      1142          6          8          0          0      10730   stm32f4xx_hal_dma.o
       114          0          0          0          0       4810   stm32f4xx_hal_dma_ex.o
       440          0          0          0          0       5327   stm32f4xx_hal_gpio.o
        66          0          0          0          0       3531   stm32f4xx_hal_msp.o
      1544          0          0          0          0       7379   stm32f4xx_hal_rcc.o
      1314          0          0          0          0      26323   stm32f4xx_hal_spi.o
      1574          6          0          0          0      55568   stm32f4xx_hal_tim.o
       190          0          0          0          0      21018   stm32f4xx_hal_tim_ex.o
       188          0          0          0         72       7230   stm32f4xx_hal_timebase_tim.o
      3470          0          0          0          0      32098   stm32f4xx_hal_uart.o
       132          0          0          0          0       7867   stm32f4xx_it.o
        18          0         24          4          0       2643   system_stm32f4xx.o
      1864          8          0          0        300      28101   tasks.o
       242          0          0          0         72       6680   tim.o
      1294          0          0          0        840       8807   usart.o
       484          0          0          0         58       5231   usart_rc_dbus.o
       178          0          0          0         40       4718   usart_task.o

    ----------------------------------------------------------------------
     27434        432        576         56      21952     382989   Object Totals
         0          0         32          0          0          0   (incl. Generated)
       220          0          2          0         14          0   (incl. Padding)

    ----------------------------------------------------------------------

      Code (inc. data)   RO Data    RW Data    ZI Data      Debug   Library Member Name

         8          0          0          0          0         68   __main.o
         0          0          0          0          0          0   __rtentry.o
        12          0          0          0          0          0   __rtentry2.o
         6          0          0          0          0          0   __rtentry4.o
        94          8          0          0          0          0   __scatter.o
        26          0          0          0          0          0   __scatter_copy.o
        28          0          0          0          0          0   __scatter_zi.o
        22          0          0          0          0        100   _rserrno.o
        18          0          0          0          0         80   exit.o
         6          0          0          0          0        152   heapauxi.o
         0          0          0          0          0          0   indicate_semi.o
         2          0          0          0          0          0   libinit.o
         6          0          0          0          0          0   libinit2.o
         2          0          0          0          0          0   libshutdown.o
         2          0          0          0          0          0   libshutdown2.o
         8          4          0          0         96         68   libspace.o
       240          0          0          0          0        100   lludivv7m.o
         8          4          0          0          0         68   rt_errno_addr_intlibspace.o
         2          0          0          0          0          0   rtexit.o
        10          0          0          0          0          0   rtexit2.o
        12          4          0          0          0         68   sys_exit.o
        74          0          0          0          0         80   sys_stackheap_outer.o
         2          0          0          0          0         68   use_no_semi.o
        98          4          0          0          0        140   d2f.o
       812         16          0          0          0        392   daddsub_clz.o
       692        140          0          0          0        264   ddiv.o
        38          0          0          0          0        116   dflt_clz.o
       340         12          0          0          0        152   dmul.o
       156          4          0          0          0        140   dnaninf.o
        12          0          0          0          0        116   dretinf.o
        86          4          0          0          0        132   f2d.o
       140          4          0          0          0        132   fnaninf.o
        26          0          0          0          0        116   fpinit.o
        10          0          0          0          0        116   fretinf.o
         0          0          0          0          0          0   usenofp.o
       300         42          0          0          0        176   asinf.o
       684         90          0          0          0        208   atan2f.o
       336         56          0          0          0        136   cosf.o
        38          0          0          0          0        116   fpclassifyf.o
        44         12          0          0          0        464   funder.o
       340         24         32          0          0        160   rredf.o
       400         56          0          0          0        212   sinf.o
        62          0          0          0          0        136   sqrtf.o

    ----------------------------------------------------------------------
      5218        484         32          0         96       4276   Library Totals
        16          0          0          0          0          0   (incl. Padding)

    ----------------------------------------------------------------------

      Code (inc. data)   RO Data    RW Data    ZI Data      Debug   Library Name

       588         20          0          0         96        852   c_w.l
      2410        184          0          0          0       1816   fz_wm.l
      2204        280         32          0          0       1608   m_wm.l

    ----------------------------------------------------------------------
      5218        484         32          0         96       4276   Library Totals

    ----------------------------------------------------------------------

==============================================================================


      Code (inc. data)   RO Data    RW Data    ZI Data      Debug   

     32652        916        608         56      22048     384161   Grand Totals
     32652        916        608         56      22048     384161   ELF Image Totals
     32652        916        608         56          0          0   ROM Totals

==============================================================================

    Total RO  Size (Code + RO Data)                33260 (  32.48kB)
    Total RW  Size (RW Data + ZI Data)             22104 (  21.59kB)
    Total ROM Size (Code + RO Data + RW Data)      33316 (  32.54kB)

==============================================================================

