<html>
<body>
<pre>
<h1>µVision Build Log</h1>
<h2>Tool Versions:</h2>
IDE-Version: ¦ÌVision V5.39.0.0
Copyright (C) 2023 ARM Ltd and ARM Germany GmbH. All rights reserved.
License Information: Hasee,   , LIC=RC93N-YVMDY-Z94G9-4LE9G-EKBDM-27B9V
 
Tool Versions:
Toolchain:       MDK-ARM Plus  Version: 5.39.0.0
Toolchain Path:  D:\app\keil stm32\ARM\ARMCLANG\Bin
C Compiler:      ArmClang.exe V6.21
Assembler:       Armasm.exe V6.21
Linker/Locator:  ArmLink.exe V6.21
Library Manager: ArmAr.exe V6.21
Hex Converter:   FromElf.exe V6.21
CPU DLL:         SARMCM3.DLL V5.39.0.0
Dialog DLL:      DCM.DLL V1.17.5.0
Target DLL:      CMSIS_AGDI.dll V1.33.16.0
Dialog DLL:      TCM.DLL V1.56.4.0
 
<h2>Project:</h2>
D:\app\STM32_Project\F407VET6_CHASSIS\MDK-ARM\F407VET6_CHASSIS.uvprojx
Project File Date:  11/21/2024

<h2>Output:</h2>
*** Using Compiler 'V6.21', folder: 'D:\app\keil stm32\ARM\ARMCLANG\Bin'
Rebuild target 'F407VET6_CHASSIS'
assembling startup_stm32f407xx.s...
compiling dma.c...
compiling stm32f4xx_hal_timebase_tim.c...
compiling can.c...
compiling spi.c...
compiling stm32f4xx_hal_msp.c...
compiling gpio.c...
compiling stm32f4xx_it.c...
compiling usart.c...
compiling main.c...
compiling freertos.c...
compiling stm32f4xx_hal_can.c...
compiling stm32f4xx_hal_rcc.c...
compiling stm32f4xx_hal_rcc_ex.c...
compiling stm32f4xx_hal_flash_ramfunc.c...
compiling stm32f4xx_hal_pwr_ex.c...
compiling stm32f4xx_hal_flash_ex.c...
compiling stm32f4xx_hal_flash.c...
compiling stm32f4xx_hal_gpio.c...
compiling stm32f4xx_hal_pwr.c...
compiling stm32f4xx_hal.c...
compiling stm32f4xx_hal_dma_ex.c...
compiling stm32f4xx_hal_cortex.c...
compiling stm32f4xx_hal_dma.c...
compiling stm32f4xx_hal_exti.c...
compiling stm32f4xx_hal_spi.c...
compiling system_stm32f4xx.c...
compiling USART_task.c...
compiling pid.c...
compiling can_receive.c...
compiling usart_rc_dbus.c...
compiling bsp_dwt.c...
compiling Steering_wheel_chassis.c...
compiling INS_task.c...
compiling mahony_filter.c...
compiling stm32f4xx_hal_tim_ex.c...
compiling BMI088driver.c...
compiling stm32f4xx_hal_uart.c...
compiling croutine.c...
compiling list.c...
compiling BMI088Middleware.c...
compiling event_groups.c...
compiling stm32f4xx_hal_tim.c...
compiling stream_buffer.c...
compiling queue.c...
compiling timers.c...
compiling tasks.c...
compiling port.c...
compiling heap_4.c...
compiling cmsis_os.c...
linking...
Program Size: Code=25336 RO-data=540 RW-data=40 ZI-data=36288  
FromELF: creating hex file...
"F407VET6_CHASSIS\F407VET6_CHASSIS.axf" - 0 Error(s), 0 Warning(s).

<h2>Software Packages used:</h2>

Package Vendor: ARM
                http://www.keil.com/pack/ARM.CMSIS.5.9.0.pack
                ARM::CMSIS@5.9.0
                CMSIS (Common Microcontroller Software Interface Standard)
   * Component: CORE Version: 5.6.0

Package Vendor: Keil
                https://www.keil.com/pack/Keil.STM32F4xx_DFP.2.17.1.pack
                Keil::STM32F4xx_DFP@2.17.1
                STMicroelectronics STM32F4 Series Device Support, Drivers and Examples

<h2>Collection of Component include folders:</h2>
  ./RTE/_F407VET6_CHASSIS
  D:/app/keil stm32/pack/ARM/CMSIS/5.9.0/CMSIS/Core/Include
  D:/app/keil stm32/pack/STM32F4xx.DFP/Drivers/CMSIS/Device/ST/STM32F4xx/Include

<h2>Collection of Component Files used:</h2>

   * Component: ARM::CMSIS:CORE@5.6.0
      Include file:  CMSIS/Core/Include/tz_context.h
Build Time Elapsed:  00:00:04
</pre>
</body>
</html>
