Component: Arm Compiler for Embedded 6.21 Tool: armlink [5ec1fa00]

==============================================================================

Section Cross References

    startup_stm32f407xx.o(STACK) refers (Special) to heapauxi.o(.text) for __use_two_region_memory
    startup_stm32f407xx.o(HEAP) refers (Special) to heapauxi.o(.text) for __use_two_region_memory
    startup_stm32f407xx.o(RESET) refers (Special) to heapauxi.o(.text) for __use_two_region_memory
    startup_stm32f407xx.o(RESET) refers to startup_stm32f407xx.o(STACK) for __initial_sp
    startup_stm32f407xx.o(RESET) refers to startup_stm32f407xx.o(.text) for Reset_Handler
    startup_stm32f407xx.o(RESET) refers to stm32f4xx_it.o(.text.NMI_Handler) for NMI_Handler
    startup_stm32f407xx.o(RESET) refers to stm32f4xx_it.o(.text.HardFault_Handler) for HardFault_Handler
    startup_stm32f407xx.o(RESET) refers to stm32f4xx_it.o(.text.MemManage_Handler) for MemManage_Handler
    startup_stm32f407xx.o(RESET) refers to stm32f4xx_it.o(.text.BusFault_Handler) for BusFault_Handler
    startup_stm32f407xx.o(RESET) refers to stm32f4xx_it.o(.text.UsageFault_Handler) for UsageFault_Handler
    startup_stm32f407xx.o(RESET) refers to port.o(.text.SVC_Handler) for SVC_Handler
    startup_stm32f407xx.o(RESET) refers to stm32f4xx_it.o(.text.DebugMon_Handler) for DebugMon_Handler
    startup_stm32f407xx.o(RESET) refers to port.o(.text.PendSV_Handler) for PendSV_Handler
    startup_stm32f407xx.o(RESET) refers to port.o(.text.SysTick_Handler) for SysTick_Handler
    startup_stm32f407xx.o(RESET) refers to stm32f4xx_it.o(.text.DMA1_Stream2_IRQHandler) for DMA1_Stream2_IRQHandler
    startup_stm32f407xx.o(RESET) refers to stm32f4xx_it.o(.text.DMA1_Stream4_IRQHandler) for DMA1_Stream4_IRQHandler
    startup_stm32f407xx.o(RESET) refers to stm32f4xx_it.o(.text.CAN1_RX0_IRQHandler) for CAN1_RX0_IRQHandler
    startup_stm32f407xx.o(RESET) refers to stm32f4xx_it.o(.text.TIM2_IRQHandler) for TIM2_IRQHandler
    startup_stm32f407xx.o(RESET) refers to stm32f4xx_it.o(.text.DMA2_Stream1_IRQHandler) for DMA2_Stream1_IRQHandler
    startup_stm32f407xx.o(RESET) refers to stm32f4xx_it.o(.text.DMA2_Stream2_IRQHandler) for DMA2_Stream2_IRQHandler
    startup_stm32f407xx.o(RESET) refers to usart_rc_dbus.o(.text.USART6_IRQHandler) for USART6_IRQHandler
    startup_stm32f407xx.o(.text) refers (Special) to heapauxi.o(.text) for __use_two_region_memory
    startup_stm32f407xx.o(.text) refers to system_stm32f4xx.o(.text.SystemInit) for SystemInit
    startup_stm32f407xx.o(.text) refers to __main.o(!!!main) for __main
    startup_stm32f407xx.o(.text) refers to startup_stm32f407xx.o(HEAP) for Heap_Mem
    startup_stm32f407xx.o(.text) refers to startup_stm32f407xx.o(STACK) for Stack_Mem
    main.o(.text.main) refers to stm32f4xx_hal.o(.text.HAL_Init) for HAL_Init
    main.o(.text.main) refers to main.o(.text.SystemClock_Config) for SystemClock_Config
    main.o(.text.main) refers to gpio.o(.text.MX_GPIO_Init) for MX_GPIO_Init
    main.o(.text.main) refers to dma.o(.text.MX_DMA_Init) for MX_DMA_Init
    main.o(.text.main) refers to can.o(.text.MX_CAN1_Init) for MX_CAN1_Init
    main.o(.text.main) refers to can.o(.text.MX_CAN2_Init) for MX_CAN2_Init
    main.o(.text.main) refers to spi.o(.text.MX_SPI2_Init) for MX_SPI2_Init
    main.o(.text.main) refers to usart.o(.text.MX_UART4_Init) for MX_UART4_Init
    main.o(.text.main) refers to usart.o(.text.MX_UART5_Init) for MX_UART5_Init
    main.o(.text.main) refers to usart.o(.text.MX_USART2_UART_Init) for MX_USART2_UART_Init
    main.o(.text.main) refers to usart.o(.text.MX_USART6_UART_Init) for MX_USART6_UART_Init
    main.o(.text.main) refers to usart.o(.text.MX_USART1_UART_Init) for MX_USART1_UART_Init
    main.o(.text.main) refers to can_receive.o(.text.CAN_Init) for CAN_Init
    main.o(.text.main) refers to usart_rc_dbus.o(.text.rc_dbus_init) for rc_dbus_init
    main.o(.text.main) refers to usart_task.o(.text.USART_485_init) for USART_485_init
    main.o(.text.main) refers to bsp_dwt.o(.text.DWT_Init) for DWT_Init
    main.o(.text.main) refers to spi.o(.bss.hspi2) for hspi2
    main.o(.text.main) refers to bmi088driver.o(.text.BMI088_init) for BMI088_init
    main.o(.text.main) refers to stm32f4xx_hal_gpio.o(.text.HAL_GPIO_TogglePin) for HAL_GPIO_TogglePin
    main.o(.text.main) refers to freertos.o(.text.MX_FREERTOS_Init) for MX_FREERTOS_Init
    main.o(.text.main) refers to cmsis_os.o(.text.osKernelStart) for osKernelStart
    main.o(.ARM.exidx.text.main) refers to main.o(.text.main) for [Anonymous Symbol]
    main.o(.text.SystemClock_Config) refers to stm32f4xx_hal_rcc.o(.text.HAL_RCC_OscConfig) for HAL_RCC_OscConfig
    main.o(.text.SystemClock_Config) refers to stm32f4xx_hal_rcc.o(.text.HAL_RCC_ClockConfig) for HAL_RCC_ClockConfig
    main.o(.ARM.exidx.text.SystemClock_Config) refers to main.o(.text.SystemClock_Config) for [Anonymous Symbol]
[...]
    xStart                                   0x200001e0   Data           8  heap_4.o(.bss..L_MergedGlobals)
    .L_MergedGlobals                         0x200001e8   Data           8  port.o(.bss..L_MergedGlobals)
    ucMaxSysCallPriority                     0x200001e8   Data           1  port.o(.bss..L_MergedGlobals)
    [Anonymous Symbol]                       0x200001e8   Section        0  port.o(.bss..L_MergedGlobals)
    ulMaxPRIGROUPValue                       0x200001ec   Data           4  port.o(.bss..L_MergedGlobals)
    .L_MergedGlobals.2                       0x200001f0   Data          40  tasks.o(.bss..L_MergedGlobals.2)
    xDelayedTaskList1                        0x200001f0   Data          20  tasks.o(.bss..L_MergedGlobals.2)
    [Anonymous Symbol]                       0x200001f0   Section        0  tasks.o(.bss..L_MergedGlobals.2)
    xDelayedTaskList2                        0x20000204   Data          20  tasks.o(.bss..L_MergedGlobals.2)
    .L_MergedGlobals.3                       0x20000218   Data         100  bmi088driver.o(.bss..L_MergedGlobals.3)
    error                                    0x20000218   Data           1  bmi088driver.o(.bss..L_MergedGlobals.3)
    [Anonymous Symbol]                       0x20000218   Section        0  bmi088driver.o(.bss..L_MergedGlobals.3)
    res                                      0x20000219   Data           1  bmi088driver.o(.bss..L_MergedGlobals.3)
    write_reg_num                            0x2000021a   Data           1  bmi088driver.o(.bss..L_MergedGlobals.3)
    BMI088_Read.buf.0                        0x2000021b   Data           1  bmi088driver.o(.bss..L_MergedGlobals.3)
    BMI088_Read.buf.1                        0x2000021c   Data           1  bmi088driver.o(.bss..L_MergedGlobals.3)
    BMI088_Read.buf.2                        0x2000021d   Data           1  bmi088driver.o(.bss..L_MergedGlobals.3)
    BMI088_Read.buf.3                        0x2000021e   Data           1  bmi088driver.o(.bss..L_MergedGlobals.3)
    BMI088_Read.buf.4                        0x2000021f   Data           1  bmi088driver.o(.bss..L_MergedGlobals.3)
    BMI088_Read.buf.5                        0x20000220   Data           1  bmi088driver.o(.bss..L_MergedGlobals.3)
    BMI088_Read.buf.6                        0x20000221   Data           1  bmi088driver.o(.bss..L_MergedGlobals.3)
    BMI088_Read.buf.7                        0x20000222   Data           1  bmi088driver.o(.bss..L_MergedGlobals.3)
    Calibrate_MPU_Offset.startTime           0x2000022c   Data           4  bmi088driver.o(.bss..L_MergedGlobals.3)
    HAL_RCC_CAN1_CLK_ENABLED                 0x200004a8   Data           4  can.o(.bss.HAL_RCC_CAN1_CLK_ENABLED)
    [Anonymous Symbol]                       0x200004a8   Section        0  can.o(.bss.HAL_RCC_CAN1_CLK_ENABLED)
    pxReadyTasksLists                        0x20000d00   Data         140  tasks.o(.bss.pxReadyTasksLists)
    [Anonymous Symbol]                       0x20000d00   Section        0  tasks.o(.bss.pxReadyTasksLists)
    ucHeap                                   0x20000d8c   Data       30720  heap_4.o(.bss.ucHeap)
    [Anonymous Symbol]                       0x20000d8c   Section        0  heap_4.o(.bss.ucHeap)
    xIdleStack                               0x20008590   Data         512  freertos.o(.bss.xIdleStack)
    [Anonymous Symbol]                       0x20008590   Section        0  freertos.o(.bss.xIdleStack)
    xIdleTaskTCBBuffer                       0x20008790   Data          84  freertos.o(.bss.xIdleTaskTCBBuffer)
    [Anonymous Symbol]                       0x20008790   Section        0  freertos.o(.bss.xIdleTaskTCBBuffer)
    Heap_Mem                                 0x200087e8   Data         512  startup_stm32f407xx.o(HEAP)
    HEAP                                     0x200087e8   Section      512  startup_stm32f407xx.o(HEAP)
    Stack_Mem                                0x200089e8   Data        1024  startup_stm32f407xx.o(STACK)
    STACK                                    0x200089e8   Section     1024  startup_stm32f407xx.o(STACK)
    __initial_sp                             0x20008de8   Data           0  startup_stm32f407xx.o(STACK)

    Global Symbols

    Symbol Name                              Value     Ov Type        Size  Object(Section)

    BuildAttributes$$THM_ISAv4$E$P$D$K$B$S$7EM$VFPi3$EXTD16$VFPS$VFMA$PE$A:L22UL41UL21$X:L11$S22US41US21$IEEE1$IW$~IW$USESV6$~STKCKD$USESV7$~SHL$OTIME$ROPI$IEEEX$EBA8$UX$STANDARDLIB$REQ8$PRES8$EABIv2 0x00000000   Number         0  anon$$obj.o ABSOLUTE
    __ARM_exceptions_init                     - Undefined Weak Reference
    __alloca_initialize                       - Undefined Weak Reference
    __arm_preinit_                            - Undefined Weak Reference
    __arm_relocate_pie_                       - Undefined Weak Reference
    __cpp_initialize__aeabi_                  - Undefined Weak Reference
    __cxa_finalize                            - Undefined Weak Reference
    __rt_locale                               - Undefined Weak Reference
    __sigvec_lookup                           - Undefined Weak Reference
    _atexit_init                              - Undefined Weak Reference
    _call_atexit_fns                          - Undefined Weak Reference
    _clock_init                               - Undefined Weak Reference
    _fp_trap_init                             - Undefined Weak Reference
    _fp_trap_shutdown                         - Undefined Weak Reference
    _get_lc_collate                           - Undefined Weak Reference
    _get_lc_ctype                             - Undefined Weak Reference
    _get_lc_monetary                          - Undefined Weak Reference
    _get_lc_numeric                           - Undefined Weak Reference
    _get_lc_time                              - Undefined Weak Reference
    _getenv_init                              - Undefined Weak Reference
    _handle_redirection                       - Undefined Weak Reference
    _init_alloc                               - Undefined Weak Reference
    _init_user_alloc                          - Undefined Weak Reference
    _initio                                   - Undefined Weak Reference
    _rand_init                                - Undefined Weak Reference
    _signal_finish                            - Undefined Weak Reference
    _signal_init                              - Undefined Weak Reference
    _terminate_alloc                          - Undefined Weak Reference
    _terminate_user_alloc                     - Undefined Weak Reference
    _terminateio                              - Undefined Weak Reference
    __Vectors_Size                           0x00000188   Number         0  startup_stm32f407xx.o ABSOLUTE
    __Vectors                                0x08000000   Data           4  startup_stm32f407xx.o(RESET)
    __Vectors_End                            0x08000188   Data           0  startup_stm32f407xx.o(RESET)
    __main                                   0x08000189   Thumb Code     8  __main.o(!!!main)
    __scatterload                            0x08000191   Thumb Code     0  __scatter.o(!!!scatter)
    __scatterload_rt2                        0x08000191   Thumb Code    84  __scatter.o(!!!scatter)
    __scatterload_rt2_thumb_only             0x08000191   Thumb Code     0  __scatter.o(!!!scatter)
    __scatterload_loop                       0x0800019b   Thumb Code     0  __scatter.o(!!!scatter)
    __scatterload_copy                       0x080001ed   Thumb Code    26  __scatter_copy.o(!!handler_copy)
    __scatterload_null                       0x08000209   Thumb Code     2  __scatter.o(!!handler_null)
    __scatterload_zeroinit                   0x0800020d   Thumb Code    28  __scatter_zi.o(!!handler_zi)
    __rt_lib_init                            0x08000229   Thumb Code     0  libinit.o(.ARM.Collect$$libinit$$00000000)
    __rt_lib_init_fp_1                       0x0800022b   Thumb Code     0  libinit2.o(.ARM.Collect$$libinit$$00000001)
    __rt_lib_init_alloca_1                   0x0800022f   Thumb Code     0  libinit2.o(.ARM.Collect$$libinit$$00000030)
    __rt_lib_init_argv_1                     0x0800022f   Thumb Code     0  libinit2.o(.ARM.Collect$$libinit$$0000002E)
    __rt_lib_init_atexit_1                   0x0800022f   Thumb Code     0  libinit2.o(.ARM.Collect$$libinit$$0000001D)
    __rt_lib_init_clock_1                    0x0800022f   Thumb Code     0  libinit2.o(.ARM.Collect$$libinit$$00000023)
    __rt_lib_init_cpp_1                      0x0800022f   Thumb Code     0  libinit2.o(.ARM.Collect$$libinit$$00000034)
    __rt_lib_init_exceptions_1               0x0800022f   Thumb Code     0  libinit2.o(.ARM.Collect$$libinit$$00000032)
    __rt_lib_init_fp_trap_1                  0x0800022f   Thumb Code     0  libinit2.o(.ARM.Collect$$libinit$$00000021)
    __rt_lib_init_getenv_1                   0x0800022f   Thumb Code     0  libinit2.o(.ARM.Collect$$libinit$$00000025)
    __rt_lib_init_heap_1                     0x0800022f   Thumb Code     0  libinit2.o(.ARM.Collect$$libinit$$0000000C)
    __rt_lib_init_lc_collate_1               0x0800022f   Thumb Code     0  libinit2.o(.ARM.Collect$$libinit$$00000013)
    __rt_lib_init_lc_ctype_1                 0x0800022f   Thumb Code     0  libinit2.o(.ARM.Collect$$libinit$$00000015)
    __rt_lib_init_lc_monetary_1              0x0800022f   Thumb Code     0  libinit2.o(.ARM.Collect$$libinit$$00000017)
    __rt_lib_init_lc_numeric_1               0x0800022f   Thumb Code     0  libinit2.o(.ARM.Collect$$libinit$$00000019)
    __rt_lib_init_lc_time_1                  0x0800022f   Thumb Code     0  libinit2.o(.ARM.Collect$$libinit$$0000001B)
    __rt_lib_init_preinit_1                  0x0800022f   Thumb Code     0  libinit2.o(.ARM.Collect$$libinit$$00000006)
    __rt_lib_init_rand_1                     0x0800022f   Thumb Code     0  libinit2.o(.ARM.Collect$$libinit$$00000010)
    __rt_lib_init_relocate_pie_1             0x0800022f   Thumb Code     0  libinit2.o(.ARM.Collect$$libinit$$00000004)
    __rt_lib_init_return                     0x0800022f   Thumb Code     0  libinit2.o(.ARM.Collect$$libinit$$00000035)
    __rt_lib_init_signal_1                   0x0800022f   Thumb Code     0  libinit2.o(.ARM.Collect$$libinit$$0000001F)
    __rt_lib_init_stdio_1                    0x0800022f   Thumb Code     0  libinit2.o(.ARM.Collect$$libinit$$00000027)
    __rt_lib_init_user_alloc_1               0x0800022f   Thumb Code     0  libinit2.o(.ARM.Collect$$libinit$$0000000E)
    __rt_lib_shutdown                        0x08000231   Thumb Code     0  libshutdown.o(.ARM.Collect$$libshutdown$$00000000)
    __rt_lib_shutdown_cpp_1                  0x08000233   Thumb Code     0  libshutdown2.o(.ARM.Collect$$libshutdown$$00000002)
    __rt_lib_shutdown_fp_trap_1              0x08000233   Thumb Code     0  libshutdown2.o(.ARM.Collect$$libshutdown$$00000007)
    __rt_lib_shutdown_heap_1                 0x08000233   Thumb Code     0  libshutdown2.o(.ARM.Collect$$libshutdown$$0000000F)
    __rt_lib_shutdown_return                 0x08000233   Thumb Code     0  libshutdown2.o(.ARM.Collect$$libshutdown$$00000010)
    __rt_lib_shutdown_signal_1               0x08000233   Thumb Code     0  libshutdown2.o(.ARM.Collect$$libshutdown$$0000000A)
    __rt_lib_shutdown_stdio_1                0x08000233   Thumb Code     0  libshutdown2.o(.ARM.Collect$$libshutdown$$00000004)
    __rt_lib_shutdown_user_alloc_1           0x08000233   Thumb Code     0  libshutdown2.o(.ARM.Collect$$libshutdown$$0000000C)
    __rt_entry                               0x08000235   Thumb Code     0  __rtentry.o(.ARM.Collect$$rtentry$$00000000)
    __rt_entry_presh_1                       0x08000235   Thumb Code     0  __rtentry2.o(.ARM.Collect$$rtentry$$00000002)
    __rt_entry_sh                            0x08000235   Thumb Code     0  __rtentry4.o(.ARM.Collect$$rtentry$$00000004)
    __rt_entry_li                            0x0800023b   Thumb Code     0  __rtentry2.o(.ARM.Collect$$rtentry$$0000000A)
    __rt_entry_postsh_1                      0x0800023b   Thumb Code     0  __rtentry2.o(.ARM.Collect$$rtentry$$00000009)
    __rt_entry_main                          0x0800023f   Thumb Code     0  __rtentry2.o(.ARM.Collect$$rtentry$$0000000D)
    __rt_entry_postli_1                      0x0800023f   Thumb Code     0  __rtentry2.o(.ARM.Collect$$rtentry$$0000000C)
    __rt_exit                                0x08000247   Thumb Code     0  rtexit.o(.ARM.Collect$$rtexit$$00000000)
    __rt_exit_ls                             0x08000249   Thumb Code     0  rtexit2.o(.ARM.Collect$$rtexit$$00000003)
    __rt_exit_prels_1                        0x08000249   Thumb Code     0  rtexit2.o(.ARM.Collect$$rtexit$$00000002)
    __rt_exit_exit                           0x0800024d   Thumb Code     0  rtexit2.o(.ARM.Collect$$rtexit$$00000004)
    Reset_Handler                            0x08000255   Thumb Code     8  startup_stm32f407xx.o(.text)
    ADC_IRQHandler                           0x0800026f   Thumb Code     0  startup_stm32f407xx.o(.text)
    CAN1_RX1_IRQHandler                      0x0800026f   Thumb Code     0  startup_stm32f407xx.o(.text)
    CAN1_SCE_IRQHandler                      0x0800026f   Thumb Code     0  startup_stm32f407xx.o(.text)
    CAN1_TX_IRQHandler                       0x0800026f   Thumb Code     0  startup_stm32f407xx.o(.text)
    CAN2_RX0_IRQHandler                      0x0800026f   Thumb Code     0  startup_stm32f407xx.o(.text)
    CAN2_RX1_IRQHandler                      0x0800026f   Thumb Code     0  startup_stm32f407xx.o(.text)
    CAN2_SCE_IRQHandler                      0x0800026f   Thumb Code     0  startup_stm32f407xx.o(.text)
    CAN2_TX_IRQHandler                       0x0800026f   Thumb Code     0  startup_stm32f407xx.o(.text)
    DCMI_IRQHandler                          0x0800026f   Thumb Code     0  startup_stm32f407xx.o(.text)
    DMA1_Stream0_IRQHandler                  0x0800026f   Thumb Code     0  startup_stm32f407xx.o(.text)
    DMA1_Stream1_IRQHandler                  0x0800026f   Thumb Code     0  startup_stm32f407xx.o(.text)
    DMA1_Stream3_IRQHandler                  0x0800026f   Thumb Code     0  startup_stm32f407xx.o(.text)
    DMA1_Stream5_IRQHandler                  0x0800026f   Thumb Code     0  startup_stm32f407xx.o(.text)
    DMA1_Stream6_IRQHandler                  0x0800026f   Thumb Code     0  startup_stm32f407xx.o(.text)
    DMA1_Stream7_IRQHandler                  0x0800026f   Thumb Code     0  startup_stm32f407xx.o(.text)
    DMA2_Stream0_IRQHandler                  0x0800026f   Thumb Code     0  startup_stm32f407xx.o(.text)
    DMA2_Stream3_IRQHandler                  0x0800026f   Thumb Code     0  startup_stm32f407xx.o(.text)
    DMA2_Stream4_IRQHandler                  0x0800026f   Thumb Code     0  startup_stm32f407xx.o(.text)
    DMA2_Stream5_IRQHandler                  0x0800026f   Thumb Code     0  startup_stm32f407xx.o(.text)
    DMA2_Stream6_IRQHandler                  0x0800026f   Thumb Code     0  startup_stm32f407xx.o(.text)
    DMA2_Stream7_IRQHandler                  0x0800026f   Thumb Code     0  startup_stm32f407xx.o(.text)
    ETH_IRQHandler                           0x0800026f   Thumb Code     0  startup_stm32f407xx.o(.text)
    ETH_WKUP_IRQHandler                      0x0800026f   Thumb Code     0  startup_stm32f407xx.o(.text)
    EXTI0_IRQHandler                         0x0800026f   Thumb Code     0  startup_stm32f407xx.o(.text)
    EXTI15_10_IRQHandler                     0x0800026f   Thumb Code     0  startup_stm32f407xx.o(.text)
    EXTI1_IRQHandler                         0x0800026f   Thumb Code     0  startup_stm32f407xx.o(.text)
    EXTI2_IRQHandler                         0x0800026f   Thumb Code     0  startup_stm32f407xx.o(.text)
    EXTI3_IRQHandler                         0x0800026f   Thumb Code     0  startup_stm32f407xx.o(.text)
    EXTI4_IRQHandler                         0x0800026f   Thumb Code     0  startup_stm32f407xx.o(.text)
    EXTI9_5_IRQHandler                       0x0800026f   Thumb Code     0  startup_stm32f407xx.o(.text)
    FLASH_IRQHandler                         0x0800026f   Thumb Code     0  startup_stm32f407xx.o(.text)
    FMC_IRQHandler                           0x0800026f   Thumb Code     0  startup_stm32f407xx.o(.text)
    FPU_IRQHandler                           0x0800026f   Thumb Code     0  startup_stm32f407xx.o(.text)
    HASH_RNG_IRQHandler                      0x0800026f   Thumb Code     0  startup_stm32f407xx.o(.text)
    I2C1_ER_IRQHandler                       0x0800026f   Thumb Code     0  startup_stm32f407xx.o(.text)
    I2C1_EV_IRQHandler                       0x0800026f   Thumb Code     0  startup_stm32f407xx.o(.text)
    I2C2_ER_IRQHandler                       0x0800026f   Thumb Code     0  startup_stm32f407xx.o(.text)
    I2C2_EV_IRQHandler                       0x0800026f   Thumb Code     0  startup_stm32f407xx.o(.text)
    I2C3_ER_IRQHandler                       0x0800026f   Thumb Code     0  startup_stm32f407xx.o(.text)
    I2C3_EV_IRQHandler                       0x0800026f   Thumb Code     0  startup_stm32f407xx.o(.text)
    OTG_FS_IRQHandler                        0x0800026f   Thumb Code     0  startup_stm32f407xx.o(.text)
    OTG_FS_WKUP_IRQHandler                   0x0800026f   Thumb Code     0  startup_stm32f407xx.o(.text)
    OTG_HS_EP1_IN_IRQHandler                 0x0800026f   Thumb Code     0  startup_stm32f407xx.o(.text)
    OTG_HS_EP1_OUT_IRQHandler                0x0800026f   Thumb Code     0  startup_stm32f407xx.o(.text)
    OTG_HS_IRQHandler                        0x0800026f   Thumb Code     0  startup_stm32f407xx.o(.text)
    OTG_HS_WKUP_IRQHandler                   0x0800026f   Thumb Code     0  startup_stm32f407xx.o(.text)
    PVD_IRQHandler                           0x0800026f   Thumb Code     0  startup_stm32f407xx.o(.text)
    RCC_IRQHandler                           0x0800026f   Thumb Code     0  startup_stm32f407xx.o(.text)
    RTC_Alarm_IRQHandler                     0x0800026f   Thumb Code     0  startup_stm32f407xx.o(.text)
    RTC_WKUP_IRQHandler                      0x0800026f   Thumb Code     0  startup_stm32f407xx.o(.text)
    SDIO_IRQHandler                          0x0800026f   Thumb Code     0  startup_stm32f407xx.o(.text)
    SPI1_IRQHandler                          0x0800026f   Thumb Code     0  startup_stm32f407xx.o(.text)
    SPI2_IRQHandler                          0x0800026f   Thumb Code     0  startup_stm32f407xx.o(.text)
    SPI3_IRQHandler                          0x0800026f   Thumb Code     0  startup_stm32f407xx.o(.text)
    TAMP_STAMP_IRQHandler                    0x0800026f   Thumb Code     0  startup_stm32f407xx.o(.text)
    TIM1_BRK_TIM9_IRQHandler                 0x0800026f   Thumb Code     0  startup_stm32f407xx.o(.text)
    TIM1_CC_IRQHandler                       0x0800026f   Thumb Code     0  startup_stm32f407xx.o(.text)
    TIM1_TRG_COM_TIM11_IRQHandler            0x0800026f   Thumb Code     0  startup_stm32f407xx.o(.text)
    TIM1_UP_TIM10_IRQHandler                 0x0800026f   Thumb Code     0  startup_stm32f407xx.o(.text)
    TIM3_IRQHandler                          0x0800026f   Thumb Code     0  startup_stm32f407xx.o(.text)
    TIM4_IRQHandler                          0x0800026f   Thumb Code     0  startup_stm32f407xx.o(.text)
    TIM5_IRQHandler                          0x0800026f   Thumb Code     0  startup_stm32f407xx.o(.text)
    TIM6_DAC_IRQHandler                      0x0800026f   Thumb Code     0  startup_stm32f407xx.o(.text)
    TIM7_IRQHandler                          0x0800026f   Thumb Code     0  startup_stm32f407xx.o(.text)
    TIM8_BRK_TIM12_IRQHandler                0x0800026f   Thumb Code     0  startup_stm32f407xx.o(.text)
    TIM8_CC_IRQHandler                       0x0800026f   Thumb Code     0  startup_stm32f407xx.o(.text)
    TIM8_TRG_COM_TIM14_IRQHandler            0x0800026f   Thumb Code     0  startup_stm32f407xx.o(.text)
    TIM8_UP_TIM13_IRQHandler                 0x0800026f   Thumb Code     0  startup_stm32f407xx.o(.text)
    UART4_IRQHandler                         0x0800026f   Thumb Code     0  startup_stm32f407xx.o(.text)
    UART5_IRQHandler                         0x0800026f   Thumb Code     0  startup_stm32f407xx.o(.text)
    USART1_IRQHandler                        0x0800026f   Thumb Code     0  startup_stm32f407xx.o(.text)
    USART2_IRQHandler                        0x0800026f   Thumb Code     0  startup_stm32f407xx.o(.text)
    USART3_IRQHandler                        0x0800026f   Thumb Code     0  startup_stm32f407xx.o(.text)
    WWDG_IRQHandler                          0x0800026f   Thumb Code     0  startup_stm32f407xx.o(.text)
    __user_initial_stackheap                 0x08000271   Thumb Code     0  startup_stm32f407xx.o(.text)
    __aeabi_uldivmod                         0x08000295   Thumb Code     0  lludivv7m.o(.text)
    _ll_udiv                                 0x08000295   Thumb Code   240  lludivv7m.o(.text)
    __aeabi_memclr4                          0x08000385   Thumb Code     0  rt_memclr_w.o(.text)
    __aeabi_memclr8                          0x08000385   Thumb Code     0  rt_memclr_w.o(.text)
    __rt_memclr_w                            0x08000385   Thumb Code     0  rt_memclr_w.o(.text)
    _memset_w                                0x08000389   Thumb Code    74  rt_memclr_w.o(.text)
    __use_two_region_memory                  0x080003d3   Thumb Code     2  heapauxi.o(.text)
    __rt_heap_escrow$2region                 0x080003d5   Thumb Code     2  heapauxi.o(.text)
    __rt_heap_expand$2region                 0x080003d7   Thumb Code     2  heapauxi.o(.text)
    __read_errno                             0x080003d9   Thumb Code    10  _rserrno.o(.text)
    __set_errno                              0x080003e3   Thumb Code    12  _rserrno.o(.text)
    __aeabi_errno_addr                       0x080003f1   Thumb Code     8  rt_errno_addr_intlibspace.o(.text)
    __errno$intlibspace                      0x080003f1   Thumb Code     0  rt_errno_addr_intlibspace.o(.text)
    __rt_errno_addr$intlibspace              0x080003f1   Thumb Code     0  rt_errno_addr_intlibspace.o(.text)
    __user_libspace                          0x080003f9   Thumb Code     8  libspace.o(.text)
    __user_perproc_libspace                  0x080003f9   Thumb Code     0  libspace.o(.text)
    __user_perthread_libspace                0x080003f9   Thumb Code     0  libspace.o(.text)
    __user_setup_stackheap                   0x08000401   Thumb Code    74  sys_stackheap_outer.o(.text)
    exit                                     0x0800044b   Thumb Code    18  exit.o(.text)
    _sys_exit                                0x0800045d   Thumb Code     8  sys_exit.o(.text)
    __I$use$semihosting                      0x08000469   Thumb Code     0  use_no_semi.o(.text)
    __use_no_semihosting_swi                 0x08000469   Thumb Code     2  use_no_semi.o(.text)
    __semihosting_library_function           0x0800046b   Thumb Code     0  indicate_semi.o(.text)
    BMI088_ACCEL_NS_H                        0x0800046d   Thumb Code    18  bmi088middleware.o(.text.BMI088_ACCEL_NS_H)
    BMI088_ACCEL_NS_L                        0x08000481   Thumb Code    18  bmi088middleware.o(.text.BMI088_ACCEL_NS_L)
    BMI088_GYRO_NS_H                         0x08000495   Thumb Code    18  bmi088middleware.o(.text.BMI088_GYRO_NS_H)
    BMI088_GYRO_NS_L                         0x080004a9   Thumb Code    18  bmi088middleware.o(.text.BMI088_GYRO_NS_L)
    BMI088_Read                              0x080004bd   Thumb Code   546  bmi088driver.o(.text.BMI088_Read)
    BMI088_init                              0x080006e1   Thumb Code  1624  bmi088driver.o(.text.BMI088_init)
    BMI088_read_write_byte                   0x08000d45   Thumb Code    50  bmi088middleware.o(.text.BMI088_read_write_byte)
    BusFault_Handler                         0x08000d79   Thumb Code     2  stm32f4xx_it.o(.text.BusFault_Handler)
    CAN1_RX0_IRQHandler                      0x08000d7d   Thumb Code    12  stm32f4xx_it.o(.text.CAN1_RX0_IRQHandler)
    CAN_Init                                 0x08000d89   Thumb Code    62  can_receive.o(.text.CAN_Init)
    CAN_chassis_send                         0x08000dc9   Thumb Code    90  can_receive.o(.text.CAN_chassis_send)
    DMA1_Stream2_IRQHandler                  0x08000e25   Thumb Code    12  stm32f4xx_it.o(.text.DMA1_Stream2_IRQHandler)
    DMA1_Stream4_IRQHandler                  0x08000e31   Thumb Code    12  stm32f4xx_it.o(.text.DMA1_Stream4_IRQHandler)
    DMA2_Stream1_IRQHandler                  0x08000e3d   Thumb Code    12  stm32f4xx_it.o(.text.DMA2_Stream1_IRQHandler)
    DMA2_Stream2_IRQHandler                  0x08000e49   Thumb Code    12  stm32f4xx_it.o(.text.DMA2_Stream2_IRQHandler)
    DWT_Delay                                0x08000e55   Thumb Code   124  bsp_dwt.o(.text.DWT_Delay)
    DWT_GetDeltaT                            0x08000ed1   Thumb Code    90  bsp_dwt.o(.text.DWT_GetDeltaT)
    DWT_GetTimeline_s                        0x08000f2d   Thumb Code   204  bsp_dwt.o(.text.DWT_GetTimeline_s)
    DWT_Init                                 0x08001001   Thumb Code   100  bsp_dwt.o(.text.DWT_Init)
    DebugMon_Handler                         0x08001065   Thumb Code     2  stm32f4xx_it.o(.text.DebugMon_Handler)
    Error_Handler                            0x08001069   Thumb Code     6  main.o(.text.Error_Handler)
    HAL_CAN_ActivateNotification             0x08001071   Thumb Code    46  stm32f4xx_hal_can.o(.text.HAL_CAN_ActivateNotification)
    HAL_CAN_AddTxMessage                     0x080010a1   Thumb Code   168  stm32f4xx_hal_can.o(.text.HAL_CAN_AddTxMessage)
    HAL_CAN_ConfigFilter                     0x08001149   Thumb Code   222  stm32f4xx_hal_can.o(.text.HAL_CAN_ConfigFilter)
    HAL_CAN_ErrorCallback                    0x08001229   Thumb Code     2  stm32f4xx_hal_can.o(.text.HAL_CAN_ErrorCallback)
    HAL_CAN_GetRxMessage                     0x0800122d   Thumb Code   298  stm32f4xx_hal_can.o(.text.HAL_CAN_GetRxMessage)
    HAL_CAN_IRQHandler                       0x08001359   Thumb Code   606  stm32f4xx_hal_can.o(.text.HAL_CAN_IRQHandler)
    HAL_CAN_Init                             0x080015b9   Thumb Code   244  stm32f4xx_hal_can.o(.text.HAL_CAN_Init)
    HAL_CAN_MspInit                          0x080016ad   Thumb Code   302  can.o(.text.HAL_CAN_MspInit)
    HAL_CAN_RxFifo0FullCallback              0x080017dd   Thumb Code     2  stm32f4xx_hal_can.o(.text.HAL_CAN_RxFifo0FullCallback)
    HAL_CAN_RxFifo0MsgPendingCallback        0x080017e1   Thumb Code   120  can_receive.o(.text.HAL_CAN_RxFifo0MsgPendingCallback)
    HAL_CAN_RxFifo1FullCallback              0x08001859   Thumb Code     2  stm32f4xx_hal_can.o(.text.HAL_CAN_RxFifo1FullCallback)
    HAL_CAN_RxFifo1MsgPendingCallback        0x0800185d   Thumb Code     2  stm32f4xx_hal_can.o(.text.HAL_CAN_RxFifo1MsgPendingCallback)
    HAL_CAN_SleepCallback                    0x08001861   Thumb Code     2  stm32f4xx_hal_can.o(.text.HAL_CAN_SleepCallback)
    HAL_CAN_Start                            0x08001865   Thumb Code    90  stm32f4xx_hal_can.o(.text.HAL_CAN_Start)
    HAL_CAN_TxMailbox0AbortCallback          0x080018c1   Thumb Code     2  stm32f4xx_hal_can.o(.text.HAL_CAN_TxMailbox0AbortCallback)
    HAL_CAN_TxMailbox0CompleteCallback       0x080018c5   Thumb Code     2  stm32f4xx_hal_can.o(.text.HAL_CAN_TxMailbox0CompleteCallback)
    HAL_CAN_TxMailbox1AbortCallback          0x080018c9   Thumb Code     2  stm32f4xx_hal_can.o(.text.HAL_CAN_TxMailbox1AbortCallback)
    HAL_CAN_TxMailbox1CompleteCallback       0x080018cd   Thumb Code     2  stm32f4xx_hal_can.o(.text.HAL_CAN_TxMailbox1CompleteCallback)
    HAL_CAN_TxMailbox2AbortCallback          0x080018d1   Thumb Code     2  stm32f4xx_hal_can.o(.text.HAL_CAN_TxMailbox2AbortCallback)
    HAL_CAN_TxMailbox2CompleteCallback       0x080018d5   Thumb Code     2  stm32f4xx_hal_can.o(.text.HAL_CAN_TxMailbox2CompleteCallback)
    HAL_CAN_WakeUpFromRxMsgCallback          0x080018d9   Thumb Code     2  stm32f4xx_hal_can.o(.text.HAL_CAN_WakeUpFromRxMsgCallback)
    HAL_DMAEx_MultiBufferStart               0x080018dd   Thumb Code   114  stm32f4xx_hal_dma_ex.o(.text.HAL_DMAEx_MultiBufferStart)
    HAL_DMA_IRQHandler                       0x08001951   Thumb Code   448  stm32f4xx_hal_dma.o(.text.HAL_DMA_IRQHandler)
    HAL_DMA_Init                             0x08001b11   Thumb Code   354  stm32f4xx_hal_dma.o(.text.HAL_DMA_Init)
    HAL_DMA_Start_IT                         0x08001c75   Thumb Code   162  stm32f4xx_hal_dma.o(.text.HAL_DMA_Start_IT)
    HAL_Delay                                0x08001d19   Thumb Code    40  stm32f4xx_hal.o(.text.HAL_Delay)
    HAL_GPIO_Init                            0x08001d41   Thumb Code   414  stm32f4xx_hal_gpio.o(.text.HAL_GPIO_Init)
    HAL_GPIO_TogglePin                       0x08001ee1   Thumb Code    16  stm32f4xx_hal_gpio.o(.text.HAL_GPIO_TogglePin)
    HAL_GPIO_WritePin                        0x08001ef1   Thumb Code    10  stm32f4xx_hal_gpio.o(.text.HAL_GPIO_WritePin)
    HAL_GetTick                              0x08001efd   Thumb Code    12  stm32f4xx_hal.o(.text.HAL_GetTick)
    HAL_IncTick                              0x08001f09   Thumb Code    26  stm32f4xx_hal.o(.text.HAL_IncTick)
    HAL_Init                                 0x08001f25   Thumb Code    54  stm32f4xx_hal.o(.text.HAL_Init)
    HAL_InitTick                             0x08001f5d   Thumb Code   184  stm32f4xx_hal_timebase_tim.o(.text.HAL_InitTick)
    HAL_MspInit                              0x08002015   Thumb Code    66  stm32f4xx_hal_msp.o(.text.HAL_MspInit)
    HAL_NVIC_EnableIRQ                       0x08002059   Thumb Code    34  stm32f4xx_hal_cortex.o(.text.HAL_NVIC_EnableIRQ)
    HAL_NVIC_SetPriority                     0x0800207d   Thumb Code    86  stm32f4xx_hal_cortex.o(.text.HAL_NVIC_SetPriority)
    HAL_NVIC_SetPriorityGrouping             0x080020d5   Thumb Code    32  stm32f4xx_hal_cortex.o(.text.HAL_NVIC_SetPriorityGrouping)
    HAL_RCC_ClockConfig                      0x080020f5   Thumb Code   356  stm32f4xx_hal_rcc.o(.text.HAL_RCC_ClockConfig)
    HAL_RCC_GetClockConfig                   0x08002259   Thumb Code    62  stm32f4xx_hal_rcc.o(.text.HAL_RCC_GetClockConfig)
    HAL_RCC_GetPCLK1Freq                     0x08002299   Thumb Code    38  stm32f4xx_hal_rcc.o(.text.HAL_RCC_GetPCLK1Freq)
    HAL_RCC_GetPCLK2Freq                     0x080022c1   Thumb Code    38  stm32f4xx_hal_rcc.o(.text.HAL_RCC_GetPCLK2Freq)
    HAL_RCC_GetSysClockFreq                  0x080022e9   Thumb Code   106  stm32f4xx_hal_rcc.o(.text.HAL_RCC_GetSysClockFreq)
    HAL_RCC_OscConfig                        0x08002355   Thumb Code   944  stm32f4xx_hal_rcc.o(.text.HAL_RCC_OscConfig)
    HAL_SPI_Init                             0x08002705   Thumb Code   180  stm32f4xx_hal_spi.o(.text.HAL_SPI_Init)
    HAL_SPI_MspInit                          0x080027b9   Thumb Code   108  spi.o(.text.HAL_SPI_MspInit)
    HAL_SPI_TransmitReceive                  0x08002825   Thumb Code   846  stm32f4xx_hal_spi.o(.text.HAL_SPI_TransmitReceive)
    HAL_TIMEx_BreakCallback                  0x08002b75   Thumb Code     2  stm32f4xx_hal_tim_ex.o(.text.HAL_TIMEx_BreakCallback)
    HAL_TIMEx_CommutCallback                 0x08002b79   Thumb Code     2  stm32f4xx_hal_tim_ex.o(.text.HAL_TIMEx_CommutCallback)
    HAL_TIM_Base_Init                        0x08002b7d   Thumb Code    90  stm32f4xx_hal_tim.o(.text.HAL_TIM_Base_Init)
    HAL_TIM_Base_MspInit                     0x08002bd9   Thumb Code     2  stm32f4xx_hal_tim.o(.text.HAL_TIM_Base_MspInit)
    HAL_TIM_Base_Start_IT                    0x08002bdd   Thumb Code   170  stm32f4xx_hal_tim.o(.text.HAL_TIM_Base_Start_IT)
    HAL_TIM_IC_CaptureCallback               0x08002c89   Thumb Code     2  stm32f4xx_hal_tim.o(.text.HAL_TIM_IC_CaptureCallback)
    HAL_TIM_IRQHandler                       0x08002c8d   Thumb Code   334  stm32f4xx_hal_tim.o(.text.HAL_TIM_IRQHandler)
    HAL_TIM_OC_DelayElapsedCallback          0x08002ddd   Thumb Code     2  stm32f4xx_hal_tim.o(.text.HAL_TIM_OC_DelayElapsedCallback)
    HAL_TIM_PWM_PulseFinishedCallback        0x08002de1   Thumb Code     2  stm32f4xx_hal_tim.o(.text.HAL_TIM_PWM_PulseFinishedCallback)
    HAL_TIM_PeriodElapsedCallback            0x08002de5   Thumb Code    14  main.o(.text.HAL_TIM_PeriodElapsedCallback)
    HAL_TIM_TriggerCallback                  0x08002df5   Thumb Code     2  stm32f4xx_hal_tim.o(.text.HAL_TIM_TriggerCallback)
    HAL_UARTEx_RxEventCallback               0x08002df9   Thumb Code     2  stm32f4xx_hal_uart.o(.text.HAL_UARTEx_RxEventCallback)
    HAL_UART_ErrorCallback                   0x08002dfd   Thumb Code     2  stm32f4xx_hal_uart.o(.text.HAL_UART_ErrorCallback)
    HAL_UART_Init                            0x08002e01   Thumb Code    96  stm32f4xx_hal_uart.o(.text.HAL_UART_Init)
    HAL_UART_MspInit                         0x08002e61   Thumb Code   924  usart.o(.text.HAL_UART_MspInit)
    HAL_UART_Receive_DMA                     0x080031fd   Thumb Code   352  stm32f4xx_hal_uart.o(.text.HAL_UART_Receive_DMA)
    HAL_UART_RxCpltCallback                  0x0800335d   Thumb Code   302  usart_task.o(.text.HAL_UART_RxCpltCallback)
    HAL_UART_RxHalfCpltCallback              0x0800348d   Thumb Code     2  stm32f4xx_hal_uart.o(.text.HAL_UART_RxHalfCpltCallback)
    HardFault_Handler                        0x08003491   Thumb Code     2  stm32f4xx_it.o(.text.HardFault_Handler)
    INS_Task                                 0x08003495   Thumb Code     6  freertos.o(.text.INS_Task)
    INS_task                                 0x0800349d   Thumb Code   768  ins_task.o(.text.INS_task)
    MX_CAN1_Init                             0x080037bd   Thumb Code    64  can.o(.text.MX_CAN1_Init)
    MX_CAN2_Init                             0x080037fd   Thumb Code    64  can.o(.text.MX_CAN2_Init)
    MX_DMA_Init                              0x0800383d   Thumb Code   124  dma.o(.text.MX_DMA_Init)
    MX_FREERTOS_Init                         0x080038b9   Thumb Code   156  freertos.o(.text.MX_FREERTOS_Init)
    MX_GPIO_Init                             0x080039c5   Thumb Code   254  gpio.o(.text.MX_GPIO_Init)
    MX_SPI2_Init                             0x08003ac5   Thumb Code    82  spi.o(.text.MX_SPI2_Init)
    MX_UART4_Init                            0x08003b19   Thumb Code    60  usart.o(.text.MX_UART4_Init)
    MX_UART5_Init                            0x08003b55   Thumb Code    60  usart.o(.text.MX_UART5_Init)
    MX_USART1_UART_Init                      0x08003b91   Thumb Code    60  usart.o(.text.MX_USART1_UART_Init)
    MX_USART2_UART_Init                      0x08003bcd   Thumb Code    60  usart.o(.text.MX_USART2_UART_Init)
    MX_USART6_UART_Init                      0x08003c09   Thumb Code    70  usart.o(.text.MX_USART6_UART_Init)
    MemManage_Handler                        0x08003c51   Thumb Code     2  stm32f4xx_it.o(.text.MemManage_Handler)
    NMI_Handler                              0x08003c55   Thumb Code     2  stm32f4xx_it.o(.text.NMI_Handler)
    PID_calc                                 0x08003c59   Thumb Code   160  pid.o(.text.PID_calc)
    PID_init                                 0x08003cf9   Thumb Code    44  pid.o(.text.PID_init)
    PendSV_Handler                           0x08003d31   Thumb Code   100  port.o(.text.PendSV_Handler)
    RotationMatrix_update                    0x08003d95   Thumb Code   178  mahony_filter.o(.text.RotationMatrix_update)
    SVC_Handler                              0x08003f71   Thumb Code    36  port.o(.text.SVC_Handler)
    StartDefaultTask                         0x08003f95   Thumb Code     8  freertos.o(.text.StartDefaultTask)
    SysTick_Handler                          0x08003f9d   Thumb Code    46  port.o(.text.SysTick_Handler)
    SystemClock_Config                       0x08003fcd   Thumb Code   168  main.o(.text.SystemClock_Config)
    SystemInit                               0x08004075   Thumb Code    18  system_stm32f4xx.o(.text.SystemInit)
    TIM2_IRQHandler                          0x08004089   Thumb Code    12  stm32f4xx_it.o(.text.TIM2_IRQHandler)
    TIM_Base_SetConfig                       0x08004095   Thumb Code   332  stm32f4xx_hal_tim.o(.text.TIM_Base_SetConfig)
    USART6_IRQHandler                        0x080045c5   Thumb Code   372  usart_rc_dbus.o(.text.USART6_IRQHandler)
    USART_485_init                           0x08004739   Thumb Code    26  usart_task.o(.text.USART_485_init)
    USART_Task                               0x08004755   Thumb Code     6  freertos.o(.text.USART_Task)
    USART_task                               0x0800475d   Thumb Code     2  usart_task.o(.text.USART_task)
    UsageFault_Handler                       0x08004761   Thumb Code     2  stm32f4xx_it.o(.text.UsageFault_Handler)
    bmi088_accel_init                        0x08004765   Thumb Code   316  bmi088driver.o(.text.bmi088_accel_init)
    bmi088_gyro_init                         0x080048a1   Thumb Code   318  bmi088driver.o(.text.bmi088_gyro_init)
    chassis_Task                             0x080049e1   Thumb Code     6  freertos.o(.text.chassis_Task)
    chassis_task                             0x080049e9   Thumb Code   536  steering_wheel_chassis.o(.text.chassis_task)
    mahony_init                              0x08004c11   Thumb Code    50  mahony_filter.o(.text.mahony_init)
    mahony_input                             0x08004c45   Thumb Code     8  mahony_filter.o(.text.mahony_input)
    mahony_output                            0x08004c4d   Thumb Code    58  mahony_filter.o(.text.mahony_output)
    mahony_update                            0x08004c89   Thumb Code   454  mahony_filter.o(.text.mahony_update)
    main                                     0x08004e51   Thumb Code   130  main.o(.text.main)
    osDelay                                  0x08004ed5   Thumb Code    16  cmsis_os.o(.text.osDelay)
    osKernelStart                            0x08004ee5   Thumb Code    10  cmsis_os.o(.text.osKernelStart)
    osThreadCreate                           0x08004ef1   Thumb Code    92  cmsis_os.o(.text.osThreadCreate)
    pvPortMalloc                             0x08005251   Thumb Code   500  heap_4.o(.text.pvPortMalloc)
    pxPortInitialiseStack                    0x08005445   Thumb Code    36  port.o(.text.pxPortInitialiseStack)
    rc_dbus_init                             0x08005469   Thumb Code    76  usart_rc_dbus.o(.text.rc_dbus_init)
    uxListRemove                             0x080054b5   Thumb Code    36  list.o(.text.uxListRemove)
    vApplicationGetIdleTaskMemory            0x080054d9   Thumb Code    26  freertos.o(.text.vApplicationGetIdleTaskMemory)
    vListInitialise                          0x080054f5   Thumb Code    22  list.o(.text.vListInitialise)
    vListInitialiseItem                      0x0800550d   Thumb Code     6  list.o(.text.vListInitialiseItem)
    vListInsert                              0x08005515   Thumb Code    98  list.o(.text.vListInsert)
    vListInsertEnd                           0x08005579   Thumb Code    28  list.o(.text.vListInsertEnd)
    vPortEnterCritical                       0x080055a9   Thumb Code    70  port.o(.text.vPortEnterCritical)
    vPortExitCritical                        0x080055f1   Thumb Code    46  port.o(.text.vPortExitCritical)
    vPortFree                                0x08005621   Thumb Code   212  heap_4.o(.text.vPortFree)
    vPortSetupTimerInterrupt                 0x080056f5   Thumb Code    52  port.o(.text.vPortSetupTimerInterrupt)
    vTaskDelay                               0x08005729   Thumb Code   158  tasks.o(.text.vTaskDelay)
    vTaskStartScheduler                      0x080057c9   Thumb Code   196  tasks.o(.text.vTaskStartScheduler)
    vTaskSuspendAll                          0x08005895   Thumb Code    16  tasks.o(.text.vTaskSuspendAll)
    vTaskSwitchContext                       0x080058a5   Thumb Code   110  tasks.o(.text.vTaskSwitchContext)
    xPortStartScheduler                      0x08005915   Thumb Code   392  port.o(.text.xPortStartScheduler)
    xTaskCreate                              0x08005a9d   Thumb Code    96  tasks.o(.text.xTaskCreate)
    xTaskCreateStatic                        0x08005afd   Thumb Code   118  tasks.o(.text.xTaskCreateStatic)
    xTaskIncrementTick                       0x08005b75   Thumb Code   262  tasks.o(.text.xTaskIncrementTick)
    xTaskResumeAll                           0x08005c7d   Thumb Code   234  tasks.o(.text.xTaskResumeAll)
    __ARM_fpclassifyf                        0x08005d67   Thumb Code    38  fpclassifyf.o(i.__ARM_fpclassifyf)
    __hardfp_asinf                           0x08005d8d   Thumb Code   258  asinf.o(i.__hardfp_asinf)
    __hardfp_atan2f                          0x08005eb9   Thumb Code   594  atan2f.o(i.__hardfp_atan2f)
    __mathlib_flt_infnan                     0x08006165   Thumb Code     6  funder.o(i.__mathlib_flt_infnan)
    __mathlib_flt_infnan2                    0x0800616b   Thumb Code     6  funder.o(i.__mathlib_flt_infnan2)
    __mathlib_flt_invalid                    0x08006171   Thumb Code    10  funder.o(i.__mathlib_flt_invalid)
    __mathlib_flt_underflow                  0x08006181   Thumb Code    10  funder.o(i.__mathlib_flt_underflow)
    sqrtf                                    0x08006191   Thumb Code    62  sqrtf.o(i.sqrtf)
    __aeabi_d2f                              0x080061d1   Thumb Code     0  d2f.o(x$fpl$d2f)
    _d2f                                     0x080061d1   Thumb Code    98  d2f.o(x$fpl$d2f)
    __aeabi_i2d                              0x08006233   Thumb Code     0  dflt_clz.o(x$fpl$dflt)
    _dflt                                    0x08006233   Thumb Code    46  dflt_clz.o(x$fpl$dflt)
    __aeabi_dmul                             0x08006261   Thumb Code     0  dmul.o(x$fpl$dmul)
    _dmul                                    0x08006261   Thumb Code   332  dmul.o(x$fpl$dmul)
    __fpl_dnaninf                            0x080063b5   Thumb Code   156  dnaninf.o(x$fpl$dnaninf)
    __fpl_dretinf                            0x08006451   Thumb Code    12  dretinf.o(x$fpl$dretinf)
    _fp_init                                 0x0800645d   Thumb Code    26  fpinit.o(x$fpl$fpinit)
    __fplib_config_fpu_vfp                   0x08006475   Thumb Code     0  fpinit.o(x$fpl$fpinit)
    __fplib_config_pureend_doubles           0x08006475   Thumb Code     0  fpinit.o(x$fpl$fpinit)
    __fpl_fretinf                            0x08006477   Thumb Code    10  fretinf.o(x$fpl$fretinf)
    AHBPrescTable                            0x08006480   Data          16  system_stm32f4xx.o(.rodata.AHBPrescTable)
    __I$use$fp                               0x08006480   Number         0  usenofp.o(x$fpl$usenofp)
    APBPrescTable                            0x08006490   Data           8  system_stm32f4xx.o(.rodata.APBPrescTable)
    Region$$Table$$Base                      0x080064f4   Number         0  anon$$obj.o(Region$$Table)
    Region$$Table$$Limit                     0x08006514   Number         0  anon$$obj.o(Region$$Table)
    uwTickFreq                               0x20000000   Data           1  stm32f4xx_hal.o(.data..L_MergedGlobals)
    uwTickPrio                               0x20000004   Data           4  stm32f4xx_hal.o(.data..L_MergedGlobals)
    caliOffset                               0x20000008   Data           1  bmi088driver.o(.data..L_MergedGlobals)
    BMI088_ACCEL_SEN                         0x2000000c   Data           4  bmi088driver.o(.data..L_MergedGlobals)
    BMI088_GYRO_SEN                          0x20000010   Data           4  bmi088driver.o(.data..L_MergedGlobals)
    SystemCoreClock                          0x20000014   Data           4  system_stm32f4xx.o(.data.SystemCoreClock)
    gravity                                  0x20000018   Data          12  ins_task.o(.data.gravity)
    __libspace_start                         0x20000028   Data          96  libspace.o(.bss)
    __temporary_stack_top$libspace           0x20000088   Data           0  libspace.o(.bss)
    defaultTaskHandle                        0x20000088   Data           4  freertos.o(.bss..L_MergedGlobals)
    INS_TASKHandle                           0x2000008c   Data           4  freertos.o(.bss..L_MergedGlobals)
    CHASSIS_TASKHandle                       0x20000090   Data           4  freertos.o(.bss..L_MergedGlobals)
    USART_TASKHandle                         0x20000094   Data           4  freertos.o(.bss..L_MergedGlobals)
    rc_ctrl                                  0x20000098   Data          22  usart_rc_dbus.o(.bss..L_MergedGlobals)
    sbus_rx_buf                              0x200000ae   Data          36  usart_rc_dbus.o(.bss..L_MergedGlobals)
    CYCCNT64                                 0x200000f0   Data           8  bsp_dwt.o(.bss..L_MergedGlobals)
    SysTime                                  0x200000f8   Data           8  bsp_dwt.o(.bss..L_MergedGlobals)
    INS_DWT_Count                            0x20000100   Data           4  ins_task.o(.bss..L_MergedGlobals)
    ins_dt                                   0x20000104   Data           4  ins_task.o(.bss..L_MergedGlobals)
    ins_time                                 0x20000108   Data           4  ins_task.o(.bss..L_MergedGlobals)
    Accel                                    0x2000010c   Data          12  ins_task.o(.bss..L_MergedGlobals)
    Gyro                                     0x20000118   Data          12  ins_task.o(.bss..L_MergedGlobals)
    uart4_rx_data_revise                     0x20000124   Data          10  usart_task.o(.bss..L_MergedGlobals)
    Send_data                                0x2000012e   Data          12  usart_task.o(.bss..L_MergedGlobals)
    uart4_rx_data                            0x2000013a   Data          20  usart_task.o(.bss..L_MergedGlobals)
    pxCurrentTCB                             0x20000150   Data           4  tasks.o(.bss..L_MergedGlobals)
    caliCount                                0x20000224   Data           2  bmi088driver.o(.bss..L_MergedGlobals.3)
    gNormDiff                                0x20000228   Data           4  bmi088driver.o(.bss..L_MergedGlobals.3)
    gyroDiff                                 0x20000230   Data          12  bmi088driver.o(.bss..L_MergedGlobals.3)
    BMI088                                   0x2000023c   Data          64  bmi088driver.o(.bss..L_MergedGlobals.3)
    BMI088_SPI                               0x2000027c   Data           4  bmi088middleware.o(.bss.BMI088_SPI)
    ChassisHandle                            0x20000280   Data         552  steering_wheel_chassis.o(.bss.ChassisHandle)
    INS                                      0x200004ac   Data         148  ins_task.o(.bss.INS)
    hcan1                                    0x20000540   Data          40  can.o(.bss.hcan1)
    hcan2                                    0x20000568   Data          40  can.o(.bss.hcan2)
    hcanRxFrame                              0x20000590   Data          36  can_receive.o(.bss.hcanRxFrame)
    hdma_uart4_rx                            0x200005b4   Data          96  usart.o(.bss.hdma_uart4_rx)
    hdma_uart4_tx                            0x20000614   Data          96  usart.o(.bss.hdma_uart4_tx)
    hdma_usart1_rx                           0x20000674   Data          96  usart.o(.bss.hdma_usart1_rx)
    hdma_usart6_rx                           0x200006d4   Data          96  usart.o(.bss.hdma_usart6_rx)
    hspi2                                    0x20000734   Data          88  spi.o(.bss.hspi2)
    htim2                                    0x2000078c   Data          72  stm32f4xx_hal_timebase_tim.o(.bss.htim2)
    huart1                                   0x200007d4   Data          72  usart.o(.bss.huart1)
    huart2                                   0x2000081c   Data          72  usart.o(.bss.huart2)
    huart4                                   0x20000864   Data          72  usart.o(.bss.huart4)
    huart5                                   0x200008ac   Data          72  usart.o(.bss.huart5)
    huart6                                   0x200008f4   Data          72  usart.o(.bss.huart6)
    mahony                                   0x2000093c   Data         132  ins_task.o(.bss.mahony)
    motor_chassis                            0x200009c0   Data         416  can_receive.o(.bss.motor_chassis)
    motor_gimbal                             0x20000b60   Data         416  can_receive.o(.bss.motor_gimbal)
    uwTick                                   0x2000858c   Data           4  stm32f4xx_hal.o(.bss.uwTick)



==============================================================================

Memory Map of the image

  Image Entry point : 0x08000189

  Load Region LR_IROM1 (Base: 0x08000000, Size: 0x00006540, Max: 0x00080000, ABSOLUTE)

    Execution Region ER_IROM1 (Exec base: 0x08000000, Load base: 0x08000000, Size: 0x00006514, Max: 0x00080000, ABSOLUTE)

    Exec Addr    Load Addr    Size         Type   Attr      Idx    E Section Name        Object

    0x08000000   0x08000000   0x00000188   Data   RO            3    RESET               startup_stm32f407xx.o
    0x08000188   0x08000188   0x00000008   Code   RO         1861  * !!!main             c_w.l(__main.o)
    0x08000190   0x08000190   0x0000005c   Code   RO         2102    !!!scatter          c_w.l(__scatter.o)
    0x080001ec   0x080001ec   0x0000001a   Code   RO         2106    !!handler_copy      c_w.l(__scatter_copy.o)
    0x08000206   0x08000206   0x00000002   PAD
    0x08000208   0x08000208   0x00000002   Code   RO         2103    !!handler_null      c_w.l(__scatter.o)
    0x0800020a   0x0800020a   0x00000002   PAD
    0x0800020c   0x0800020c   0x0000001c   Code   RO         2108    !!handler_zi        c_w.l(__scatter_zi.o)
    0x08000228   0x08000228   0x00000002   Code   RO         1967    .ARM.Collect$$libinit$$00000000  c_w.l(libinit.o)
    0x0800022a   0x0800022a   0x00000004   Code   RO         1976    .ARM.Collect$$libinit$$00000001  c_w.l(libinit2.o)
    0x0800022e   0x0800022e   0x00000000   Code   RO         1979    .ARM.Collect$$libinit$$00000004  c_w.l(libinit2.o)
    0x0800022e   0x0800022e   0x00000000   Code   RO         1981    .ARM.Collect$$libinit$$00000006  c_w.l(libinit2.o)
    0x0800022e   0x0800022e   0x00000000   Code   RO         1984    .ARM.Collect$$libinit$$0000000C  c_w.l(libinit2.o)
    0x0800022e   0x0800022e   0x00000000   Code   RO         1986    .ARM.Collect$$libinit$$0000000E  c_w.l(libinit2.o)
    0x0800022e   0x0800022e   0x00000000   Code   RO         1988    .ARM.Collect$$libinit$$00000010  c_w.l(libinit2.o)
    0x0800022e   0x0800022e   0x00000000   Code   RO         1991    .ARM.Collect$$libinit$$00000013  c_w.l(libinit2.o)
    0x0800022e   0x0800022e   0x00000000   Code   RO         1993    .ARM.Collect$$libinit$$00000015  c_w.l(libinit2.o)
    0x0800022e   0x0800022e   0x00000000   Code   RO         1995    .ARM.Collect$$libinit$$00000017  c_w.l(libinit2.o)
    0x0800022e   0x0800022e   0x00000000   Code   RO         1997    .ARM.Collect$$libinit$$00000019  c_w.l(libinit2.o)
    0x0800022e   0x0800022e   0x00000000   Code   RO         1999    .ARM.Collect$$libinit$$0000001B  c_w.l(libinit2.o)
    0x0800022e   0x0800022e   0x00000000   Code   RO         2001    .ARM.Collect$$libinit$$0000001D  c_w.l(libinit2.o)
    0x0800022e   0x0800022e   0x00000000   Code   RO         2003    .ARM.Collect$$libinit$$0000001F  c_w.l(libinit2.o)
    0x0800022e   0x0800022e   0x00000000   Code   RO         2005    .ARM.Collect$$libinit$$00000021  c_w.l(libinit2.o)
    0x0800022e   0x0800022e   0x00000000   Code   RO         2007    .ARM.Collect$$libinit$$00000023  c_w.l(libinit2.o)
    0x0800022e   0x0800022e   0x00000000   Code   RO         2009    .ARM.Collect$$libinit$$00000025  c_w.l(libinit2.o)
    0x0800022e   0x0800022e   0x00000000   Code   RO         2011    .ARM.Collect$$libinit$$00000027  c_w.l(libinit2.o)
    0x0800022e   0x0800022e   0x00000000   Code   RO         2015    .ARM.Collect$$libinit$$0000002E  c_w.l(libinit2.o)
    0x0800022e   0x0800022e   0x00000000   Code   RO         2017    .ARM.Collect$$libinit$$00000030  c_w.l(libinit2.o)
    0x0800022e   0x0800022e   0x00000000   Code   RO         2019    .ARM.Collect$$libinit$$00000032  c_w.l(libinit2.o)
    0x0800022e   0x0800022e   0x00000000   Code   RO         2021    .ARM.Collect$$libinit$$00000034  c_w.l(libinit2.o)
    0x0800022e   0x0800022e   0x00000002   Code   RO         2022    .ARM.Collect$$libinit$$00000035  c_w.l(libinit2.o)
    0x08000230   0x08000230   0x00000002   Code   RO         2057    .ARM.Collect$$libshutdown$$00000000  c_w.l(libshutdown.o)
    0x08000232   0x08000232   0x00000000   Code   RO         2085    .ARM.Collect$$libshutdown$$00000002  c_w.l(libshutdown2.o)
    0x08000232   0x08000232   0x00000000   Code   RO         2087    .ARM.Collect$$libshutdown$$00000004  c_w.l(libshutdown2.o)
    0x08000232   0x08000232   0x00000000   Code   RO         2090    .ARM.Collect$$libshutdown$$00000007  c_w.l(libshutdown2.o)
    0x08000232   0x08000232   0x00000000   Code   RO         2093    .ARM.Collect$$libshutdown$$0000000A  c_w.l(libshutdown2.o)
    0x08000232   0x08000232   0x00000000   Code   RO         2095    .ARM.Collect$$libshutdown$$0000000C  c_w.l(libshutdown2.o)
    0x08000232   0x08000232   0x00000000   Code   RO         2098    .ARM.Collect$$libshutdown$$0000000F  c_w.l(libshutdown2.o)
    0x08000232   0x08000232   0x00000002   Code   RO         2099    .ARM.Collect$$libshutdown$$00000010  c_w.l(libshutdown2.o)
    0x08000234   0x08000234   0x00000000   Code   RO         1889    .ARM.Collect$$rtentry$$00000000  c_w.l(__rtentry.o)
    0x08000234   0x08000234   0x00000000   Code   RO         1930    .ARM.Collect$$rtentry$$00000002  c_w.l(__rtentry2.o)
    0x08000234   0x08000234   0x00000006   Code   RO         1942    .ARM.Collect$$rtentry$$00000004  c_w.l(__rtentry4.o)
    0x0800023a   0x0800023a   0x00000000   Code   RO         1932    .ARM.Collect$$rtentry$$00000009  c_w.l(__rtentry2.o)
    0x0800023a   0x0800023a   0x00000004   Code   RO         1933    .ARM.Collect$$rtentry$$0000000A  c_w.l(__rtentry2.o)
    0x0800023e   0x0800023e   0x00000000   Code   RO         1935    .ARM.Collect$$rtentry$$0000000C  c_w.l(__rtentry2.o)
    0x0800023e   0x0800023e   0x00000008   Code   RO         1936    .ARM.Collect$$rtentry$$0000000D  c_w.l(__rtentry2.o)
    0x08000246   0x08000246   0x00000002   Code   RO         1968    .ARM.Collect$$rtexit$$00000000  c_w.l(rtexit.o)
    0x08000248   0x08000248   0x00000000   Code   RO         2028    .ARM.Collect$$rtexit$$00000002  c_w.l(rtexit2.o)
    0x08000248   0x08000248   0x00000004   Code   RO         2029    .ARM.Collect$$rtexit$$00000003  c_w.l(rtexit2.o)
    0x0800024c   0x0800024c   0x00000006   Code   RO         2030    .ARM.Collect$$rtexit$$00000004  c_w.l(rtexit2.o)
    0x08000252   0x08000252   0x00000002   PAD
    0x08000254   0x08000254   0x00000040   Code   RO            4    .text               startup_stm32f407xx.o
    0x08000294   0x08000294   0x000000f0   Code   RO         1851    .text               c_w.l(lludivv7m.o)
    0x08000384   0x08000384   0x0000004e   Code   RO         1857    .text               c_w.l(rt_memclr_w.o)
    0x080003d2   0x080003d2   0x00000006   Code   RO         1859    .text               c_w.l(heapauxi.o)
    0x080003d8   0x080003d8   0x00000016   Code   RO         1894    .text               c_w.l(_rserrno.o)
    0x080003ee   0x080003ee   0x00000002   PAD
    0x080003f0   0x080003f0   0x00000008   Code   RO         1949    .text               c_w.l(rt_errno_addr_intlibspace.o)
    0x080003f8   0x080003f8   0x00000008   Code   RO         1951    .text               c_w.l(libspace.o)
    0x08000400   0x08000400   0x0000004a   Code   RO         1954    .text               c_w.l(sys_stackheap_outer.o)
    0x0800044a   0x0800044a   0x00000012   Code   RO         1956    .text               c_w.l(exit.o)
    0x0800045c   0x0800045c   0x0000000c   Code   RO         2023    .text               c_w.l(sys_exit.o)
    0x08000468   0x08000468   0x00000002   Code   RO         2046    .text               c_w.l(use_no_semi.o)
    0x0800046a   0x0800046a   0x00000000   Code   RO         2048    .text               c_w.l(indicate_semi.o)
    0x0800046a   0x0800046a   0x00000002   PAD
    0x0800046c   0x0800046c   0x00000012   Code   RO         1412    .text.BMI088_ACCEL_NS_H  bmi088middleware.o
    0x0800047e   0x0800047e   0x00000002   PAD
    0x08000480   0x08000480   0x00000012   Code   RO         1410    .text.BMI088_ACCEL_NS_L  bmi088middleware.o
    0x08000492   0x08000492   0x00000002   PAD
    0x08000494   0x08000494   0x00000012   Code   RO         1416    .text.BMI088_GYRO_NS_H  bmi088middleware.o
    0x080004a6   0x080004a6   0x00000002   PAD
    0x080004a8   0x080004a8   0x00000012   Code   RO         1414    .text.BMI088_GYRO_NS_L  bmi088middleware.o
    0x080004ba   0x080004ba   0x00000002   PAD
    0x080004bc   0x080004bc   0x00000222   Code   RO         1396    .text.BMI088_Read   bmi088driver.o
    0x080006de   0x080006de   0x00000002   PAD
    0x080006e0   0x080006e0   0x00000664   Code   RO         1390    .text.BMI088_init   bmi088driver.o
    0x08000d44   0x08000d44   0x00000032   Code   RO         1418    .text.BMI088_read_write_byte  bmi088middleware.o
    0x08000d76   0x08000d76   0x00000002   PAD
    0x08000d78   0x08000d78   0x00000002   Code   RO          142    .text.BusFault_Handler  stm32f4xx_it.o
    0x08000d7a   0x08000d7a   0x00000002   PAD
    0x08000d7c   0x08000d7c   0x0000000c   Code   RO          152    .text.CAN1_RX0_IRQHandler  stm32f4xx_it.o
    0x08000d88   0x08000d88   0x0000003e   Code   RO         1245    .text.CAN_Init      can_receive.o
    0x08000dc6   0x08000dc6   0x00000002   PAD
    0x08000dc8   0x08000dc8   0x0000005a   Code   RO         1249    .text.CAN_chassis_send  can_receive.o
    0x08000e22   0x08000e22   0x00000002   PAD
    0x08000e24   0x08000e24   0x0000000c   Code   RO          148    .text.DMA1_Stream2_IRQHandler  stm32f4xx_it.o
    0x08000e30   0x08000e30   0x0000000c   Code   RO          150    .text.DMA1_Stream4_IRQHandler  stm32f4xx_it.o
    0x08000e3c   0x08000e3c   0x0000000c   Code   RO          156    .text.DMA2_Stream1_IRQHandler  stm32f4xx_it.o
    0x08000e48   0x08000e48   0x0000000c   Code   RO          158    .text.DMA2_Stream2_IRQHandler  stm32f4xx_it.o
    0x08000e54   0x08000e54   0x0000007c   Code   RO         1284    .text.DWT_Delay     bsp_dwt.o
    0x08000ed0   0x08000ed0   0x0000005a   Code   RO         1272    .text.DWT_GetDeltaT  bsp_dwt.o
    0x08000f2a   0x08000f2a   0x00000002   PAD
    0x08000f2c   0x08000f2c   0x000000d4   Code   RO         1278    .text.DWT_GetTimeline_s  bsp_dwt.o
    0x08001000   0x08001000   0x00000064   Code   RO         1270    .text.DWT_Init      bsp_dwt.o
    0x08001064   0x08001064   0x00000002   Code   RO          146    .text.DebugMon_Handler  stm32f4xx_it.o
    0x08001066   0x08001066   0x00000002   PAD
    0x08001068   0x08001068   0x00000006   Code   RO           15    .text.Error_Handler  main.o
    0x0800106e   0x0800106e   0x00000002   PAD
    0x08001070   0x08001070   0x0000002e   Code   RO          225    .text.HAL_CAN_ActivateNotification  stm32f4xx_hal_can.o
    0x0800109e   0x0800109e   0x00000002   PAD
    0x080010a0   0x080010a0   0x000000a8   Code   RO          211    .text.HAL_CAN_AddTxMessage  stm32f4xx_hal_can.o
    0x08001148   0x08001148   0x000000de   Code   RO          201    .text.HAL_CAN_ConfigFilter  stm32f4xx_hal_can.o
    0x08001226   0x08001226   0x00000002   PAD
    0x08001228   0x08001228   0x00000002   Code   RO          255    .text.HAL_CAN_ErrorCallback  stm32f4xx_hal_can.o
    0x0800122a   0x0800122a   0x00000002   PAD
    0x0800122c   0x0800122c   0x0000012a   Code   RO          221    .text.HAL_CAN_GetRxMessage  stm32f4xx_hal_can.o
    0x08001356   0x08001356   0x00000002   PAD
    0x08001358   0x08001358   0x0000025e   Code   RO          229    .text.HAL_CAN_IRQHandler  stm32f4xx_hal_can.o
    0x080015b6   0x080015b6   0x00000002   PAD
    0x080015b8   0x080015b8   0x000000f4   Code   RO          191    .text.HAL_CAN_Init  stm32f4xx_hal_can.o
    0x080016ac   0x080016ac   0x0000012e   Code   RO           66    .text.HAL_CAN_MspInit  can.o
    0x080017da   0x080017da   0x00000002   PAD
    0x080017dc   0x080017dc   0x00000002   Code   RO          243    .text.HAL_CAN_RxFifo0FullCallback  stm32f4xx_hal_can.o
    0x080017de   0x080017de   0x00000002   PAD
    0x080017e0   0x080017e0   0x00000078   Code   RO         1255    .text.HAL_CAN_RxFifo0MsgPendingCallback  can_receive.o
    0x08001858   0x08001858   0x00000002   Code   RO          247    .text.HAL_CAN_RxFifo1FullCallback  stm32f4xx_hal_can.o
    0x0800185a   0x0800185a   0x00000002   PAD
    0x0800185c   0x0800185c   0x00000002   Code   RO          249    .text.HAL_CAN_RxFifo1MsgPendingCallback  stm32f4xx_hal_can.o
    0x0800185e   0x0800185e   0x00000002   PAD
    0x08001860   0x08001860   0x00000002   Code   RO          251    .text.HAL_CAN_SleepCallback  stm32f4xx_hal_can.o
    0x08001862   0x08001862   0x00000002   PAD
    0x08001864   0x08001864   0x0000005a   Code   RO          203    .text.HAL_CAN_Start  stm32f4xx_hal_can.o
    0x080018be   0x080018be   0x00000002   PAD
    0x080018c0   0x080018c0   0x00000002   Code   RO          233    .text.HAL_CAN_TxMailbox0AbortCallback  stm32f4xx_hal_can.o
    0x080018c2   0x080018c2   0x00000002   PAD
    0x080018c4   0x080018c4   0x00000002   Code   RO          231    .text.HAL_CAN_TxMailbox0CompleteCallback  stm32f4xx_hal_can.o
    0x080018c6   0x080018c6   0x00000002   PAD
    0x080018c8   0x080018c8   0x00000002   Code   RO          237    .text.HAL_CAN_TxMailbox1AbortCallback  stm32f4xx_hal_can.o
    0x080018ca   0x080018ca   0x00000002   PAD
    0x080018cc   0x080018cc   0x00000002   Code   RO          235    .text.HAL_CAN_TxMailbox1CompleteCallback  stm32f4xx_hal_can.o
    0x080018ce   0x080018ce   0x00000002   PAD
    0x080018d0   0x080018d0   0x00000002   Code   RO          241    .text.HAL_CAN_TxMailbox2AbortCallback  stm32f4xx_hal_can.o
    0x080018d2   0x080018d2   0x00000002   PAD
    0x080018d4   0x080018d4   0x00000002   Code   RO          239    .text.HAL_CAN_TxMailbox2CompleteCallback  stm32f4xx_hal_can.o
    0x080018d6   0x080018d6   0x00000002   PAD
    0x080018d8   0x080018d8   0x00000002   Code   RO          253    .text.HAL_CAN_WakeUpFromRxMsgCallback  stm32f4xx_hal_can.o
    0x080018da   0x080018da   0x00000002   PAD
    0x080018dc   0x080018dc   0x00000072   Code   RO          405    .text.HAL_DMAEx_MultiBufferStart  stm32f4xx_hal_dma_ex.o
    0x0800194e   0x0800194e   0x00000002   PAD
    0x08001950   0x08001950   0x000001c0   Code   RO          433    .text.HAL_DMA_IRQHandler  stm32f4xx_hal_dma.o
    0x08001b10   0x08001b10   0x00000162   Code   RO          419    .text.HAL_DMA_Init  stm32f4xx_hal_dma.o
    0x08001c72   0x08001c72   0x00000002   PAD
    0x08001c74   0x08001c74   0x000000a2   Code   RO          425    .text.HAL_DMA_Start_IT  stm32f4xx_hal_dma.o
    0x08001d16   0x08001d16   0x00000002   PAD
    0x08001d18   0x08001d18   0x00000028   Code   RO          586    .text.HAL_Delay     stm32f4xx_hal.o
    0x08001d40   0x08001d40   0x0000019e   Code   RO          381    .text.HAL_GPIO_Init  stm32f4xx_hal_gpio.o
    0x08001ede   0x08001ede   0x00000002   PAD
    0x08001ee0   0x08001ee0   0x00000010   Code   RO          389    .text.HAL_GPIO_TogglePin  stm32f4xx_hal_gpio.o
    0x08001ef0   0x08001ef0   0x0000000a   Code   RO          387    .text.HAL_GPIO_WritePin  stm32f4xx_hal_gpio.o
    0x08001efa   0x08001efa   0x00000002   PAD
    0x08001efc   0x08001efc   0x0000000c   Code   RO          578    .text.HAL_GetTick   stm32f4xx_hal.o
    0x08001f08   0x08001f08   0x0000001a   Code   RO          576    .text.HAL_IncTick   stm32f4xx_hal.o
    0x08001f22   0x08001f22   0x00000002   PAD
    0x08001f24   0x08001f24   0x00000036   Code   RO          566    .text.HAL_Init      stm32f4xx_hal.o
    0x08001f5a   0x08001f5a   0x00000002   PAD
    0x08001f5c   0x08001f5c   0x000000b8   Code   RO          176    .text.HAL_InitTick  stm32f4xx_hal_timebase_tim.o
    0x08002014   0x08002014   0x00000042   Code   RO          167    .text.HAL_MspInit   stm32f4xx_hal_msp.o
    0x08002056   0x08002056   0x00000002   PAD
    0x08002058   0x08002058   0x00000022   Code   RO          518    .text.HAL_NVIC_EnableIRQ  stm32f4xx_hal_cortex.o
    0x0800207a   0x0800207a   0x00000002   PAD
    0x0800207c   0x0800207c   0x00000056   Code   RO          516    .text.HAL_NVIC_SetPriority  stm32f4xx_hal_cortex.o
    0x080020d2   0x080020d2   0x00000002   PAD
    0x080020d4   0x080020d4   0x00000020   Code   RO          514    .text.HAL_NVIC_SetPriorityGrouping  stm32f4xx_hal_cortex.o
    0x080020f4   0x080020f4   0x00000164   Code   RO          275    .text.HAL_RCC_ClockConfig  stm32f4xx_hal_rcc.o
    0x08002258   0x08002258   0x0000003e   Code   RO          293    .text.HAL_RCC_GetClockConfig  stm32f4xx_hal_rcc.o
    0x08002296   0x08002296   0x00000002   PAD
    0x08002298   0x08002298   0x00000026   Code   RO          287    .text.HAL_RCC_GetPCLK1Freq  stm32f4xx_hal_rcc.o
    0x080022be   0x080022be   0x00000002   PAD
    0x080022c0   0x080022c0   0x00000026   Code   RO          289    .text.HAL_RCC_GetPCLK2Freq  stm32f4xx_hal_rcc.o
    0x080022e6   0x080022e6   0x00000002   PAD
    0x080022e8   0x080022e8   0x0000006a   Code   RO          277    .text.HAL_RCC_GetSysClockFreq  stm32f4xx_hal_rcc.o
    0x08002352   0x08002352   0x00000002   PAD
    0x08002354   0x08002354   0x000003b0   Code   RO          273    .text.HAL_RCC_OscConfig  stm32f4xx_hal_rcc.o
    0x08002704   0x08002704   0x000000b4   Code   RO          656    .text.HAL_SPI_Init  stm32f4xx_hal_spi.o
    0x080027b8   0x080027b8   0x0000006c   Code   RO           92    .text.HAL_SPI_MspInit  spi.o
    0x08002824   0x08002824   0x0000034e   Code   RO          668    .text.HAL_SPI_TransmitReceive  stm32f4xx_hal_spi.o
    0x08002b72   0x08002b72   0x00000002   PAD
    0x08002b74   0x08002b74   0x00000002   Code   RO         1075    .text.HAL_TIMEx_BreakCallback  stm32f4xx_hal_tim_ex.o
    0x08002b76   0x08002b76   0x00000002   PAD
    0x08002b78   0x08002b78   0x00000002   Code   RO         1071    .text.HAL_TIMEx_CommutCallback  stm32f4xx_hal_tim_ex.o
    0x08002b7a   0x08002b7a   0x00000002   PAD
    0x08002b7c   0x08002b7c   0x0000005a   Code   RO          770    .text.HAL_TIM_Base_Init  stm32f4xx_hal_tim.o
    0x08002bd6   0x08002bd6   0x00000002   PAD
    0x08002bd8   0x08002bd8   0x00000002   Code   RO          772    .text.HAL_TIM_Base_MspInit  stm32f4xx_hal_tim.o
    0x08002bda   0x08002bda   0x00000002   PAD
    0x08002bdc   0x08002bdc   0x000000aa   Code   RO          784    .text.HAL_TIM_Base_Start_IT  stm32f4xx_hal_tim.o
    0x08002c86   0x08002c86   0x00000002   PAD
    0x08002c88   0x08002c88   0x00000002   Code   RO          906    .text.HAL_TIM_IC_CaptureCallback  stm32f4xx_hal_tim.o
    0x08002c8a   0x08002c8a   0x00000002   PAD
    0x08002c8c   0x08002c8c   0x0000014e   Code   RO          904    .text.HAL_TIM_IRQHandler  stm32f4xx_hal_tim.o
    0x08002dda   0x08002dda   0x00000002   PAD
    0x08002ddc   0x08002ddc   0x00000002   Code   RO          908    .text.HAL_TIM_OC_DelayElapsedCallback  stm32f4xx_hal_tim.o
    0x08002dde   0x08002dde   0x00000002   PAD
    0x08002de0   0x08002de0   0x00000002   Code   RO          910    .text.HAL_TIM_PWM_PulseFinishedCallback  stm32f4xx_hal_tim.o
    0x08002de2   0x08002de2   0x00000002   PAD
    0x08002de4   0x08002de4   0x0000000e   Code   RO           17    .text.HAL_TIM_PeriodElapsedCallback  main.o
    0x08002df2   0x08002df2   0x00000002   PAD
    0x08002df4   0x08002df4   0x00000002   Code   RO          914    .text.HAL_TIM_TriggerCallback  stm32f4xx_hal_tim.o
    0x08002df6   0x08002df6   0x00000002   PAD
    0x08002df8   0x08002df8   0x00000002   Code   RO         1175    .text.HAL_UARTEx_RxEventCallback  stm32f4xx_hal_uart.o
    0x08002dfa   0x08002dfa   0x00000002   PAD
    0x08002dfc   0x08002dfc   0x00000002   Code   RO         1173    .text.HAL_UART_ErrorCallback  stm32f4xx_hal_uart.o
    0x08002dfe   0x08002dfe   0x00000002   PAD
    0x08002e00   0x08002e00   0x00000060   Code   RO         1089    .text.HAL_UART_Init  stm32f4xx_hal_uart.o
    0x08002e60   0x08002e60   0x0000039c   Code   RO          115    .text.HAL_UART_MspInit  usart.o
    0x080031fc   0x080031fc   0x00000160   Code   RO         1123    .text.HAL_UART_Receive_DMA  stm32f4xx_hal_uart.o
    0x0800335c   0x0800335c   0x0000012e   Code   RO         1337    .text.HAL_UART_RxCpltCallback  usart_task.o
    0x0800348a   0x0800348a   0x00000002   PAD
    0x0800348c   0x0800348c   0x00000002   Code   RO         1183    .text.HAL_UART_RxHalfCpltCallback  stm32f4xx_hal_uart.o
    0x0800348e   0x0800348e   0x00000002   PAD
    0x08003490   0x08003490   0x00000002   Code   RO          138    .text.HardFault_Handler  stm32f4xx_it.o
    0x08003492   0x08003492   0x00000002   PAD
    0x08003494   0x08003494   0x00000006   Code   RO           44    .text.INS_Task      freertos.o
    0x0800349a   0x0800349a   0x00000002   PAD
    0x0800349c   0x0800349c   0x00000320   Code   RO         1312    .text.INS_task      ins_task.o
    0x080037bc   0x080037bc   0x00000040   Code   RO           62    .text.MX_CAN1_Init  can.o
    0x080037fc   0x080037fc   0x00000040   Code   RO           64    .text.MX_CAN2_Init  can.o
    0x0800383c   0x0800383c   0x0000007c   Code   RO           81    .text.MX_DMA_Init   dma.o
    0x080038b8   0x080038b8   0x0000010c   Code   RO           40    .text.MX_FREERTOS_Init  freertos.o
    0x080039c4   0x080039c4   0x000000fe   Code   RO           28    .text.MX_GPIO_Init  gpio.o
    0x08003ac2   0x08003ac2   0x00000002   PAD
    0x08003ac4   0x08003ac4   0x00000052   Code   RO           90    .text.MX_SPI2_Init  spi.o
    0x08003b16   0x08003b16   0x00000002   PAD
    0x08003b18   0x08003b18   0x0000003c   Code   RO          105    .text.MX_UART4_Init  usart.o
    0x08003b54   0x08003b54   0x0000003c   Code   RO          107    .text.MX_UART5_Init  usart.o
    0x08003b90   0x08003b90   0x0000003c   Code   RO          109    .text.MX_USART1_UART_Init  usart.o
    0x08003bcc   0x08003bcc   0x0000003c   Code   RO          111    .text.MX_USART2_UART_Init  usart.o
    0x08003c08   0x08003c08   0x00000046   Code   RO          113    .text.MX_USART6_UART_Init  usart.o
    0x08003c4e   0x08003c4e   0x00000002   PAD
    0x08003c50   0x08003c50   0x00000002   Code   RO          140    .text.MemManage_Handler  stm32f4xx_it.o
    0x08003c52   0x08003c52   0x00000002   PAD
    0x08003c54   0x08003c54   0x00000002   Code   RO          136    .text.NMI_Handler   stm32f4xx_it.o
    0x08003c56   0x08003c56   0x00000002   PAD
    0x08003c58   0x08003c58   0x000000a0   Code   RO         1355    .text.PID_calc      pid.o
    0x08003cf8   0x08003cf8   0x0000002c   Code   RO         1353    .text.PID_init      pid.o
    0x08003d24   0x08003d24   0x0000000c   PAD
    0x08003d30   0x08003d30   0x00000064   Code   RO         1834    .text.PendSV_Handler  port.o
    0x08003d94   0x08003d94   0x000000b2   Code   RO         1369    .text.RotationMatrix_update  mahony_filter.o
    0x08003e46   0x08003e46   0x00000002   PAD
    0x08003e48   0x08003e48   0x00000120   Code   RO          760    .text.SPI_WaitFlagStateUntilTimeout  stm32f4xx_hal_spi.o
    0x08003f68   0x08003f68   0x00000008   PAD
    0x08003f70   0x08003f70   0x00000024   Code   RO         1818    .text.SVC_Handler   port.o
    0x08003f94   0x08003f94   0x00000008   Code   RO           42    .text.StartDefaultTask  freertos.o
    0x08003f9c   0x08003f9c   0x0000002e   Code   RO         1836    .text.SysTick_Handler  port.o
    0x08003fca   0x08003fca   0x00000002   PAD
    0x08003fcc   0x08003fcc   0x000000a8   Code   RO           13    .text.SystemClock_Config  main.o
    0x08004074   0x08004074   0x00000012   Code   RO         1211    .text.SystemInit    system_stm32f4xx.o
    0x08004086   0x08004086   0x00000002   PAD
    0x08004088   0x08004088   0x0000000c   Code   RO          154    .text.TIM2_IRQHandler  stm32f4xx_it.o
    0x08004094   0x08004094   0x0000014c   Code   RO          774    .text.TIM_Base_SetConfig  stm32f4xx_hal_tim.o
    0x080041e0   0x080041e0   0x0000017c   Code   RO         1121    .text.UART_DMAError  stm32f4xx_hal_uart.o
    0x0800435c   0x0800435c   0x0000015e   Code   RO         1199    .text.UART_DMAReceiveCplt  stm32f4xx_hal_uart.o
    0x080044ba   0x080044ba   0x00000002   PAD
    0x080044bc   0x080044bc   0x00000018   Code   RO         1201    .text.UART_DMARxHalfCplt  stm32f4xx_hal_uart.o
    0x080044d4   0x080044d4   0x000000ee   Code   RO         1093    .text.UART_SetConfig  stm32f4xx_hal_uart.o
    0x080045c2   0x080045c2   0x00000002   PAD
    0x080045c4   0x080045c4   0x00000174   Code   RO         1232    .text.USART6_IRQHandler  usart_rc_dbus.o
    0x08004738   0x08004738   0x0000001a   Code   RO         1335    .text.USART_485_init  usart_task.o
    0x08004752   0x08004752   0x00000002   PAD
    0x08004754   0x08004754   0x00000006   Code   RO           48    .text.USART_Task    freertos.o
    0x0800475a   0x0800475a   0x00000002   PAD
    0x0800475c   0x0800475c   0x00000002   Code   RO         1331    .text.USART_task    usart_task.o
    0x0800475e   0x0800475e   0x00000002   PAD
    0x08004760   0x08004760   0x00000002   Code   RO          144    .text.UsageFault_Handler  stm32f4xx_it.o
    0x08004762   0x08004762   0x00000002   PAD
    0x08004764   0x08004764   0x0000013c   Code   RO         1392    .text.bmi088_accel_init  bmi088driver.o
    0x080048a0   0x080048a0   0x0000013e   Code   RO         1394    .text.bmi088_gyro_init  bmi088driver.o
    0x080049de   0x080049de   0x00000002   PAD
    0x080049e0   0x080049e0   0x00000006   Code   RO           46    .text.chassis_Task  freertos.o
    0x080049e6   0x080049e6   0x00000002   PAD
    0x080049e8   0x080049e8   0x00000228   Code   RO         1297    .text.chassis_task  steering_wheel_chassis.o
    0x08004c10   0x08004c10   0x00000032   Code   RO         1377    .text.mahony_init   mahony_filter.o
    0x08004c42   0x08004c42   0x00000002   PAD
    0x08004c44   0x08004c44   0x00000008   Code   RO         1371    .text.mahony_input  mahony_filter.o
    0x08004c4c   0x08004c4c   0x0000003a   Code   RO         1375    .text.mahony_output  mahony_filter.o
    0x08004c86   0x08004c86   0x00000002   PAD
    0x08004c88   0x08004c88   0x000001c6   Code   RO         1373    .text.mahony_update  mahony_filter.o
    0x08004e4e   0x08004e4e   0x00000002   PAD
    0x08004e50   0x08004e50   0x00000082   Code   RO           11    .text.main          main.o
    0x08004ed2   0x08004ed2   0x00000002   PAD
    0x08004ed4   0x08004ed4   0x00000010   Code   RO         1696    .text.osDelay       cmsis_os.o
    0x08004ee4   0x08004ee4   0x0000000a   Code   RO         1678    .text.osKernelStart  cmsis_os.o
    0x08004eee   0x08004eee   0x00000002   PAD
    0x08004ef0   0x08004ef0   0x0000005c   Code   RO         1684    .text.osThreadCreate  cmsis_os.o
    0x08004f4c   0x08004f4c   0x000000fc   Code   RO         1576    .text.prvAddNewTaskToReadyList  tasks.o
    0x08005048   0x08005048   0x00000086   Code   RO         1606    .text.prvIdleTask   tasks.o
    0x080050ce   0x080050ce   0x00000002   PAD
    0x080050d0   0x080050d0   0x00000118   Code   RO         1574    .text.prvInitialiseNewTask  tasks.o
    0x080051e8   0x080051e8   0x00000028   Code   RO         1826    .text.prvPortStartFirstTask  port.o
    0x08005210   0x08005210   0x0000003e   Code   RO         1816    .text.prvTaskExitError  port.o
    0x0800524e   0x0800524e   0x00000002   PAD
    0x08005250   0x08005250   0x000001f4   Code   RO         1792    .text.pvPortMalloc  heap_4.o
    0x08005444   0x08005444   0x00000024   Code   RO         1814    .text.pxPortInitialiseStack  port.o
    0x08005468   0x08005468   0x0000004c   Code   RO         1226    .text.rc_dbus_init  usart_rc_dbus.o
    0x080054b4   0x080054b4   0x00000024   Code   RO         1465    .text.uxListRemove  list.o
    0x080054d8   0x080054d8   0x0000001a   Code   RO           38    .text.vApplicationGetIdleTaskMemory  freertos.o
    0x080054f2   0x080054f2   0x00000002   PAD
    0x080054f4   0x080054f4   0x00000016   Code   RO         1457    .text.vListInitialise  list.o
    0x0800550a   0x0800550a   0x00000002   PAD
    0x0800550c   0x0800550c   0x00000006   Code   RO         1459    .text.vListInitialiseItem  list.o
    0x08005512   0x08005512   0x00000002   PAD
    0x08005514   0x08005514   0x00000062   Code   RO         1463    .text.vListInsert   list.o
    0x08005576   0x08005576   0x00000002   PAD
    0x08005578   0x08005578   0x0000001c   Code   RO         1461    .text.vListInsertEnd  list.o
    0x08005594   0x08005594   0x00000014   Code   RO         1824    .text.vPortEnableVFP  port.o
    0x080055a8   0x080055a8   0x00000046   Code   RO         1830    .text.vPortEnterCritical  port.o
    0x080055ee   0x080055ee   0x00000002   PAD
    0x080055f0   0x080055f0   0x0000002e   Code   RO         1832    .text.vPortExitCritical  port.o
    0x0800561e   0x0800561e   0x00000002   PAD
    0x08005620   0x08005620   0x000000d4   Code   RO         1794    .text.vPortFree     heap_4.o
    0x080056f4   0x080056f4   0x00000034   Code   RO         1822    .text.vPortSetupTimerInterrupt  port.o
    0x08005728   0x08005728   0x0000009e   Code   RO         1582    .text.vTaskDelay    tasks.o
    0x080057c6   0x080057c6   0x00000002   PAD
    0x080057c8   0x080057c8   0x000000cc   Code   RO         1604    .text.vTaskStartScheduler  tasks.o
    0x08005894   0x08005894   0x00000010   Code   RO         1584    .text.vTaskSuspendAll  tasks.o
    0x080058a4   0x080058a4   0x0000006e   Code   RO         1598    .text.vTaskSwitchContext  tasks.o
    0x08005912   0x08005912   0x00000002   PAD
    0x08005914   0x08005914   0x00000188   Code   RO         1820    .text.xPortStartScheduler  port.o
    0x08005a9c   0x08005a9c   0x00000060   Code   RO         1578    .text.xTaskCreate   tasks.o
    0x08005afc   0x08005afc   0x00000076   Code   RO         1572    .text.xTaskCreateStatic  tasks.o
    0x08005b72   0x08005b72   0x00000002   PAD
    0x08005b74   0x08005b74   0x00000106   Code   RO         1610    .text.xTaskIncrementTick  tasks.o
    0x08005c7a   0x08005c7a   0x00000002   PAD
    0x08005c7c   0x08005c7c   0x000000ea   Code   RO         1588    .text.xTaskResumeAll  tasks.o
    0x08005d66   0x08005d66   0x00000026   Code   RO         1907    i.__ARM_fpclassifyf  m_wm.l(fpclassifyf.o)
    0x08005d8c   0x08005d8c   0x0000012c   Code   RO         1877    i.__hardfp_asinf    m_wm.l(asinf.o)
    0x08005eb8   0x08005eb8   0x000002ac   Code   RO         1883    i.__hardfp_atan2f   m_wm.l(atan2f.o)
    0x08006164   0x08006164   0x00000006   Code   RO         1910    i.__mathlib_flt_infnan  m_wm.l(funder.o)
    0x0800616a   0x0800616a   0x00000006   Code   RO         1911    i.__mathlib_flt_infnan2  m_wm.l(funder.o)
    0x08006170   0x08006170   0x00000010   Code   RO         1912    i.__mathlib_flt_invalid  m_wm.l(funder.o)
    0x08006180   0x08006180   0x00000010   Code   RO         1915    i.__mathlib_flt_underflow  m_wm.l(funder.o)
    0x08006190   0x08006190   0x0000003e   Code   RO         1925    i.sqrtf             m_wm.l(sqrtf.o)
    0x080061ce   0x080061ce   0x00000002   PAD
    0x080061d0   0x080061d0   0x00000062   Code   RO         1863    x$fpl$d2f           fz_wm.l(d2f.o)
    0x08006232   0x08006232   0x0000002e   Code   RO         1870    x$fpl$dflt          fz_wm.l(dflt_clz.o)
    0x08006260   0x08006260   0x00000154   Code   RO         1875    x$fpl$dmul          fz_wm.l(dmul.o)
    0x080063b4   0x080063b4   0x0000009c   Code   RO         1900    x$fpl$dnaninf       fz_wm.l(dnaninf.o)
    0x08006450   0x08006450   0x0000000c   Code   RO         1902    x$fpl$dretinf       fz_wm.l(dretinf.o)
    0x0800645c   0x0800645c   0x0000001a   Code   RO         2040    x$fpl$fpinit        fz_wm.l(fpinit.o)
    0x08006476   0x08006476   0x0000000a   Code   RO         1904    x$fpl$fretinf       fz_wm.l(fretinf.o)
    0x08006480   0x08006480   0x00000000   Code   RO         1906    x$fpl$usenofp       fz_wm.l(usenofp.o)
    0x08006480   0x08006480   0x00000010   Data   RO         1216    .rodata.AHBPrescTable  system_stm32f4xx.o
    0x08006490   0x08006490   0x00000008   Data   RO         1217    .rodata.APBPrescTable  system_stm32f4xx.o
    0x08006498   0x08006498   0x00000008   Data   RO          443    .rodata.cst8        stm32f4xx_hal_dma.o
    0x080064a0   0x080064a0   0x0000002d   Data   RO           52    .rodata.str1.1      freertos.o
    0x080064cd   0x080064cd   0x00000012   Data   RO         1398    .rodata.write_BMI088_accel_reg_data_error  bmi088driver.o
    0x080064df   0x080064df   0x00000012   Data   RO         1399    .rodata.write_BMI088_gyro_reg_data_error  bmi088driver.o
    0x080064f1   0x080064f1   0x00000003   PAD
    0x080064f4   0x080064f4   0x00000020   Data   RO         2101    Region$$Table       anon$$obj.o


    Execution Region RW_IRAM1 (Exec base: 0x20000000, Load base: 0x08006518, Size: 0x00008de8, Max: 0x0001c000, ABSOLUTE)

    Exec Addr    Load Addr    Size         Type   Attr      Idx    E Section Name        Object

    0x20000000   0x08006518   0x00000008   Data   RW          621    .data..L_MergedGlobals  stm32f4xx_hal.o
    0x20000008   0x08006520   0x0000000c   Data   RW         1400    .data..L_MergedGlobals  bmi088driver.o
    0x20000014   0x0800652c   0x00000004   Data   RW         1215    .data.SystemCoreClock  system_stm32f4xx.o
    0x20000018   0x08006530   0x0000000c   Data   RW         1318    .data.gravity       ins_task.o
    0x20000024   0x0800653c   0x00000004   Data   RW         1840    .data.uxCriticalNesting  port.o
    0x20000028        -       0x00000060   Zero   RW         1952    .bss                c_w.l(libspace.o)
    0x20000088        -       0x00000010   Zero   RW           53    .bss..L_MergedGlobals  freertos.o
    0x20000098        -       0x0000003a   Zero   RW         1234    .bss..L_MergedGlobals  usart_rc_dbus.o
    0x200000d2   0x08006540   0x00000006   PAD
    0x200000d8        -       0x00000028   Zero   RW         1286    .bss..L_MergedGlobals  bsp_dwt.o
    0x20000100        -       0x00000024   Zero   RW         1322    .bss..L_MergedGlobals  ins_task.o
    0x20000124        -       0x0000002a   Zero   RW         1340    .bss..L_MergedGlobals  usart_task.o
    0x2000014e   0x08006540   0x00000002   PAD
    0x20000150        -       0x00000078   Zero   RW         1667    .bss..L_MergedGlobals  tasks.o
    0x200001c8        -       0x00000020   Zero   RW         1805    .bss..L_MergedGlobals  heap_4.o
    0x200001e8        -       0x00000008   Zero   RW         1841    .bss..L_MergedGlobals  port.o
    0x200001f0        -       0x00000028   Zero   RW         1668    .bss..L_MergedGlobals.2  tasks.o
    0x20000218        -       0x00000064   Zero   RW         1401    .bss..L_MergedGlobals.3  bmi088driver.o
    0x2000027c        -       0x00000004   Zero   RW         1420    .bss.BMI088_SPI     bmi088middleware.o
    0x20000280        -       0x00000228   Zero   RW         1301    .bss.ChassisHandle  steering_wheel_chassis.o
    0x200004a8        -       0x00000004   Zero   RW           72    .bss.HAL_RCC_CAN1_CLK_ENABLED  can.o
    0x200004ac        -       0x00000094   Zero   RW         1320    .bss.INS            ins_task.o
    0x20000540        -       0x00000028   Zero   RW           70    .bss.hcan1          can.o
    0x20000568        -       0x00000028   Zero   RW           71    .bss.hcan2          can.o
    0x20000590        -       0x00000024   Zero   RW         1257    .bss.hcanRxFrame    can_receive.o
    0x200005b4        -       0x00000060   Zero   RW          124    .bss.hdma_uart4_rx  usart.o
    0x20000614        -       0x00000060   Zero   RW          125    .bss.hdma_uart4_tx  usart.o
    0x20000674        -       0x00000060   Zero   RW          126    .bss.hdma_usart1_rx  usart.o
    0x200006d4        -       0x00000060   Zero   RW          127    .bss.hdma_usart6_rx  usart.o
    0x20000734        -       0x00000058   Zero   RW           96    .bss.hspi2          spi.o
    0x2000078c        -       0x00000048   Zero   RW          182    .bss.htim2          stm32f4xx_hal_timebase_tim.o
    0x200007d4        -       0x00000048   Zero   RW          121    .bss.huart1         usart.o
    0x2000081c        -       0x00000048   Zero   RW          122    .bss.huart2         usart.o
    0x20000864        -       0x00000048   Zero   RW          119    .bss.huart4         usart.o
    0x200008ac        -       0x00000048   Zero   RW          120    .bss.huart5         usart.o
    0x200008f4        -       0x00000048   Zero   RW          123    .bss.huart6         usart.o
    0x2000093c        -       0x00000084   Zero   RW         1319    .bss.mahony         ins_task.o
    0x200009c0        -       0x000001a0   Zero   RW         1258    .bss.motor_chassis  can_receive.o
    0x20000b60        -       0x000001a0   Zero   RW         1259    .bss.motor_gimbal   can_receive.o
    0x20000d00        -       0x0000008c   Zero   RW         1666    .bss.pxReadyTasksLists  tasks.o
    0x20000d8c        -       0x00007800   Zero   RW         1804    .bss.ucHeap         heap_4.o
    0x2000858c        -       0x00000004   Zero   RW          620    .bss.uwTick         stm32f4xx_hal.o
    0x20008590        -       0x00000200   Zero   RW           51    .bss.xIdleStack     freertos.o
    0x20008790        -       0x00000054   Zero   RW           50    .bss.xIdleTaskTCBBuffer  freertos.o
    0x200087e4   0x08006540   0x00000004   PAD
    0x200087e8        -       0x00000200   Zero   RW            2    HEAP                startup_stm32f407xx.o
    0x200089e8        -       0x00000400   Zero   RW            1    STACK               startup_stm32f407xx.o


    Execution Region RW_IRAM2 (Exec base: 0x2001c000, Load base: 0x08006540, Size: 0x00000000, Max: 0x00004000, ABSOLUTE)

    **** No section assigned to this execution region ****


==============================================================================

Image component sizes


      Code (inc. data)   RO Data    RW Data    ZI Data      Debug   Object Name

      2816         40         36         12        100      10035   bmi088driver.o
       122          0          0          0          4       4258   bmi088middleware.o
       526          8          0          0         40       4900   bsp_dwt.o
       430          0          0          0         84       6659   can.o
       272          0          0          0        868       6950   can_receive.o
       118          0          0          0          0      24950   cmsis_os.o
       124          0          0          0          0       3506   dma.o
       320        112         45          0        612       3758   freertos.o
       254          0          0          0          0       2464   gpio.o
       712          0          0          0      30752       5749   heap_4.o
       800         32          0         12        316       4400   ins_task.o
       190          0          0          0          0       2320   list.o
       748          0          0          0          0       3274   mahony_filter.o
       318          0          0          0          0       7869   main.o
       204          0          0          0          0       3115   pid.o
       900         16          0          4          8       4343   port.o
       190          0          0          0         88       5252   spi.o
        64         26        392          0       1536        840   startup_stm32f407xx.o
       552         16          0          0        552       4353   steering_wheel_chassis.o
       132          0          0          8          4       7300   stm32f4xx_hal.o
      1698          6          0          0          0      13823   stm32f4xx_hal_can.o
       152          0          0          0          0      10754   stm32f4xx_hal_cortex.o
       964          6          8          0          0      10731   stm32f4xx_hal_dma.o
       114          0          0          0          0       4811   stm32f4xx_hal_dma_ex.o
       440          0          0          0          0       5328   stm32f4xx_hal_gpio.o
        66          0          0          0          0       3532   stm32f4xx_hal_msp.o
      1544          0          0          0          0       7380   stm32f4xx_hal_rcc.o
      1314          0          0          0          0      26324   stm32f4xx_hal_spi.o
       936          0          0          0          0      55569   stm32f4xx_hal_tim.o
         4          0          0          0          0      21019   stm32f4xx_hal_tim_ex.o
       184          0          0          0         72       7231   stm32f4xx_hal_timebase_tim.o
      1446          0          0          0          0      32099   stm32f4xx_hal_uart.o
        84          0          0          0          0       6268   stm32f4xx_it.o
        18          0         24          4          0       2644   system_stm32f4xx.o
      1864          8          0          0        300      28102   tasks.o
      1234          0          0          0        744       8743   usart.o
       448          0          0          0         58       5500   usart_rc_dbus.o
       330          0          0          0         42       4951   usart_task.o

    ----------------------------------------------------------------------
     22842        270        540         40      36192     371104   Object Totals
         0          0         32          0          0          0   (incl. Generated)
       210          0          3          0         12          0   (incl. Padding)

    ----------------------------------------------------------------------

      Code (inc. data)   RO Data    RW Data    ZI Data      Debug   Library Member Name

         8          0          0          0          0         68   __main.o
         0          0          0          0          0          0   __rtentry.o
        12          0          0          0          0          0   __rtentry2.o
         6          0          0          0          0          0   __rtentry4.o
        94          8          0          0          0          0   __scatter.o
        26          0          0          0          0          0   __scatter_copy.o
        28          0          0          0          0          0   __scatter_zi.o
        22          0          0          0          0        100   _rserrno.o
        18          0          0          0          0         80   exit.o
         6          0          0          0          0        152   heapauxi.o
         0          0          0          0          0          0   indicate_semi.o
         2          0          0          0          0          0   libinit.o
         6          0          0          0          0          0   libinit2.o
         2          0          0          0          0          0   libshutdown.o
         2          0          0          0          0          0   libshutdown2.o
         8          4          0          0         96         68   libspace.o
       240          0          0          0          0        100   lludivv7m.o
         8          4          0          0          0         68   rt_errno_addr_intlibspace.o
        78          0          0          0          0         80   rt_memclr_w.o
         2          0          0          0          0          0   rtexit.o
        10          0          0          0          0          0   rtexit2.o
        12          4          0          0          0         68   sys_exit.o
        74          0          0          0          0         80   sys_stackheap_outer.o
         2          0          0          0          0         68   use_no_semi.o
        98          4          0          0          0        140   d2f.o
        46          0          0          0          0        116   dflt_clz.o
       340         12          0          0          0        152   dmul.o
       156          4          0          0          0        140   dnaninf.o
        12          0          0          0          0        116   dretinf.o
        26          0          0          0          0        116   fpinit.o
        10          0          0          0          0        116   fretinf.o
         0          0          0          0          0          0   usenofp.o
       300         42          0          0          0        176   asinf.o
       684         90          0          0          0        208   atan2f.o
        38          0          0          0          0        116   fpclassifyf.o
        44         12          0          0          0        464   funder.o
        62          0          0          0          0        136   sqrtf.o

    ----------------------------------------------------------------------
      2494        184          0          0         96       2928   Library Totals
        12          0          0          0          0          0   (incl. Padding)

    ----------------------------------------------------------------------

      Code (inc. data)   RO Data    RW Data    ZI Data      Debug   Library Name

       666         20          0          0         96        932   c_w.l
       688         20          0          0          0        896   fz_wm.l
      1128        144          0          0          0       1100   m_wm.l

    ----------------------------------------------------------------------
      2494        184          0          0         96       2928   Library Totals

    ----------------------------------------------------------------------

==============================================================================


      Code (inc. data)   RO Data    RW Data    ZI Data      Debug   

     25336        454        540         40      36288     371716   Grand Totals
     25336        454        540         40      36288     371716   ELF Image Totals
     25336        454        540         40          0          0   ROM Totals

==============================================================================

    Total RO  Size (Code + RO Data)                25876 (  25.27kB)
    Total RW  Size (RW Data + ZI Data)             36328 (  35.48kB)
    Total ROM Size (Code + RO Data + RW Data)      25916 (  25.31kB)

==============================================================================

